Component: ARM Compiler 5.05 update 1 (build 106) Tool: armlink [4d0efa]

==============================================================================

Section Cross References

    main.o(.text) refers to delay.o(.text) for delay_ms
    main.o(.text) refers to stm32f4xx_exti.o(.text) for EXTI_GetITStatus
    main.o(.text) refers to lcd.o(.text) for LCD_ShowNum
    main.o(.text) refers to misc.o(.text) for NVIC_PriorityGroupConfig
    main.o(.text) refers to usart.o(.text) for uart_init
    main.o(.text) refers to adc.o(.text) for Adc_Init
    main.o(.text) refers to led.o(.text) for LED_Init
    main.o(.text) refers to beep.o(.text) for BEEP_Init
    main.o(.text) refers to exit.o(.text) for MYEXIT_Init
    main.o(.text) refers to key.o(.text) for KEY_Init
    main.o(.text) refers to w25qxx.o(.text) for W25QXX_Init
    main.o(.text) refers to usart3.o(.text) for usart3_init
    main.o(.text) refers to malloc.o(.text) for my_mem_init
    main.o(.text) refers to exfuns.o(.text) for exfuns_init
    main.o(.text) refers to ff.o(.text) for f_mount
    main.o(.text) refers to sdio_sdcard.o(.text) for SD_Init
    main.o(.text) refers to fontupd.o(.text) for font_init
    main.o(.text) refers to 24l01.o(.text) for NRF24L01_Init
    main.o(.text) refers to dht11.o(.text) for DHT11_Init
    main.o(.text) refers to sim800c.o(.text) for gprs_init
    main.o(.text) refers to text.o(.text) for Show_Str
    main.o(.text) refers to main.o(.data) for sum
    main.o(.text) refers to usmart_config.o(.data) for usmart_dev
    main.o(.text) refers to exfuns.o(.data) for fs
    main.o(.text) refers to lcd.o(.data) for POINT_COLOR
    main.o(.text) refers to f2d.o(x$fpl$f2d) for __aeabi_f2d
    main.o(.text) refers to dmul.o(x$fpl$dmul) for __aeabi_dmul
    main.o(.text) refers to d2f.o(x$fpl$d2f) for __aeabi_d2f
    main.o(.text) refers to main.o(.bss) for VOL
    main.o(.text) refers to lcd.o(.bss) for lcddev
    system_stm32f4xx.o(.text) refers to system_stm32f4xx.o(.data) for SystemCoreClock
    startup_stm32f40_41xxx.o(STACK) refers (Special) to heapauxi.o(.text) for __use_two_region_memory
    startup_stm32f40_41xxx.o(HEAP) refers (Special) to heapauxi.o(.text) for __use_two_region_memory
    startup_stm32f40_41xxx.o(RESET) refers (Special) to heapauxi.o(.text) for __use_two_region_memory
    startup_stm32f40_41xxx.o(RESET) refers to startup_stm32f40_41xxx.o(STACK) for __initial_sp
    startup_stm32f40_41xxx.o(RESET) refers to startup_stm32f40_41xxx.o(.text) for Reset_Handler
    startup_stm32f40_41xxx.o(RESET) refers to stm32f4xx_it.o(.text) for NMI_Handler
    startup_stm32f40_41xxx.o(RESET) refers to main.o(.text) for EXTI0_IRQHandler
    startup_stm32f40_41xxx.o(RESET) refers to usmart.o(.text) for TIM4_IRQHandler
    startup_stm32f40_41xxx.o(RESET) refers to usart.o(.text) for USART1_IRQHandler
    startup_stm32f40_41xxx.o(RESET) refers to usart3.o(.text) for USART3_IRQHandler
    startup_stm32f40_41xxx.o(RESET) refers to sdio_sdcard.o(.text) for SDIO_IRQHandler
    startup_stm32f40_41xxx.o(RESET) refers to timer.o(.text) for TIM7_IRQHandler
    startup_stm32f40_41xxx.o(.text) refers (Special) to heapauxi.o(.text) for __use_two_region_memory
    startup_stm32f40_41xxx.o(.text) refers to system_stm32f4xx.o(.text) for SystemInit
    startup_stm32f40_41xxx.o(.text) refers to __main.o(!!!main) for __main
    startup_stm32f40_41xxx.o(.text) refers to startup_stm32f40_41xxx.o(HEAP) for Heap_Mem
    startup_stm32f40_41xxx.o(.text) refers to startup_stm32f40_41xxx.o(STACK) for Stack_Mem
    stm32f4xx_gpio.o(.text) refers to stm32f4xx_rcc.o(.text) for RCC_AHB1PeriphResetCmd
    stm32f4xx_rcc.o(.text) refers to stm32f4xx_rcc.o(.data) for APBAHBPrescTable
    stm32f4xx_usart.o(.text) refers to stm32f4xx_rcc.o(.text) for RCC_APB2PeriphResetCmd
    stm32f4xx_syscfg.o(.text) refers to stm32f4xx_rcc.o(.text) for RCC_APB2PeriphResetCmd
    stm32f4xx_fsmc.o(.text) refers to stm32f4xx_fsmc.o(.constdata) for FSMC_DefaultTimingStruct
    stm32f4xx_adc.o(.text) refers to stm32f4xx_rcc.o(.text) for RCC_APB2PeriphResetCmd
    stm32f4xx_spi.o(.text) refers to stm32f4xx_rcc.o(.text) for RCC_APB2PeriphResetCmd
    stm32f4xx_tim.o(.text) refers to stm32f4xx_rcc.o(.text) for RCC_APB2PeriphResetCmd
    stm32f4xx_sdio.o(.text) refers to stm32f4xx_rcc.o(.text) for RCC_APB2PeriphResetCmd
    delay.o(.text) refers to misc.o(.text) for SysTick_CLKSourceConfig
    delay.o(.text) refers to delay.o(.data) for fac_us
    usart.o(.rev16_text) refers (Special) to use_no_semi_2.o(.text) for __use_no_semihosting
    usart.o(.revsh_text) refers (Special) to use_no_semi_2.o(.text) for __use_no_semihosting
    usart.o(.text) refers (Special) to use_no_semi_2.o(.text) for __use_no_semihosting
    usart.o(.text) refers to stm32f4xx_rcc.o(.text) for RCC_AHB1PeriphClockCmd
    usart.o(.text) refers to stm32f4xx_gpio.o(.text) for GPIO_PinAFConfig
    usart.o(.text) refers to stm32f4xx_usart.o(.text) for USART_Init
[...]
    SYSCFG_CompensationCellCmd               0x080025bd   Thumb Code     6  stm32f4xx_syscfg.o(.text)
    SYSCFG_GetCompensationCellStatus         0x080025c3   Thumb Code    22  stm32f4xx_syscfg.o(.text)
    FSMC_NORSRAMDeInit                       0x080025e5   Thumb Code    54  stm32f4xx_fsmc.o(.text)
    FSMC_NORSRAMInit                         0x0800261b   Thumb Code   230  stm32f4xx_fsmc.o(.text)
    FSMC_NORSRAMStructInit                   0x08002701   Thumb Code    48  stm32f4xx_fsmc.o(.text)
    FSMC_NORSRAMCmd                          0x08002731   Thumb Code    46  stm32f4xx_fsmc.o(.text)
    FSMC_NANDDeInit                          0x0800275f   Thumb Code    62  stm32f4xx_fsmc.o(.text)
    FSMC_NANDInit                            0x0800279d   Thumb Code   132  stm32f4xx_fsmc.o(.text)
    FSMC_NANDStructInit                      0x08002821   Thumb Code    54  stm32f4xx_fsmc.o(.text)
    FSMC_NANDCmd                             0x08002857   Thumb Code    86  stm32f4xx_fsmc.o(.text)
    FSMC_NANDECCCmd                          0x080028ad   Thumb Code    86  stm32f4xx_fsmc.o(.text)
    FSMC_GetECC                              0x08002903   Thumb Code    24  stm32f4xx_fsmc.o(.text)
    FSMC_PCCARDDeInit                        0x0800291b   Thumb Code    36  stm32f4xx_fsmc.o(.text)
    FSMC_PCCARDInit                          0x0800293f   Thumb Code   130  stm32f4xx_fsmc.o(.text)
    FSMC_PCCARDStructInit                    0x080029c1   Thumb Code    60  stm32f4xx_fsmc.o(.text)
    FSMC_PCCARDCmd                           0x080029fd   Thumb Code    44  stm32f4xx_fsmc.o(.text)
    FSMC_ITConfig                            0x08002a29   Thumb Code   128  stm32f4xx_fsmc.o(.text)
    FSMC_GetFlagStatus                       0x08002aa9   Thumb Code    54  stm32f4xx_fsmc.o(.text)
    FSMC_ClearFlag                           0x08002adf   Thumb Code    74  stm32f4xx_fsmc.o(.text)
    FSMC_GetITStatus                         0x08002b29   Thumb Code    62  stm32f4xx_fsmc.o(.text)
    FSMC_ClearITPendingBit                   0x08002b67   Thumb Code    66  stm32f4xx_fsmc.o(.text)
    ADC_DeInit                               0x08002bad   Thumb Code    22  stm32f4xx_adc.o(.text)
    ADC_Init                                 0x08002bc3   Thumb Code    74  stm32f4xx_adc.o(.text)
    ADC_StructInit                           0x08002c0d   Thumb Code    20  stm32f4xx_adc.o(.text)
    ADC_CommonInit                           0x08002c21   Thumb Code    34  stm32f4xx_adc.o(.text)
    ADC_CommonStructInit                     0x08002c43   Thumb Code    12  stm32f4xx_adc.o(.text)
    ADC_Cmd                                  0x08002c4f   Thumb Code    22  stm32f4xx_adc.o(.text)
    ADC_AnalogWatchdogCmd                    0x08002c65   Thumb Code    16  stm32f4xx_adc.o(.text)
    ADC_AnalogWatchdogThresholdsConfig       0x08002c75   Thumb Code     6  stm32f4xx_adc.o(.text)
    ADC_AnalogWatchdogSingleChannelConfig    0x08002c7b   Thumb Code    16  stm32f4xx_adc.o(.text)
    ADC_TempSensorVrefintCmd                 0x08002c8b   Thumb Code    34  stm32f4xx_adc.o(.text)
    ADC_VBATCmd                              0x08002cad   Thumb Code    34  stm32f4xx_adc.o(.text)
    ADC_RegularChannelConfig                 0x08002ccf   Thumb Code   184  stm32f4xx_adc.o(.text)
    ADC_SoftwareStartConv                    0x08002d87   Thumb Code    10  stm32f4xx_adc.o(.text)
    ADC_GetSoftwareStartConvStatus           0x08002d91   Thumb Code    20  stm32f4xx_adc.o(.text)
    ADC_EOCOnEachRegularChannelCmd           0x08002da5   Thumb Code    22  stm32f4xx_adc.o(.text)
    ADC_ContinuousModeCmd                    0x08002dbb   Thumb Code    22  stm32f4xx_adc.o(.text)
    ADC_DiscModeChannelCountConfig           0x08002dd1   Thumb Code    24  stm32f4xx_adc.o(.text)
    ADC_DiscModeCmd                          0x08002de9   Thumb Code    22  stm32f4xx_adc.o(.text)
    ADC_GetConversionValue                   0x08002dff   Thumb Code     8  stm32f4xx_adc.o(.text)
    ADC_GetMultiModeConversionValue          0x08002e07   Thumb Code     8  stm32f4xx_adc.o(.text)
    ADC_DMACmd                               0x08002e0f   Thumb Code    22  stm32f4xx_adc.o(.text)
    ADC_DMARequestAfterLastTransferCmd       0x08002e25   Thumb Code    22  stm32f4xx_adc.o(.text)
    ADC_MultiModeDMARequestAfterLastTransferCmd 0x08002e3b   Thumb Code    34  stm32f4xx_adc.o(.text)
    ADC_InjectedChannelConfig                0x08002e5d   Thumb Code   130  stm32f4xx_adc.o(.text)
    ADC_InjectedSequencerLengthConfig        0x08002edf   Thumb Code    24  stm32f4xx_adc.o(.text)
    ADC_SetInjectedOffset                    0x08002ef7   Thumb Code    20  stm32f4xx_adc.o(.text)
    ADC_ExternalTrigInjectedConvConfig       0x08002f0b   Thumb Code    16  stm32f4xx_adc.o(.text)
    ADC_ExternalTrigInjectedConvEdgeConfig   0x08002f1b   Thumb Code    16  stm32f4xx_adc.o(.text)
    ADC_SoftwareStartInjectedConv            0x08002f2b   Thumb Code    10  stm32f4xx_adc.o(.text)
    ADC_GetSoftwareStartInjectedConvCmdStatus 0x08002f35   Thumb Code    20  stm32f4xx_adc.o(.text)
    ADC_AutoInjectedConvCmd                  0x08002f49   Thumb Code    22  stm32f4xx_adc.o(.text)
    ADC_InjectedDiscModeCmd                  0x08002f5f   Thumb Code    22  stm32f4xx_adc.o(.text)
    ADC_GetInjectedConversionValue           0x08002f75   Thumb Code    28  stm32f4xx_adc.o(.text)
    ADC_ITConfig                             0x08002f91   Thumb Code    56  stm32f4xx_adc.o(.text)
    ADC_GetFlagStatus                        0x08002fc9   Thumb Code    18  stm32f4xx_adc.o(.text)
    ADC_ClearFlag                            0x08002fdb   Thumb Code     6  stm32f4xx_adc.o(.text)
    ADC_GetITStatus                          0x08002fe1   Thumb Code    38  stm32f4xx_adc.o(.text)
    ADC_ClearITPendingBit                    0x08003007   Thumb Code    10  stm32f4xx_adc.o(.text)
    SPI_I2S_DeInit                           0x08003011   Thumb Code   152  stm32f4xx_spi.o(.text)
    SPI_Init                                 0x080030a9   Thumb Code    60  stm32f4xx_spi.o(.text)
    I2S_Init                                 0x080030e5   Thumb Code   396  stm32f4xx_spi.o(.text)
    SPI_StructInit                           0x08003271   Thumb Code    24  stm32f4xx_spi.o(.text)
    I2S_StructInit                           0x08003289   Thumb Code    20  stm32f4xx_spi.o(.text)
    SPI_Cmd                                  0x0800329d   Thumb Code    24  stm32f4xx_spi.o(.text)
    I2S_Cmd                                  0x080032b5   Thumb Code    24  stm32f4xx_spi.o(.text)
    SPI_DataSizeConfig                       0x080032cd   Thumb Code    18  stm32f4xx_spi.o(.text)
    SPI_BiDirectionalLineConfig              0x080032df   Thumb Code    28  stm32f4xx_spi.o(.text)
    SPI_NSSInternalSoftwareConfig            0x080032fb   Thumb Code    30  stm32f4xx_spi.o(.text)
    SPI_SSOutputCmd                          0x08003319   Thumb Code    24  stm32f4xx_spi.o(.text)
    SPI_TIModeCmd                            0x08003331   Thumb Code    24  stm32f4xx_spi.o(.text)
    I2S_FullDuplexConfig                     0x08003349   Thumb Code    80  stm32f4xx_spi.o(.text)
    SPI_I2S_ReceiveData                      0x08003399   Thumb Code     6  stm32f4xx_spi.o(.text)
    SPI_I2S_SendData                         0x0800339f   Thumb Code     4  stm32f4xx_spi.o(.text)
    SPI_CalculateCRC                         0x080033a3   Thumb Code    24  stm32f4xx_spi.o(.text)
    SPI_TransmitCRC                          0x080033bb   Thumb Code    10  stm32f4xx_spi.o(.text)
    SPI_GetCRC                               0x080033c5   Thumb Code    16  stm32f4xx_spi.o(.text)
    SPI_GetCRCPolynomial                     0x080033d5   Thumb Code     6  stm32f4xx_spi.o(.text)
    SPI_I2S_DMACmd                           0x080033db   Thumb Code    18  stm32f4xx_spi.o(.text)
    SPI_I2S_ITConfig                         0x080033ed   Thumb Code    68  stm32f4xx_spi.o(.text)
    SPI_I2S_GetFlagStatus                    0x08003431   Thumb Code    18  stm32f4xx_spi.o(.text)
    SPI_I2S_ClearFlag                        0x08003443   Thumb Code     6  stm32f4xx_spi.o(.text)
    SPI_I2S_GetITStatus                      0x08003449   Thumb Code    52  stm32f4xx_spi.o(.text)
    SPI_I2S_ClearITPendingBit                0x0800347d   Thumb Code    20  stm32f4xx_spi.o(.text)
    TIM_DeInit                               0x08003491   Thumb Code   346  stm32f4xx_tim.o(.text)
    TIM_TimeBaseInit                         0x080035eb   Thumb Code   104  stm32f4xx_tim.o(.text)
    TIM_TimeBaseStructInit                   0x08003653   Thumb Code    18  stm32f4xx_tim.o(.text)
    TIM_PrescalerConfig                      0x08003665   Thumb Code     6  stm32f4xx_tim.o(.text)
    TIM_CounterModeConfig                    0x0800366b   Thumb Code    18  stm32f4xx_tim.o(.text)
    TIM_SetCounter                           0x0800367d   Thumb Code     4  stm32f4xx_tim.o(.text)
    TIM_SetAutoreload                        0x08003681   Thumb Code     4  stm32f4xx_tim.o(.text)
    TIM_GetCounter                           0x08003685   Thumb Code     6  stm32f4xx_tim.o(.text)
    TIM_GetPrescaler                         0x0800368b   Thumb Code     6  stm32f4xx_tim.o(.text)
    TIM_UpdateDisableConfig                  0x08003691   Thumb Code    24  stm32f4xx_tim.o(.text)
    TIM_UpdateRequestConfig                  0x080036a9   Thumb Code    24  stm32f4xx_tim.o(.text)
    TIM_ARRPreloadConfig                     0x080036c1   Thumb Code    24  stm32f4xx_tim.o(.text)
    TIM_SelectOnePulseMode                   0x080036d9   Thumb Code    18  stm32f4xx_tim.o(.text)
    TIM_SetClockDivision                     0x080036eb   Thumb Code    18  stm32f4xx_tim.o(.text)
    TIM_Cmd                                  0x080036fd   Thumb Code    24  stm32f4xx_tim.o(.text)
    TIM_OC1Init                              0x08003715   Thumb Code   114  stm32f4xx_tim.o(.text)
    TIM_OC2Init                              0x08003787   Thumb Code   154  stm32f4xx_tim.o(.text)
    TIM_OC3Init                              0x08003821   Thumb Code   204  stm32f4xx_tim.o(.text)
    TIM_OC4Init                              0x080038ed   Thumb Code   112  stm32f4xx_tim.o(.text)
    TIM_OCStructInit                         0x0800395d   Thumb Code    20  stm32f4xx_tim.o(.text)
    TIM_SelectOCxM                           0x08003971   Thumb Code    86  stm32f4xx_tim.o(.text)
    TIM_SetCompare1                          0x080039c7   Thumb Code     4  stm32f4xx_tim.o(.text)
    TIM_SetCompare2                          0x080039cb   Thumb Code     4  stm32f4xx_tim.o(.text)
    TIM_SetCompare3                          0x080039cf   Thumb Code     4  stm32f4xx_tim.o(.text)
    TIM_SetCompare4                          0x080039d3   Thumb Code     4  stm32f4xx_tim.o(.text)
    TIM_ForcedOC1Config                      0x080039d7   Thumb Code    18  stm32f4xx_tim.o(.text)
    TIM_ForcedOC2Config                      0x080039e9   Thumb Code    26  stm32f4xx_tim.o(.text)
    TIM_ForcedOC3Config                      0x08003a03   Thumb Code    18  stm32f4xx_tim.o(.text)
    TIM_ForcedOC4Config                      0x08003a15   Thumb Code    26  stm32f4xx_tim.o(.text)
    TIM_OC1PreloadConfig                     0x08003a2f   Thumb Code    18  stm32f4xx_tim.o(.text)
    TIM_OC2PreloadConfig                     0x08003a41   Thumb Code    26  stm32f4xx_tim.o(.text)
    TIM_OC3PreloadConfig                     0x08003a5b   Thumb Code    18  stm32f4xx_tim.o(.text)
    TIM_OC4PreloadConfig                     0x08003a6d   Thumb Code    26  stm32f4xx_tim.o(.text)
    TIM_OC1FastConfig                        0x08003a87   Thumb Code    18  stm32f4xx_tim.o(.text)
    TIM_OC2FastConfig                        0x08003a99   Thumb Code    26  stm32f4xx_tim.o(.text)
    TIM_OC3FastConfig                        0x08003ab3   Thumb Code    18  stm32f4xx_tim.o(.text)
    TIM_OC4FastConfig                        0x08003ac5   Thumb Code    26  stm32f4xx_tim.o(.text)
    TIM_ClearOC1Ref                          0x08003adf   Thumb Code    18  stm32f4xx_tim.o(.text)
    TIM_ClearOC2Ref                          0x08003af1   Thumb Code    24  stm32f4xx_tim.o(.text)
    TIM_ClearOC3Ref                          0x08003b09   Thumb Code    18  stm32f4xx_tim.o(.text)
    TIM_ClearOC4Ref                          0x08003b1b   Thumb Code    24  stm32f4xx_tim.o(.text)
    TIM_OC1PolarityConfig                    0x08003b33   Thumb Code    18  stm32f4xx_tim.o(.text)
    TIM_OC1NPolarityConfig                   0x08003b45   Thumb Code    18  stm32f4xx_tim.o(.text)
    TIM_OC2PolarityConfig                    0x08003b57   Thumb Code    26  stm32f4xx_tim.o(.text)
    TIM_OC2NPolarityConfig                   0x08003b71   Thumb Code    26  stm32f4xx_tim.o(.text)
    TIM_OC3PolarityConfig                    0x08003b8b   Thumb Code    26  stm32f4xx_tim.o(.text)
    TIM_OC3NPolarityConfig                   0x08003ba5   Thumb Code    26  stm32f4xx_tim.o(.text)
    TIM_OC4PolarityConfig                    0x08003bbf   Thumb Code    26  stm32f4xx_tim.o(.text)
    TIM_CCxCmd                               0x08003bd9   Thumb Code    30  stm32f4xx_tim.o(.text)
    TIM_CCxNCmd                              0x08003bf7   Thumb Code    30  stm32f4xx_tim.o(.text)
    TIM_SetIC4Prescaler                      0x08003c15   Thumb Code    26  stm32f4xx_tim.o(.text)
    TIM_SetIC3Prescaler                      0x08003c7f   Thumb Code    18  stm32f4xx_tim.o(.text)
    TIM_SetIC2Prescaler                      0x08003cd9   Thumb Code    26  stm32f4xx_tim.o(.text)
    TIM_SetIC1Prescaler                      0x08003d4d   Thumb Code    18  stm32f4xx_tim.o(.text)
    TIM_ICInit                               0x08003d99   Thumb Code   110  stm32f4xx_tim.o(.text)
    TIM_ICStructInit                         0x08003e07   Thumb Code    18  stm32f4xx_tim.o(.text)
    TIM_PWMIConfig                           0x08003e19   Thumb Code   124  stm32f4xx_tim.o(.text)
    TIM_GetCapture1                          0x08003e95   Thumb Code     6  stm32f4xx_tim.o(.text)
    TIM_GetCapture2                          0x08003e9b   Thumb Code     6  stm32f4xx_tim.o(.text)
    TIM_GetCapture3                          0x08003ea1   Thumb Code     6  stm32f4xx_tim.o(.text)
    TIM_GetCapture4                          0x08003ea7   Thumb Code     6  stm32f4xx_tim.o(.text)
    TIM_BDTRConfig                           0x08003ead   Thumb Code    32  stm32f4xx_tim.o(.text)
    TIM_BDTRStructInit                       0x08003ecd   Thumb Code    18  stm32f4xx_tim.o(.text)
    TIM_CtrlPWMOutputs                       0x08003edf   Thumb Code    30  stm32f4xx_tim.o(.text)
    TIM_SelectCOM                            0x08003efd   Thumb Code    24  stm32f4xx_tim.o(.text)
    TIM_CCPreloadControl                     0x08003f15   Thumb Code    24  stm32f4xx_tim.o(.text)
    TIM_ITConfig                             0x08003f2d   Thumb Code    18  stm32f4xx_tim.o(.text)
    TIM_GenerateEvent                        0x08003f3f   Thumb Code     4  stm32f4xx_tim.o(.text)
    TIM_GetFlagStatus                        0x08003f43   Thumb Code    18  stm32f4xx_tim.o(.text)
    TIM_ClearFlag                            0x08003f55   Thumb Code     6  stm32f4xx_tim.o(.text)
    TIM_GetITStatus                          0x08003f5b   Thumb Code    34  stm32f4xx_tim.o(.text)
    TIM_ClearITPendingBit                    0x08003f7d   Thumb Code     6  stm32f4xx_tim.o(.text)
    TIM_DMAConfig                            0x08003f83   Thumb Code    10  stm32f4xx_tim.o(.text)
    TIM_DMACmd                               0x08003f8d   Thumb Code    18  stm32f4xx_tim.o(.text)
    TIM_SelectCCDMA                          0x08003f9f   Thumb Code    24  stm32f4xx_tim.o(.text)
    TIM_InternalClockConfig                  0x08003fb7   Thumb Code    12  stm32f4xx_tim.o(.text)
    TIM_SelectInputTrigger                   0x08003fc3   Thumb Code    18  stm32f4xx_tim.o(.text)
    TIM_ITRxExternalClockConfig              0x08003fd5   Thumb Code    24  stm32f4xx_tim.o(.text)
    TIM_TIxExternalClockConfig               0x08003fed   Thumb Code    62  stm32f4xx_tim.o(.text)
    TIM_ETRConfig                            0x0800402b   Thumb Code    28  stm32f4xx_tim.o(.text)
    TIM_ETRClockMode1Config                  0x08004047   Thumb Code    54  stm32f4xx_tim.o(.text)
    TIM_ETRClockMode2Config                  0x0800407d   Thumb Code    32  stm32f4xx_tim.o(.text)
    TIM_SelectOutputTrigger                  0x0800409d   Thumb Code    18  stm32f4xx_tim.o(.text)
    TIM_SelectSlaveMode                      0x080040af   Thumb Code    18  stm32f4xx_tim.o(.text)
    TIM_SelectMasterSlaveMode                0x080040c1   Thumb Code    18  stm32f4xx_tim.o(.text)
    TIM_EncoderInterfaceConfig               0x080040d3   Thumb Code    66  stm32f4xx_tim.o(.text)
    TIM_SelectHallSensor                     0x08004115   Thumb Code    24  stm32f4xx_tim.o(.text)
    TIM_RemapConfig                          0x0800412d   Thumb Code     6  stm32f4xx_tim.o(.text)
    SDIO_DeInit                              0x08004135   Thumb Code    22  stm32f4xx_sdio.o(.text)
    SDIO_Init                                0x0800414b   Thumb Code    42  stm32f4xx_sdio.o(.text)
    SDIO_StructInit                          0x08004175   Thumb Code    16  stm32f4xx_sdio.o(.text)
    SDIO_ClockCmd                            0x08004185   Thumb Code     6  stm32f4xx_sdio.o(.text)
    SDIO_SetPowerState                       0x0800418b   Thumb Code     8  stm32f4xx_sdio.o(.text)
    SDIO_GetPowerState                       0x08004193   Thumb Code    12  stm32f4xx_sdio.o(.text)
    SDIO_SendCommand                         0x0800419f   Thumb Code    42  stm32f4xx_sdio.o(.text)
    SDIO_CmdStructInit                       0x080041c9   Thumb Code    14  stm32f4xx_sdio.o(.text)
    SDIO_GetCommandResponse                  0x080041d7   Thumb Code    10  stm32f4xx_sdio.o(.text)
    SDIO_GetResponse                         0x080041e1   Thumb Code    22  stm32f4xx_sdio.o(.text)
    SDIO_DataConfig                          0x080041f7   Thumb Code    48  stm32f4xx_sdio.o(.text)
    SDIO_DataStructInit                      0x08004227   Thumb Code    20  stm32f4xx_sdio.o(.text)
    SDIO_GetDataCounter                      0x0800423b   Thumb Code     8  stm32f4xx_sdio.o(.text)
    SDIO_ReadData                            0x08004243   Thumb Code     8  stm32f4xx_sdio.o(.text)
    SDIO_WriteData                           0x0800424b   Thumb Code     8  stm32f4xx_sdio.o(.text)
    SDIO_GetFIFOCount                        0x08004253   Thumb Code     8  stm32f4xx_sdio.o(.text)
    SDIO_StartSDIOReadWait                   0x0800425b   Thumb Code     6  stm32f4xx_sdio.o(.text)
    SDIO_StopSDIOReadWait                    0x08004261   Thumb Code     8  stm32f4xx_sdio.o(.text)
    SDIO_SetSDIOReadWaitMode                 0x08004269   Thumb Code     8  stm32f4xx_sdio.o(.text)
    SDIO_SetSDIOOperation                    0x08004271   Thumb Code     8  stm32f4xx_sdio.o(.text)
    SDIO_SendSDIOSuspendCmd                  0x08004279   Thumb Code     6  stm32f4xx_sdio.o(.text)
    SDIO_CommandCompletionCmd                0x0800427f   Thumb Code     8  stm32f4xx_sdio.o(.text)
    SDIO_CEATAITCmd                          0x08004287   Thumb Code    12  stm32f4xx_sdio.o(.text)
    SDIO_SendCEATACmd                        0x08004293   Thumb Code     8  stm32f4xx_sdio.o(.text)
    SDIO_DMACmd                              0x0800429b   Thumb Code     8  stm32f4xx_sdio.o(.text)
    SDIO_ITConfig                            0x080042a3   Thumb Code    34  stm32f4xx_sdio.o(.text)
    SDIO_GetFlagStatus                       0x080042c5   Thumb Code    22  stm32f4xx_sdio.o(.text)
    SDIO_ClearFlag                           0x080042db   Thumb Code     8  stm32f4xx_sdio.o(.text)
    SDIO_GetITStatus                         0x080042e3   Thumb Code    22  stm32f4xx_sdio.o(.text)
    SDIO_ClearITPendingBit                   0x080042f9   Thumb Code     8  stm32f4xx_sdio.o(.text)
    DMA_DeInit                               0x08004311   Thumb Code   324  stm32f4xx_dma.o(.text)
    DMA_Init                                 0x08004455   Thumb Code    82  stm32f4xx_dma.o(.text)
    DMA_StructInit                           0x080044a7   Thumb Code    34  stm32f4xx_dma.o(.text)
    DMA_Cmd                                  0x080044c9   Thumb Code    22  stm32f4xx_dma.o(.text)
    DMA_PeriphIncOffsetSizeConfig            0x080044df   Thumb Code    22  stm32f4xx_dma.o(.text)
    DMA_FlowControllerConfig                 0x080044f5   Thumb Code    22  stm32f4xx_dma.o(.text)
    DMA_SetCurrDataCounter                   0x0800450b   Thumb Code     4  stm32f4xx_dma.o(.text)
    DMA_GetCurrDataCounter                   0x0800450f   Thumb Code     8  stm32f4xx_dma.o(.text)
    DMA_DoubleBufferModeConfig               0x08004517   Thumb Code    24  stm32f4xx_dma.o(.text)
    DMA_DoubleBufferModeCmd                  0x0800452f   Thumb Code    22  stm32f4xx_dma.o(.text)
    DMA_MemoryTargetConfig                   0x08004545   Thumb Code    10  stm32f4xx_dma.o(.text)
    DMA_GetCurrentMemoryTarget               0x0800454f   Thumb Code    20  stm32f4xx_dma.o(.text)
    DMA_GetCmdStatus                         0x08004563   Thumb Code    20  stm32f4xx_dma.o(.text)
    DMA_GetFIFOStatus                        0x08004577   Thumb Code    12  stm32f4xx_dma.o(.text)
    DMA_GetFlagStatus                        0x08004583   Thumb Code    56  stm32f4xx_dma.o(.text)
    DMA_ClearFlag                            0x080045bb   Thumb Code    40  stm32f4xx_dma.o(.text)
    DMA_ITConfig                             0x080045e3   Thumb Code    58  stm32f4xx_dma.o(.text)
    DMA_GetITStatus                          0x0800461d   Thumb Code    84  stm32f4xx_dma.o(.text)
    DMA_ClearITPendingBit                    0x08004671   Thumb Code    40  stm32f4xx_dma.o(.text)
    delay_init                               0x080046b9   Thumb Code    52  delay.o(.text)
    delay_us                                 0x080046ed   Thumb Code    72  delay.o(.text)
    delay_xms                                0x08004735   Thumb Code    72  delay.o(.text)
    delay_ms                                 0x0800477d   Thumb Code    56  delay.o(.text)
    _sys_exit                                0x080047bd   Thumb Code     6  usart.o(.text)
    fputc                                    0x080047c3   Thumb Code    22  usart.o(.text)
    uart_init                                0x080047d9   Thumb Code   164  usart.o(.text)
    USART1_IRQHandler                        0x0800487d   Thumb Code   122  usart.o(.text)
    BEEP_Init                                0x08004909   Thumb Code    60  beep.o(.text)
    LED_Init                                 0x08004949   Thumb Code    70  led.o(.text)
    KEY_Init                                 0x08004995   Thumb Code    80  key.o(.text)
    MYEXIT_Init                              0x080049ed   Thumb Code    68  exit.o(.text)
    DHT11_Rst                                0x08004a31   Thumb Code    52  dht11.o(.text)
    DHT11_Check                              0x08004a65   Thumb Code    92  dht11.o(.text)
    DHT11_Read_Bit                           0x08004ac1   Thumb Code    76  dht11.o(.text)
    DHT11_Read_Byte                          0x08004b0d   Thumb Code    30  dht11.o(.text)
    DHT11_Read_Data                          0x08004b2b   Thumb Code    88  dht11.o(.text)
    DHT11_Init                               0x08004b83   Thumb Code    58  dht11.o(.text)
    LCD_WR_REG                               0x08004bc9   Thumb Code    18  lcd.o(.text)
    LCD_WR_DATA                              0x08004bdb   Thumb Code    20  lcd.o(.text)
    LCD_RD_DATA                              0x08004bef   Thumb Code    16  lcd.o(.text)
    LCD_WriteReg                             0x08004bff   Thumb Code    14  lcd.o(.text)
    LCD_ReadReg                              0x08004c0d   Thumb Code    22  lcd.o(.text)
    LCD_WriteRAM_Prepare                     0x08004c23   Thumb Code    10  lcd.o(.text)
    LCD_WriteRAM                             0x08004c2d   Thumb Code     8  lcd.o(.text)
    LCD_BGR2RGB                              0x08004c35   Thumb Code    26  lcd.o(.text)
    opt_delay                                0x08004c4f   Thumb Code    14  lcd.o(.text)
    LCD_SetCursor                            0x08004c5d   Thumb Code   418  lcd.o(.text)
    LCD_ReadPoint                            0x08004dff   Thumb Code   360  lcd.o(.text)
    LCD_DisplayOn                            0x08004f67   Thumb Code   102  lcd.o(.text)
    LCD_DisplayOff                           0x08004fcd   Thumb Code    90  lcd.o(.text)
    LCD_Scan_Dir                             0x08005027   Thumb Code   744  lcd.o(.text)
    LCD_DrawPoint                            0x0800530f   Thumb Code    28  lcd.o(.text)
    LCD_Fast_DrawPoint                       0x0800532b   Thumb Code   388  lcd.o(.text)
    LCD_SSD_BackLightSet                     0x080054af   Thumb Code    88  lcd.o(.text)
    LCD_Display_Dir                          0x08005507   Thumb Code   444  lcd.o(.text)
    LCD_Set_Window                           0x080056c3   Thumb Code   546  lcd.o(.text)
    LCD_Clear                                0x080058e5   Thumb Code   100  lcd.o(.text)
    LCD_Init                                 0x08005949   Thumb Code 14696  lcd.o(.text)
    LCD_Fill                                 0x080092b1   Thumb Code   180  lcd.o(.text)
    LCD_Color_Fill                           0x08009365   Thumb Code   100  lcd.o(.text)
    LCD_DrawLine                             0x080093c9   Thumb Code   176  lcd.o(.text)
    LCD_DrawRectangle                        0x08009479   Thumb Code    60  lcd.o(.text)
    LCD_Draw_Circle                          0x080094b5   Thumb Code   152  lcd.o(.text)
    LCD_ShowChar                             0x0800954d   Thumb Code   272  lcd.o(.text)
    LCD_Pow                                  0x0800965d   Thumb Code    22  lcd.o(.text)
    LCD_ShowNum                              0x08009673   Thumb Code   148  lcd.o(.text)
    LCD_ShowxNum                             0x08009707   Thumb Code   220  lcd.o(.text)
    LCD_ShowString                           0x080097e3   Thumb Code   102  lcd.o(.text)
    Adc_Init                                 0x08009849   Thumb Code   152  adc.o(.text)
    Get_Adc                                  0x080098e1   Thumb Code    44  adc.o(.text)
    Get_Adc_Average                          0x0800990d   Thumb Code    46  adc.o(.text)
    NRF24L01_SPI_Init                        0x08009949   Thumb Code    86  24l01.o(.text)
    NRF24L01_Init                            0x0800999f   Thumb Code   144  24l01.o(.text)
    NRF24L01_Read_Buf                        0x08009a2f   Thumb Code    60  24l01.o(.text)
    NRF24L01_Write_Buf                       0x08009a6b   Thumb Code    60  24l01.o(.text)
    NRF24L01_Check                           0x08009aa7   Thumb Code    72  24l01.o(.text)
    NRF24L01_Write_Reg                       0x08009aef   Thumb Code    40  24l01.o(.text)
    NRF24L01_Read_Reg                        0x08009b17   Thumb Code    38  24l01.o(.text)
    NRF24L01_TxPacket                        0x08009b3d   Thumb Code    94  24l01.o(.text)
    NRF24L01_RxPacket                        0x08009b9b   Thumb Code    58  24l01.o(.text)
    NRF24L01_RX_Mode                         0x08009bd5   Thumb Code    94  24l01.o(.text)
    SPI1_ReadWriteByte                       0x08009c59   Thumb Code    50  spi.o(.text)
    SPI1_Init                                0x08009c8b   Thumb Code   186  spi.o(.text)
    SPI1_SetSpeed                            0x08009d45   Thumb Code    36  spi.o(.text)
    sim_at_response                          0x08009d71   Thumb Code    46  sim800c.o(.text)
    sim800c_check_cmd                        0x08009d9f   Thumb Code    44  sim800c.o(.text)
    sim800c_send_cmd                         0x08009dcb   Thumb Code   110  sim800c.o(.text)
    sim800c_chr2hex                          0x08009e39   Thumb Code    54  sim800c.o(.text)
    sim800c_hex2chr                          0x08009e6f   Thumb Code    34  sim800c.o(.text)
    connect                                  0x08009e91   Thumb Code   294  sim800c.o(.text)
    test                                     0x08009fb7   Thumb Code  2280  sim800c.o(.text)
    gprs_init                                0x0800a89f   Thumb Code   168  sim800c.o(.text)
    USART3_IRQHandler                        0x0800aa2d   Thumb Code    96  usart3.o(.text)
    usart3_init                              0x0800aa8d   Thumb Code   196  usart3.o(.text)
    u3_printf                                0x0800ab51   Thumb Code    72  usart3.o(.text)
    mymemcpy                                 0x0800abb1   Thumb Code    26  malloc.o(.text)
    mymemset                                 0x0800abcb   Thumb Code    20  malloc.o(.text)
    my_mem_init                              0x0800abdf   Thumb Code    54  malloc.o(.text)
    my_mem_perused                           0x0800ac15   Thumb Code    54  malloc.o(.text)
    my_mem_malloc                            0x0800ac4b   Thumb Code   154  malloc.o(.text)
    my_mem_free                              0x0800ace5   Thumb Code    94  malloc.o(.text)
    myfree                                   0x0800ad43   Thumb Code    32  malloc.o(.text)
    mymalloc                                 0x0800ad63   Thumb Code    36  malloc.o(.text)
    myrealloc                                0x0800ad87   Thumb Code    68  malloc.o(.text)
    W25QXX_ReadID                            0x0800addd   Thumb Code    64  w25qxx.o(.text)
    W25QXX_Init                              0x0800ae1d   Thumb Code   102  w25qxx.o(.text)
    W25QXX_ReadSR                            0x0800ae83   Thumb Code    36  w25qxx.o(.text)
    W25QXX_Write_SR                          0x0800aea7   Thumb Code    32  w25qxx.o(.text)
    W25QXX_Write_Enable                      0x0800aec7   Thumb Code    24  w25qxx.o(.text)
    W25QXX_Write_Disable                     0x0800aedf   Thumb Code    24  w25qxx.o(.text)
    W25QXX_Read                              0x0800aef7   Thumb Code    74  w25qxx.o(.text)
    W25QXX_Wait_Busy                         0x0800af41   Thumb Code    18  w25qxx.o(.text)
    W25QXX_Write_Page                        0x0800af53   Thumb Code    80  w25qxx.o(.text)
    W25QXX_Write_NoCheck                     0x0800afa3   Thumb Code    70  w25qxx.o(.text)
    W25QXX_Erase_Sector                      0x0800afe9   Thumb Code    70  w25qxx.o(.text)
    W25QXX_Write                             0x0800b02f   Thumb Code   180  w25qxx.o(.text)
    W25QXX_Erase_Chip                        0x0800b0e3   Thumb Code    36  w25qxx.o(.text)
    W25QXX_PowerDown                         0x0800b107   Thumb Code    30  w25qxx.o(.text)
    W25QXX_WAKEUP                            0x0800b125   Thumb Code    30  w25qxx.o(.text)
    Get_HzMat                                0x0800b165   Thumb Code   220  text.o(.text)
    Show_Font                                0x0800b241   Thumb Code   190  text.o(.text)
    Show_Str                                 0x0800b2ff   Thumb Code   192  text.o(.text)
    Show_Str_Mid                             0x0800b3bf   Thumb Code   106  text.o(.text)
    TIM7_SetARR                              0x0800b439   Thumb Code    36  timer.o(.text)
    TIM7_IRQHandler                          0x0800b45d   Thumb Code    42  timer.o(.text)
    TIM7_Int_Init                            0x0800b487   Thumb Code    78  timer.o(.text)
    fupd_prog                                0x0800b4dd   Thumb Code   148  fontupd.o(.text)
    updata_fontx                             0x0800b571   Thumb Code   346  fontupd.o(.text)
    update_font                              0x0800b6cb   Thumb Code   884  fontupd.o(.text)
    font_init                                0x0800ba3f   Thumb Code    64  fontupd.o(.text)
    SDIO_Register_Deinit                     0x0800babd   Thumb Code    48  sdio_sdcard.o(.text)
    SD_SetDeviceMode                         0x0800baed   Thumb Code    20  sdio_sdcard.o(.text)
    SDIO_Clock_Set                           0x0800bb01   Thumb Code    18  sdio_sdcard.o(.text)
    CmdResp1Error                            0x0800bb13   Thumb Code    96  sdio_sdcard.o(.text)
    FindSCR                                  0x0800bb73   Thumb Code   390  sdio_sdcard.o(.text)
    SDEnWideBus                              0x0800bcf9   Thumb Code   160  sdio_sdcard.o(.text)
    SD_EnableWideBusOperation                0x0800bd99   Thumb Code    98  sdio_sdcard.o(.text)
    SD_SelectDeselect                        0x0800bdfb   Thumb Code    42  sdio_sdcard.o(.text)
    SD_GetCardInfo                           0x0800be25   Thumb Code   806  sdio_sdcard.o(.text)
    CmdResp2Error                            0x0800c14b   Thumb Code    80  sdio_sdcard.o(.text)
    CmdResp6Error                            0x0800c19b   Thumb Code   144  sdio_sdcard.o(.text)
    SD_InitializeCards                       0x0800c22b   Thumb Code   354  sdio_sdcard.o(.text)
    CmdResp3Error                            0x0800c38d   Thumb Code    52  sdio_sdcard.o(.text)
    CmdResp7Error                            0x0800c3c1   Thumb Code    72  sdio_sdcard.o(.text)
    CmdError                                 0x0800c409   Thumb Code    48  sdio_sdcard.o(.text)
    SD_PowerON                               0x0800c439   Thumb Code   460  sdio_sdcard.o(.text)
    SD_Init                                  0x0800c605   Thumb Code   308  sdio_sdcard.o(.text)
    SD_PowerOFF                              0x0800c739   Thumb Code    12  sdio_sdcard.o(.text)
    SD_DMA_Config                            0x0800c745   Thumb Code   118  sdio_sdcard.o(.text)
    convert_from_bytes_to_power_of_two       0x0800c7bb   Thumb Code    18  sdio_sdcard.o(.text)
    SD_ReadBlock                             0x0800c7cd   Thumb Code   578  sdio_sdcard.o(.text)
    SD_ReadMultiBlocks                       0x0800ca0f   Thumb Code   756  sdio_sdcard.o(.text)
    IsCardProgramming                        0x0800cd03   Thumb Code   150  sdio_sdcard.o(.text)
    SD_WriteBlock                            0x0800cd99   Thumb Code   914  sdio_sdcard.o(.text)
    SD_WriteMultiBlocks                      0x0800d12b   Thumb Code   972  sdio_sdcard.o(.text)
    SD_ProcessIRQSrc                         0x0800d4f7   Thumb Code   300  sdio_sdcard.o(.text)
    SDIO_IRQHandler                          0x0800d623   Thumb Code     8  sdio_sdcard.o(.text)
    SD_SendStatus                            0x0800d62b   Thumb Code    74  sdio_sdcard.o(.text)
    SD_GetState                              0x0800d675   Thumb Code    26  sdio_sdcard.o(.text)
    SD_ReadDisk                              0x0800d68f   Thumb Code   152  sdio_sdcard.o(.text)
    SD_WriteDisk                             0x0800d727   Thumb Code   152  sdio_sdcard.o(.text)
    clust2sect                               0x0800d997   Thumb Code    26  ff.o(.text)
    get_fat                                  0x0800d9b1   Thumb Code   232  ff.o(.text)
    put_fat                                  0x0800da99   Thumb Code   310  ff.o(.text)
    dir_sdi                                  0x0800dd43   Thumb Code   158  ff.o(.text)
    f_mount                                  0x0800edab   Thumb Code    86  ff.o(.text)
    f_open                                   0x0800ee01   Thumb Code   384  ff.o(.text)
    f_read                                   0x0800ef81   Thumb Code   450  ff.o(.text)
    f_write                                  0x0800f143   Thumb Code   498  ff.o(.text)
    f_sync                                   0x0800f335   Thumb Code   176  ff.o(.text)
    f_close                                  0x0800f3e5   Thumb Code    32  ff.o(.text)
    f_lseek                                  0x0800f405   Thumb Code   654  ff.o(.text)
    f_opendir                                0x0800f693   Thumb Code   136  ff.o(.text)
    f_closedir                               0x0800f71b   Thumb Code    22  ff.o(.text)
    f_readdir                                0x0800f731   Thumb Code   114  ff.o(.text)
    f_stat                                   0x0800f7a3   Thumb Code    84  ff.o(.text)
    f_getfree                                0x0800f7f7   Thumb Code   258  ff.o(.text)
    f_truncate                               0x0800f8f9   Thumb Code   184  ff.o(.text)
    f_unlink                                 0x0800f9b1   Thumb Code   194  ff.o(.text)
    f_mkdir                                  0x0800fa73   Thumb Code   380  ff.o(.text)
    f_chmod                                  0x0800fbef   Thumb Code   112  ff.o(.text)
    f_utime                                  0x0800fc5f   Thumb Code   110  ff.o(.text)
    f_rename                                 0x0800fccd   Thumb Code   314  ff.o(.text)
    f_getlabel                               0x0800fe07   Thumb Code   190  ff.o(.text)
    f_setlabel                               0x0800fec5   Thumb Code   470  ff.o(.text)
    f_mkfs                                   0x0801009b   Thumb Code  1570  ff.o(.text)
    f_gets                                   0x080106bd   Thumb Code    82  ff.o(.text)
    f_putc                                   0x08010753   Thumb Code    64  ff.o(.text)
    f_puts                                   0x08010793   Thumb Code    74  ff.o(.text)
    f_printf                                 0x080107dd   Thumb Code   674  ff.o(.text)
    disk_initialize                          0x08010a81   Thumb Code    52  diskio.o(.text)
    disk_status                              0x08010ab5   Thumb Code     6  diskio.o(.text)
    disk_read                                0x08010abb   Thumb Code    98  diskio.o(.text)
    disk_write                               0x08010b1d   Thumb Code    98  diskio.o(.text)
    disk_ioctl                               0x08010b7f   Thumb Code   170  diskio.o(.text)
    get_fattime                              0x08010c29   Thumb Code     4  diskio.o(.text)
    ff_memalloc                              0x08010c2d   Thumb Code    14  diskio.o(.text)
    ff_memfree                               0x08010c3b   Thumb Code    14  diskio.o(.text)
    ff_convert                               0x08010c51   Thumb Code   146  mycc936.o(.text)
    ff_wtoupper                              0x08010ce3   Thumb Code    46  mycc936.o(.text)
    exfuns_init                              0x08010d1d   Thumb Code   110  exfuns.o(.text)
    char_upper                               0x08010d8b   Thumb Code    26  exfuns.o(.text)
    f_typetell                               0x08010da5   Thumb Code   188  exfuns.o(.text)
    exf_getfree                              0x08010e61   Thumb Code    74  exfuns.o(.text)
    usmart_sys_cmd_exe                       0x08010ec1   Thumb Code  1554  usmart.o(.text)
    usmart_reset_runtime                     0x080114d3   Thumb Code    38  usmart.o(.text)
    usmart_get_runtime                       0x080114f9   Thumb Code    60  usmart.o(.text)
    TIM4_IRQHandler                          0x08011535   Thumb Code    46  usmart.o(.text)
    Timer4_Init                              0x08011563   Thumb Code    86  usmart.o(.text)
    usmart_init                              0x080115b9   Thumb Code    36  usmart.o(.text)
    usmart_cmd_rec                           0x080115dd   Thumb Code   170  usmart.o(.text)
    usmart_exe                               0x08011687   Thumb Code   868  usmart.o(.text)
    usmart_scan                              0x080119eb   Thumb Code   120  usmart.o(.text)
    read_addr                                0x08011a63   Thumb Code     6  usmart.o(.text)
    write_addr                               0x08011a69   Thumb Code     4  usmart.o(.text)
    usmart_strcmp                            0x08011af5   Thumb Code    34  usmart_str.o(.text)
    usmart_strcopy                           0x08011b17   Thumb Code    22  usmart_str.o(.text)
    usmart_strlen                            0x08011b2d   Thumb Code    24  usmart_str.o(.text)
    usmart_pow                               0x08011b45   Thumb Code    22  usmart_str.o(.text)
    usmart_str2num                           0x08011b5b   Thumb Code   202  usmart_str.o(.text)
    usmart_get_cmdname                       0x08011c25   Thumb Code    54  usmart_str.o(.text)
    usmart_search_nextc                      0x08011c5b   Thumb Code    22  usmart_str.o(.text)
    usmart_get_fname                         0x08011c71   Thumb Code   440  usmart_str.o(.text)
    usmart_get_aparm                         0x08011e29   Thumb Code   200  usmart_str.o(.text)
    usmart_get_parmpos                       0x08011ef1   Thumb Code    26  usmart_str.o(.text)
    usmart_get_fparam                        0x08011f0b   Thumb Code   262  usmart_str.o(.text)
    __use_no_semihosting                     0x0801201d   Thumb Code     2  use_no_semi_2.o(.text)
    __aeabi_ldivmod                          0x0801201f   Thumb Code     0  llsdiv.o(.text)
    _ll_sdiv                                 0x0801201f   Thumb Code    72  llsdiv.o(.text)
    __c89vsprintf                            0x08012069   Thumb Code    32  c89vsprintf.o(.text)
    __2printf                                0x0801208d   Thumb Code    20  __2printf.o(.text)
    __2sprintf                               0x080120a5   Thumb Code    38  __2sprintf.o(.text)
    _printf_pre_padding                      0x080120d1   Thumb Code    44  _printf_pad.o(.text)
    _printf_post_padding                     0x080120fd   Thumb Code    34  _printf_pad.o(.text)
    _printf_str                              0x0801211f   Thumb Code    82  _printf_str.o(.text)
    _printf_int_dec                          0x08012171   Thumb Code   104  _printf_dec.o(.text)
    _printf_longlong_hex                     0x080121e9   Thumb Code    86  _printf_hex_int_ll_ptr.o(.text)
    _printf_int_hex                          0x0801223f   Thumb Code    28  _printf_hex_int_ll_ptr.o(.text)
    _printf_ll_hex                           0x0801225b   Thumb Code    12  _printf_hex_int_ll_ptr.o(.text)
    _printf_hex_ptr                          0x08012267   Thumb Code    18  _printf_hex_int_ll_ptr.o(.text)
    __printf                                 0x0801227d   Thumb Code   388  __printf_flags_ss_wp.o(.text)
    strstr                                   0x08012405   Thumb Code    36  strstr.o(.text)
    strcpy                                   0x08012429   Thumb Code    72  strcpy.o(.text)
    strlen                                   0x08012471   Thumb Code    62  strlen.o(.text)
    strcat                                   0x080124af   Thumb Code    24  strcat.o(.text)
    __aeabi_memcpy                           0x080124c7   Thumb Code     0  rt_memcpy_v6.o(.text)
    __rt_memcpy                              0x080124c7   Thumb Code   138  rt_memcpy_v6.o(.text)
    _memcpy_lastbytes                        0x0801252d   Thumb Code     0  rt_memcpy_v6.o(.text)
    strcmp                                   0x08012551   Thumb Code   128  strcmpv7m.o(.text)
    __use_two_region_memory                  0x080125d1   Thumb Code     2  heapauxi.o(.text)
    __rt_heap_escrow$2region                 0x080125d3   Thumb Code     2  heapauxi.o(.text)
    __rt_heap_expand$2region                 0x080125d5   Thumb Code     2  heapauxi.o(.text)
    __I$use$semihosting                      0x080125d7   Thumb Code     0  use_no_semi.o(.text)
    __use_no_semihosting_swi                 0x080125d7   Thumb Code     2  use_no_semi.o(.text)
    __aeabi_uldivmod                         0x080125d9   Thumb Code     0  lludivv7m.o(.text)
    _ll_udiv                                 0x080125d9   Thumb Code   238  lludivv7m.o(.text)
    _printf_truncate_signed                  0x080126c7   Thumb Code    18  _printf_truncate.o(.text)
    _printf_truncate_unsigned                0x080126d9   Thumb Code    18  _printf_truncate.o(.text)
    _printf_int_common                       0x080126eb   Thumb Code   178  _printf_intcommon.o(.text)
    _printf_charcount                        0x0801279d   Thumb Code    40  _printf_charcount.o(.text)
    __lib_sel_fp_printf                      0x080127c5   Thumb Code     2  _printf_fp_dec.o(.text)
    _printf_fp_dec_real                      0x08012973   Thumb Code   620  _printf_fp_dec.o(.text)
    _printf_char_common                      0x08012beb   Thumb Code    32  _printf_char_common.o(.text)
    _sputc                                   0x08012c11   Thumb Code    10  _sputc.o(.text)
    _printf_cs_common                        0x08012c1b   Thumb Code    20  _printf_char.o(.text)
    _printf_char                             0x08012c2f   Thumb Code    16  _printf_char.o(.text)
    _printf_string                           0x08012c3f   Thumb Code     8  _printf_char.o(.text)
    _printf_char_file                        0x08012c49   Thumb Code    32  _printf_char_file.o(.text)
    _printf_wctomb                           0x08012c6d   Thumb Code   182  _printf_wctomb.o(.text)
    _printf_longlong_dec                     0x08012d29   Thumb Code   108  _printf_longlong_dec.o(.text)
    _printf_longlong_oct                     0x08012da5   Thumb Code    68  _printf_oct_int_ll.o(.text)
    _printf_int_oct                          0x08012de9   Thumb Code    24  _printf_oct_int_ll.o(.text)
    _printf_ll_oct                           0x08012e01   Thumb Code    12  _printf_oct_int_ll.o(.text)
    __aeabi_memcpy4                          0x08012e15   Thumb Code     0  rt_memcpy_w.o(.text)
    __aeabi_memcpy8                          0x08012e15   Thumb Code     0  rt_memcpy_w.o(.text)
    __rt_memcpy_w                            0x08012e15   Thumb Code   100  rt_memcpy_w.o(.text)
    _memcpy_lastbytes_aligned                0x08012e5d   Thumb Code     0  rt_memcpy_w.o(.text)
    __rt_locale                              0x08012e79   Thumb Code     8  rt_locale_intlibspace.o(.text)
    _ll_udiv10                               0x08012e81   Thumb Code   138  lludiv10.o(.text)
    _printf_fp_infnan                        0x08012f0d   Thumb Code   112  _printf_fp_infnan.o(.text)
    _printf_lcs_common                       0x08012f8d   Thumb Code    20  _printf_wchar.o(.text)
    _printf_wchar                            0x08012fa1   Thumb Code    16  _printf_wchar.o(.text)
    _printf_wstring                          0x08012fb1   Thumb Code     8  _printf_wchar.o(.text)
    _btod_etento                             0x08012fb9   Thumb Code   216  bigflt0.o(.text)
    ferror                                   0x08013095   Thumb Code     8  ferror.o(.text)
    _wcrtomb                                 0x0801309d   Thumb Code    64  _wcrtomb.o(.text)
    __user_libspace                          0x080130dd   Thumb Code     8  libspace.o(.text)
    __user_perproc_libspace                  0x080130dd   Thumb Code     0  libspace.o(.text)
    __user_perthread_libspace                0x080130dd   Thumb Code     0  libspace.o(.text)
    __user_setup_stackheap                   0x080130e5   Thumb Code    74  sys_stackheap_outer.o(.text)
    __rt_ctype_table                         0x08013131   Thumb Code    16  rt_ctype_table.o(.text)
    exit                                     0x08013141   Thumb Code    12  exit.o(.text)
    _btod_d2e                                0x0801314d   Thumb Code    62  btod.o(CL$$btod_d2e)
    _d2e_denorm_low                          0x0801318b   Thumb Code    70  btod.o(CL$$btod_d2e_denorm_low)
    _d2e_norm_op1                            0x080131d1   Thumb Code    96  btod.o(CL$$btod_d2e_norm_op1)
    __btod_div_common                        0x08013231   Thumb Code   696  btod.o(CL$$btod_div_common)
    _e2e                                     0x08013569   Thumb Code   198  btod.o(CL$$btod_e2e)
    _btod_ediv                               0x0801362f   Thumb Code    40  btod.o(CL$$btod_ediv)
    _btod_emul                               0x08013657   Thumb Code    40  btod.o(CL$$btod_emul)
    __btod_mult_common                       0x0801367f   Thumb Code   580  btod.o(CL$$btod_mult_common)
    __ARM_fpclassify                         0x080138c3   Thumb Code    48  fpclassify.o(i.__ARM_fpclassify)
    _is_digit                                0x080138f3   Thumb Code    14  __printf_wp.o(i._is_digit)
    _get_lc_numeric                          0x08013901   Thumb Code    44  lc_numeric_c.o(locale$$code)
    _get_lc_ctype                            0x0801392d   Thumb Code    44  lc_ctype_c.o(locale$$code)
    __aeabi_d2f                              0x08013959   Thumb Code     0  d2f.o(x$fpl$d2f)
    _d2f                                     0x08013959   Thumb Code    98  d2f.o(x$fpl$d2f)
    __aeabi_d2uiz                            0x080139bd   Thumb Code     0  dfixu.o(x$fpl$dfixu)
    _dfixu                                   0x080139bd   Thumb Code    90  dfixu.o(x$fpl$dfixu)
    __aeabi_ui2d                             0x08013a17   Thumb Code     0  dflt_clz.o(x$fpl$dfltu)
    _dfltu                                   0x08013a17   Thumb Code    38  dflt_clz.o(x$fpl$dfltu)
    __aeabi_dmul                             0x08013a3d   Thumb Code     0  dmul.o(x$fpl$dmul)
    _dmul                                    0x08013a3d   Thumb Code   332  dmul.o(x$fpl$dmul)
    __fpl_dnaninf                            0x08013b91   Thumb Code   156  dnaninf.o(x$fpl$dnaninf)
    __fpl_dretinf                            0x08013c2d   Thumb Code    12  dretinf.o(x$fpl$dretinf)
    __aeabi_f2d                              0x08013c39   Thumb Code     0  f2d.o(x$fpl$f2d)
    _f2d                                     0x08013c39   Thumb Code    86  f2d.o(x$fpl$f2d)
    __fpl_fnaninf                            0x08013c8f   Thumb Code   140  fnaninf.o(x$fpl$fnaninf)
    _fp_init                                 0x08013d1b   Thumb Code    10  fpinit.o(x$fpl$fpinit)
    __fplib_config_fpu_vfp                   0x08013d23   Thumb Code     0  fpinit.o(x$fpl$fpinit)
    __fplib_config_pureend_doubles           0x08013d23   Thumb Code     0  fpinit.o(x$fpl$fpinit)
    __fpl_fretinf                            0x08013d25   Thumb Code    10  fretinf.o(x$fpl$fretinf)
    _printf_fp_dec                           0x08013d2f   Thumb Code     4  printf1.o(x$fpl$printf1)
    __I$use$fp                               0x08013d32   Number         0  usenofp.o(x$fpl$usenofp)
    FSMC_DefaultTimingStruct                 0x08013d34   Data          28  stm32f4xx_fsmc.o(.constdata)
    asc2_1206                                0x08013d50   Data        1140  lcd.o(.constdata)
    asc2_1608                                0x080141c4   Data        1520  lcd.o(.constdata)
    asc2_2412                                0x080147b4   Data        3420  lcd.o(.constdata)
    RX_ADDRESS                               0x08015510   Data           5  24l01.o(.constdata)
    RX_ADDRESSS1                             0x08015515   Data           5  24l01.o(.constdata)
    port                                     0x0801551a   Data           5  sim800c.o(.constdata)
    ipaddr                                   0x0801551f   Data          12  sim800c.o(.constdata)
    memtblsize                               0x0801552c   Data          12  malloc.o(.constdata)
    memblksize                               0x08015538   Data          12  malloc.o(.constdata)
    memsize                                  0x08015544   Data          12  malloc.o(.constdata)
    GBK24_PATH                               0x08015550   Data           4  fontupd.o(.constdata)
    GBK16_PATH                               0x08015554   Data           4  fontupd.o(.constdata)
    GBK12_PATH                               0x08015558   Data           4  fontupd.o(.constdata)
    UNIGBK_PATH                              0x0801555c   Data           4  fontupd.o(.constdata)
    Region$$Table$$Base                      0x08015ca4   Number         0  anon$$obj.o(Region$$Table)
    Region$$Table$$Limit                     0x08015cc4   Number         0  anon$$obj.o(Region$$Table)
    __ctype                                  0x08015ced   Data           0  lc_ctype_c.o(locale$$data)
    mem3base                                 0x10000000   Data       61440  malloc.o(.ARM.__AT_0x10000000)
    mem3mapbase                              0x1000f000   Data        3840  malloc.o(.ARM.__AT_0x1000F000)
    SystemCoreClock                          0x20000008   Data           4  system_stm32f4xx.o(.data)
    AHBPrescTable                            0x2000000c   Data          16  system_stm32f4xx.o(.data)
    __stdout                                 0x20000030   Data           4  usart.o(.data)
    USART_RX_STA                             0x20000034   Data           2  usart.o(.data)
    POINT_COLOR                              0x20000036   Data           2  lcd.o(.data)
    BACK_COLOR                               0x20000038   Data           2  lcd.o(.data)
    modetbl                                  0x2000006c   Data           8  sim800c.o(.data)
    USART3_RX_STA                            0x20000078   Data           2  usart3.o(.data)
    mallco_dev                               0x2000007c   Data          36  malloc.o(.data)
    W25QXX_TYPE                              0x200000a0   Data           2  w25qxx.o(.data)
    TransferError                            0x200000ae   Data           1  sdio_sdcard.o(.data)
    TransferEnd                              0x200000af   Data           1  sdio_sdcard.o(.data)
    tempbuff                                 0x200000b0   Data           4  sdio_sdcard.o(.data)
    FLASH_SECTOR_COUNT                       0x200000be   Data           2  diskio.o(.data)
    FILE_TYPE_TBL                            0x200000c0   Data         312  exfuns.o(.data)
    fs                                       0x200001f8   Data           8  exfuns.o(.data)
    file                                     0x20000200   Data           4  exfuns.o(.data)
    ftemp                                    0x20000204   Data           4  exfuns.o(.data)
    br                                       0x20000208   Data           4  exfuns.o(.data)
    bw                                       0x2000020c   Data           4  exfuns.o(.data)
    fatbuf                                   0x20000210   Data           4  exfuns.o(.data)
    sys_cmd_tab                              0x20000214   Data          28  usmart.o(.data)
    usmart_nametab                           0x20000230   Data          24  usmart_config.o(.data)
    usmart_dev                               0x20000248   Data         244  usmart_config.o(.data)
    USART_RX_BUF                             0x20000384   Data         200  usart.o(.bss)
    lcddev                                   0x2000044c   Data          14  lcd.o(.bss)
    USART3_TX_BUF                            0x20000460   Data         400  usart3.o(.bss)
    USART3_RX_BUF                            0x200005f0   Data         400  usart3.o(.bss)
    mem1base                                 0x20000780   Data       102400  malloc.o(.bss)
    mem1mapbase                              0x20019780   Data        6400  malloc.o(.bss)
    W25QXX_BUFFER                            0x2001b080   Data        4096  w25qxx.o(.bss)
    ftinfo                                   0x2001c080   Data          33  fontupd.o(.bss)
    SDIO_InitStructure                       0x2001c0a8   Data          24  sdio_sdcard.o(.bss)
    SDIO_CmdInitStructure                    0x2001c0c0   Data          20  sdio_sdcard.o(.bss)
    SDIO_DataInitStructure                   0x2001c0d4   Data          24  sdio_sdcard.o(.bss)
    SDCardInfo                               0x2001c110   Data          88  sdio_sdcard.o(.bss)
    SDIO_DATA_BUFFER                         0x2001c168   Data         512  sdio_sdcard.o(.bss)
    __libspace_start                         0x2001c368   Data          96  libspace.o(.bss)
    __temporary_stack_top$libspace           0x2001c3c8   Data           0  libspace.o(.bss)
    mem2base                                 0x68000000   Data       983040  malloc.o(.ARM.__AT_0x68000000)
    mem2mapbase                              0x680f0000   Data       61440  malloc.o(.ARM.__AT_0x680F0000)



==============================================================================

Memory Map of the image

  Image Entry point : 0x08000189

  Load Region LR_IROM1 (Base: 0x08000000, Size: 0x0001612c, Max: 0x00100000, ABSOLUTE, COMPRESSED[0x00015edc])

    Execution Region ER_IROM1 (Base: 0x08000000, Size: 0x00015df0, Max: 0x00100000, ABSOLUTE)

    Base Addr    Size         Type   Attr      Idx    E Section Name        Object

    0x08000000   0x00000188   Data   RO          274    RESET               startup_stm32f40_41xxx.o
    0x08000188   0x00000008   Code   RO         1360  * !!!main             c_w.l(__main.o)
    0x08000190   0x00000034   Code   RO         1657    !!!scatter          c_w.l(__scatter.o)
    0x080001c4   0x0000005a   Code   RO         1655    !!dczerorl2         c_w.l(__dczerorl2.o)
    0x0800021e   0x00000002   PAD
    0x08000220   0x0000001c   Code   RO         1659    !!handler_zi        c_w.l(__scatter_zi.o)
    0x0800023c   0x00000000   Code   RO         1345    .ARM.Collect$$_printf_percent$$00000000  c_w.l(_printf_percent.o)
    0x0800023c   0x00000006   Code   RO         1412    .ARM.Collect$$_printf_percent$$00000001  c_w.l(_printf_n.o)
    0x08000242   0x00000006   Code   RO         1413    .ARM.Collect$$_printf_percent$$00000002  c_w.l(_printf_p.o)
    0x08000248   0x00000006   Code   RO         1344    .ARM.Collect$$_printf_percent$$00000003  c_w.l(_printf_f.o)
    0x0800024e   0x00000006   Code   RO         1416    .ARM.Collect$$_printf_percent$$00000004  c_w.l(_printf_e.o)
    0x08000254   0x00000006   Code   RO         1417    .ARM.Collect$$_printf_percent$$00000005  c_w.l(_printf_g.o)
    0x0800025a   0x00000006   Code   RO         1418    .ARM.Collect$$_printf_percent$$00000006  c_w.l(_printf_a.o)
    0x08000260   0x0000000a   Code   RO         1423    .ARM.Collect$$_printf_percent$$00000007  c_w.l(_printf_ll.o)
    0x0800026a   0x00000006   Code   RO         1415    .ARM.Collect$$_printf_percent$$00000008  c_w.l(_printf_i.o)
    0x08000270   0x00000006   Code   RO         1342    .ARM.Collect$$_printf_percent$$00000009  c_w.l(_printf_d.o)
    0x08000276   0x00000006   Code   RO         1343    .ARM.Collect$$_printf_percent$$0000000A  c_w.l(_printf_u.o)
    0x0800027c   0x00000006   Code   RO         1414    .ARM.Collect$$_printf_percent$$0000000B  c_w.l(_printf_o.o)
    0x08000282   0x00000006   Code   RO         1341    .ARM.Collect$$_printf_percent$$0000000C  c_w.l(_printf_x.o)
    0x08000288   0x00000006   Code   RO         1420    .ARM.Collect$$_printf_percent$$0000000D  c_w.l(_printf_lli.o)
    0x0800028e   0x00000006   Code   RO         1421    .ARM.Collect$$_printf_percent$$0000000E  c_w.l(_printf_lld.o)
    0x08000294   0x00000006   Code   RO         1422    .ARM.Collect$$_printf_percent$$0000000F  c_w.l(_printf_llu.o)
    0x0800029a   0x00000006   Code   RO         1427    .ARM.Collect$$_printf_percent$$00000010  c_w.l(_printf_llo.o)
    0x080002a0   0x00000006   Code   RO         1428    .ARM.Collect$$_printf_percent$$00000011  c_w.l(_printf_llx.o)
    0x080002a6   0x0000000a   Code   RO         1424    .ARM.Collect$$_printf_percent$$00000012  c_w.l(_printf_l.o)
    0x080002b0   0x00000006   Code   RO         1339    .ARM.Collect$$_printf_percent$$00000013  c_w.l(_printf_c.o)
    0x080002b6   0x00000006   Code   RO         1340    .ARM.Collect$$_printf_percent$$00000014  c_w.l(_printf_s.o)
    0x080002bc   0x00000006   Code   RO         1425    .ARM.Collect$$_printf_percent$$00000015  c_w.l(_printf_lc.o)
    0x080002c2   0x00000006   Code   RO         1426    .ARM.Collect$$_printf_percent$$00000016  c_w.l(_printf_ls.o)
    0x080002c8   0x00000004   Code   RO         1419    .ARM.Collect$$_printf_percent$$00000017  c_w.l(_printf_percent_end.o)
    0x080002cc   0x00000002   Code   RO         1526    .ARM.Collect$$libinit$$00000000  c_w.l(libinit.o)
    0x080002ce   0x00000004   Code   RO         1527    .ARM.Collect$$libinit$$00000001  c_w.l(libinit2.o)
    0x080002d2   0x00000000   Code   RO         1530    .ARM.Collect$$libinit$$00000004  c_w.l(libinit2.o)
    0x080002d2   0x00000000   Code   RO         1533    .ARM.Collect$$libinit$$0000000A  c_w.l(libinit2.o)
    0x080002d2   0x00000000   Code   RO         1535    .ARM.Collect$$libinit$$0000000C  c_w.l(libinit2.o)
    0x080002d2   0x00000000   Code   RO         1537    .ARM.Collect$$libinit$$0000000E  c_w.l(libinit2.o)
    0x080002d2   0x00000006   Code   RO         1538    .ARM.Collect$$libinit$$0000000F  c_w.l(libinit2.o)
    0x080002d8   0x00000000   Code   RO         1540    .ARM.Collect$$libinit$$00000011  c_w.l(libinit2.o)
    0x080002d8   0x0000000c   Code   RO         1541    .ARM.Collect$$libinit$$00000012  c_w.l(libinit2.o)
    0x080002e4   0x00000000   Code   RO         1542    .ARM.Collect$$libinit$$00000013  c_w.l(libinit2.o)
    0x080002e4   0x00000000   Code   RO         1544    .ARM.Collect$$libinit$$00000015  c_w.l(libinit2.o)
    0x080002e4   0x0000000a   Code   RO         1545    .ARM.Collect$$libinit$$00000016  c_w.l(libinit2.o)
    0x080002ee   0x00000000   Code   RO         1546    .ARM.Collect$$libinit$$00000017  c_w.l(libinit2.o)
    0x080002ee   0x00000000   Code   RO         1548    .ARM.Collect$$libinit$$00000019  c_w.l(libinit2.o)
    0x080002ee   0x00000000   Code   RO         1550    .ARM.Collect$$libinit$$0000001B  c_w.l(libinit2.o)
    0x080002ee   0x00000000   Code   RO         1552    .ARM.Collect$$libinit$$0000001D  c_w.l(libinit2.o)
    0x080002ee   0x00000000   Code   RO         1554    .ARM.Collect$$libinit$$0000001F  c_w.l(libinit2.o)
    0x080002ee   0x00000000   Code   RO         1556    .ARM.Collect$$libinit$$00000021  c_w.l(libinit2.o)
    0x080002ee   0x00000000   Code   RO         1558    .ARM.Collect$$libinit$$00000023  c_w.l(libinit2.o)
    0x080002ee   0x00000000   Code   RO         1560    .ARM.Collect$$libinit$$00000025  c_w.l(libinit2.o)
    0x080002ee   0x00000000   Code   RO         1564    .ARM.Collect$$libinit$$0000002C  c_w.l(libinit2.o)
    0x080002ee   0x00000000   Code   RO         1566    .ARM.Collect$$libinit$$0000002E  c_w.l(libinit2.o)
    0x080002ee   0x00000000   Code   RO         1568    .ARM.Collect$$libinit$$00000030  c_w.l(libinit2.o)
    0x080002ee   0x00000000   Code   RO         1570    .ARM.Collect$$libinit$$00000032  c_w.l(libinit2.o)
    0x080002ee   0x00000002   Code   RO         1571    .ARM.Collect$$libinit$$00000033  c_w.l(libinit2.o)
    0x080002f0   0x00000002   Code   RO         1616    .ARM.Collect$$libshutdown$$00000000  c_w.l(libshutdown.o)
    0x080002f2   0x00000000   Code   RO         1626    .ARM.Collect$$libshutdown$$00000003  c_w.l(libshutdown2.o)
    0x080002f2   0x00000000   Code   RO         1629    .ARM.Collect$$libshutdown$$00000006  c_w.l(libshutdown2.o)
    0x080002f2   0x00000000   Code   RO         1632    .ARM.Collect$$libshutdown$$00000009  c_w.l(libshutdown2.o)
    0x080002f2   0x00000000   Code   RO         1634    .ARM.Collect$$libshutdown$$0000000B  c_w.l(libshutdown2.o)
    0x080002f2   0x00000000   Code   RO         1637    .ARM.Collect$$libshutdown$$0000000E  c_w.l(libshutdown2.o)
    0x080002f2   0x00000002   Code   RO         1638    .ARM.Collect$$libshutdown$$0000000F  c_w.l(libshutdown2.o)
    0x080002f4   0x00000000   Code   RO         1382    .ARM.Collect$$rtentry$$00000000  c_w.l(__rtentry.o)
    0x080002f4   0x00000000   Code   RO         1441    .ARM.Collect$$rtentry$$00000002  c_w.l(__rtentry2.o)
    0x080002f4   0x00000006   Code   RO         1453    .ARM.Collect$$rtentry$$00000004  c_w.l(__rtentry4.o)
    0x080002fa   0x00000000   Code   RO         1443    .ARM.Collect$$rtentry$$00000009  c_w.l(__rtentry2.o)
    0x080002fa   0x00000004   Code   RO         1444    .ARM.Collect$$rtentry$$0000000A  c_w.l(__rtentry2.o)
    0x080002fe   0x00000000   Code   RO         1446    .ARM.Collect$$rtentry$$0000000C  c_w.l(__rtentry2.o)
    0x080002fe   0x00000008   Code   RO         1447    .ARM.Collect$$rtentry$$0000000D  c_w.l(__rtentry2.o)
    0x08000306   0x00000002   Code   RO         1572    .ARM.Collect$$rtexit$$00000000  c_w.l(rtexit.o)
    0x08000308   0x00000000   Code   RO         1586    .ARM.Collect$$rtexit$$00000002  c_w.l(rtexit2.o)
    0x08000308   0x00000004   Code   RO         1587    .ARM.Collect$$rtexit$$00000003  c_w.l(rtexit2.o)
    0x0800030c   0x00000006   Code   RO         1588    .ARM.Collect$$rtexit$$00000004  c_w.l(rtexit2.o)
    0x08000312   0x00000002   PAD
    0x08000314   0x00000010   Code   RO          574    .emb_text           sys.o
    0x08000324   0x0000108c   Code   RO            3    .text               main.o
    0x080013b0   0x0000001a   Code   RO          225    .text               stm32f4xx_it.o
    0x080013ca   0x00000002   PAD
    0x080013cc   0x00000210   Code   RO          248    .text               system_stm32f4xx.o
    0x080015dc   0x00000040   Code   RO          275    .text               startup_stm32f40_41xxx.o
    0x0800161c   0x000000e0   Code   RO          281    .text               misc.o
    0x080016fc   0x00000294   Code   RO          327    .text               stm32f4xx_gpio.o
    0x08001990   0x0000065c   Code   RO          347    .text               stm32f4xx_rcc.o
    0x08001fec   0x00000454   Code   RO          369    .text               stm32f4xx_usart.o
    0x08002440   0x00000110   Code   RO          389    .text               stm32f4xx_exti.o
    0x08002550   0x00000094   Code   RO          409    .text               stm32f4xx_syscfg.o
    0x080025e4   0x000005c8   Code   RO          429    .text               stm32f4xx_fsmc.o
    0x08002bac   0x00000464   Code   RO          452    .text               stm32f4xx_adc.o
    0x08003010   0x00000480   Code   RO          472    .text               stm32f4xx_spi.o
    0x08003490   0x00000ca2   Code   RO          492    .text               stm32f4xx_tim.o
    0x08004132   0x00000002   PAD
    0x08004134   0x000001dc   Code   RO          512    .text               stm32f4xx_sdio.o
    0x08004310   0x000003a8   Code   RO          532    .text               stm32f4xx_dma.o
    0x080046b8   0x00000104   Code   RO          552    .text               delay.o
    0x080047bc   0x0000014c   Code   RO          592    .text               usart.o
    0x08004908   0x00000040   Code   RO          623    .text               beep.o
    0x08004948   0x0000004c   Code   RO          643    .text               led.o
    0x08004994   0x00000058   Code   RO          663    .text               key.o
    0x080049ec   0x00000044   Code   RO          683    .text               exit.o
    0x08004a30   0x00000198   Code   RO          703    .text               dht11.o
    0x08004bc8   0x00004c80   Code   RO          723    .text               lcd.o
    0x08009848   0x00000100   Code   RO          758    .text               adc.o
    0x08009948   0x00000310   Code   RO          778    .text               24l01.o
    0x08009c58   0x00000118   Code   RO          805    .text               spi.o
    0x08009d70   0x00000cbc   Code   RO          825    .text               sim800c.o
    0x0800aa2c   0x00000184   Code   RO          879    .text               usart3.o
    0x0800abb0   0x0000022c   Code   RO          913    .text               malloc.o
    0x0800addc   0x00000388   Code   RO          945    .text               w25qxx.o
    0x0800b164   0x000002d4   Code   RO          972    .text               text.o
    0x0800b438   0x000000a4   Code   RO          999    .text               timer.o
    0x0800b4dc   0x000005e0   Code   RO         1020    .text               fontupd.o
    0x0800babc   0x00001d2c   Code   RO         1052    .text               sdio_sdcard.o
    0x0800d7e8   0x00003296   Code   RO         1084    .text               ff.o
    0x08010a7e   0x00000002   PAD
    0x08010a80   0x000001d0   Code   RO         1104    .text               diskio.o
    0x08010c50   0x000000cc   Code   RO         1131    .text               mycc936.o
    0x08010d1c   0x000001a4   Code   RO         1152    .text               exfuns.o
    0x08010ec0   0x00000c34   Code   RO         1211    .text               usmart.o
    0x08011af4   0x00000528   Code   RO         1256    .text               usmart_str.o
    0x0801201c   0x00000002   Code   RO         1276    .text               c_w.l(use_no_semi_2.o)
    0x0801201e   0x00000048   Code   RO         1278    .text               c_w.l(llsdiv.o)
    0x08012066   0x00000002   PAD
    0x08012068   0x00000024   Code   RO         1280    .text               c_w.l(c89vsprintf.o)
    0x0801208c   0x00000018   Code   RO         1282    .text               c_w.l(__2printf.o)
    0x080120a4   0x0000002c   Code   RO         1284    .text               c_w.l(__2sprintf.o)
    0x080120d0   0x0000004e   Code   RO         1292    .text               c_w.l(_printf_pad.o)
    0x0801211e   0x00000052   Code   RO         1294    .text               c_w.l(_printf_str.o)
    0x08012170   0x00000078   Code   RO         1296    .text               c_w.l(_printf_dec.o)
    0x080121e8   0x00000094   Code   RO         1316    .text               c_w.l(_printf_hex_int_ll_ptr.o)
    0x0801227c   0x00000188   Code   RO         1336    .text               c_w.l(__printf_flags_ss_wp.o)
    0x08012404   0x00000024   Code   RO         1346    .text               c_w.l(strstr.o)
    0x08012428   0x00000048   Code   RO         1348    .text               c_w.l(strcpy.o)
    0x08012470   0x0000003e   Code   RO         1350    .text               c_w.l(strlen.o)
    0x080124ae   0x00000018   Code   RO         1352    .text               c_w.l(strcat.o)
    0x080124c6   0x0000008a   Code   RO         1354    .text               c_w.l(rt_memcpy_v6.o)
    0x08012550   0x00000080   Code   RO         1356    .text               c_w.l(strcmpv7m.o)
    0x080125d0   0x00000006   Code   RO         1358    .text               c_w.l(heapauxi.o)
    0x080125d6   0x00000002   Code   RO         1380    .text               c_w.l(use_no_semi.o)
    0x080125d8   0x000000ee   Code   RO         1383    .text               c_w.l(lludivv7m.o)
    0x080126c6   0x00000024   Code   RO         1385    .text               c_w.l(_printf_truncate.o)
    0x080126ea   0x000000b2   Code   RO         1387    .text               c_w.l(_printf_intcommon.o)
    0x0801279c   0x00000028   Code   RO         1389    .text               c_w.l(_printf_charcount.o)
    0x080127c4   0x0000041a   Code   RO         1391    .text               c_w.l(_printf_fp_dec.o)
    0x08012bde   0x00000002   PAD
    0x08012be0   0x00000030   Code   RO         1393    .text               c_w.l(_printf_char_common.o)
    0x08012c10   0x0000000a   Code   RO         1395    .text               c_w.l(_sputc.o)
    0x08012c1a   0x0000002c   Code   RO         1397    .text               c_w.l(_printf_char.o)
    0x08012c46   0x00000002   PAD
    0x08012c48   0x00000024   Code   RO         1399    .text               c_w.l(_printf_char_file.o)
    0x08012c6c   0x000000bc   Code   RO         1401    .text               c_w.l(_printf_wctomb.o)
    0x08012d28   0x0000007c   Code   RO         1404    .text               c_w.l(_printf_longlong_dec.o)
    0x08012da4   0x00000070   Code   RO         1410    .text               c_w.l(_printf_oct_int_ll.o)
    0x08012e14   0x00000064   Code   RO         1429    .text               c_w.l(rt_memcpy_w.o)
    0x08012e78   0x00000008   Code   RO         1462    .text               c_w.l(rt_locale_intlibspace.o)
    0x08012e80   0x0000008a   Code   RO         1464    .text               c_w.l(lludiv10.o)
    0x08012f0a   0x00000002   PAD
    0x08012f0c   0x00000080   Code   RO         1466    .text               c_w.l(_printf_fp_infnan.o)
    0x08012f8c   0x0000002c   Code   RO         1470    .text               c_w.l(_printf_wchar.o)
    0x08012fb8   0x000000dc   Code   RO         1472    .text               c_w.l(bigflt0.o)
    0x08013094   0x00000008   Code   RO         1497    .text               c_w.l(ferror.o)
    0x0801309c   0x00000040   Code   RO         1501    .text               c_w.l(_wcrtomb.o)
    0x080130dc   0x00000008   Code   RO         1510    .text               c_w.l(libspace.o)
    0x080130e4   0x0000004a   Code   RO         1513    .text               c_w.l(sys_stackheap_outer.o)
    0x0801312e   0x00000002   PAD
    0x08013130   0x00000010   Code   RO         1515    .text               c_w.l(rt_ctype_table.o)
    0x08013140   0x0000000c   Code   RO         1519    .text               c_w.l(exit.o)
    0x0801314c   0x0000003e   Code   RO         1475    CL$$btod_d2e        c_w.l(btod.o)
    0x0801318a   0x00000046   Code   RO         1477    CL$$btod_d2e_denorm_low  c_w.l(btod.o)
    0x080131d0   0x00000060   Code   RO         1476    CL$$btod_d2e_norm_op1  c_w.l(btod.o)
    0x08013230   0x00000338   Code   RO         1485    CL$$btod_div_common  c_w.l(btod.o)
    0x08013568   0x000000c6   Code   RO         1482    CL$$btod_e2e        c_w.l(btod.o)
    0x0801362e   0x00000028   Code   RO         1479    CL$$btod_ediv       c_w.l(btod.o)
    0x08013656   0x00000028   Code   RO         1478    CL$$btod_emul       c_w.l(btod.o)
    0x0801367e   0x00000244   Code   RO         1484    CL$$btod_mult_common  c_w.l(btod.o)
    0x080138c2   0x00000030   Code   RO         1508    i.__ARM_fpclassify  m_wm.l(fpclassify.o)
    0x080138f2   0x0000000e   Code   RO         1329    i._is_digit         c_w.l(__printf_wp.o)
    0x08013900   0x0000002c   Code   RO         1504    locale$$code        c_w.l(lc_numeric_c.o)
    0x0801392c   0x0000002c   Code   RO         1575    locale$$code        c_w.l(lc_ctype_c.o)
    0x08013958   0x00000062   Code   RO         1362    x$fpl$d2f           fz_wm.l(d2f.o)
    0x080139ba   0x00000002   PAD
    0x080139bc   0x0000005a   Code   RO         1364    x$fpl$dfixu         fz_wm.l(dfixu.o)
    0x08013a16   0x00000026   Code   RO         1368    x$fpl$dfltu         fz_wm.l(dflt_clz.o)
    0x08013a3c   0x00000154   Code   RO         1374    x$fpl$dmul          fz_wm.l(dmul.o)
    0x08013b90   0x0000009c   Code   RO         1431    x$fpl$dnaninf       fz_wm.l(dnaninf.o)
    0x08013c2c   0x0000000c   Code   RO         1433    x$fpl$dretinf       fz_wm.l(dretinf.o)
    0x08013c38   0x00000056   Code   RO         1376    x$fpl$f2d           fz_wm.l(f2d.o)
    0x08013c8e   0x0000008c   Code   RO         1435    x$fpl$fnaninf       fz_wm.l(fnaninf.o)
    0x08013d1a   0x0000000a   Code   RO         1583    x$fpl$fpinit        fz_wm.l(fpinit.o)
    0x08013d24   0x0000000a   Code   RO         1437    x$fpl$fretinf       fz_wm.l(fretinf.o)
    0x08013d2e   0x00000004   Code   RO         1378    x$fpl$printf1       fz_wm.l(printf1.o)
    0x08013d32   0x00000000   Code   RO         1439    x$fpl$usenofp       fz_wm.l(usenofp.o)
    0x08013d32   0x00000002   PAD
    0x08013d34   0x0000001c   Data   RO          430    .constdata          stm32f4xx_fsmc.o
    0x08013d50   0x000017c0   Data   RO          725    .constdata          lcd.o
    0x08015510   0x0000000a   Data   RO          779    .constdata          24l01.o
    0x0801551a   0x00000011   Data   RO          826    .constdata          sim800c.o
    0x0801552b   0x00000001   PAD
    0x0801552c   0x00000024   Data   RO          919    .constdata          malloc.o
    0x08015550   0x00000010   Data   RO         1022    .constdata          fontupd.o
    0x08015560   0x0000003a   Data   RO         1085    .constdata          ff.o
    0x0801559a   0x000003c0   Data   RO         1132    .constdata          mycc936.o
    0x0801595a   0x00000028   Data   RO         1317    .constdata          c_w.l(_printf_hex_int_ll_ptr.o)
    0x08015982   0x00000011   Data   RO         1337    .constdata          c_w.l(__printf_flags_ss_wp.o)
    0x08015993   0x00000001   PAD
    0x08015994   0x00000008   Data   RO         1402    .constdata          c_w.l(_printf_wctomb.o)
    0x0801599c   0x00000094   Data   RO         1473    .constdata          c_w.l(bigflt0.o)
    0x08015a30   0x0000011c   Data   RO          827    .conststring        sim800c.o
    0x08015b4c   0x0000005f   Data   RO         1023    .conststring        fontupd.o
    0x08015bab   0x00000001   PAD
    0x08015bac   0x00000060   Data   RO         1154    .conststring        exfuns.o
    0x08015c0c   0x00000028   Data   RO         1212    .conststring        usmart.o
    0x08015c34   0x00000070   Data   RO         1235    .conststring        usmart_config.o
    0x08015ca4   0x00000020   Data   RO         1653    Region$$Table       anon$$obj.o
    0x08015cc4   0x0000001c   Data   RO         1503    locale$$data        c_w.l(lc_numeric_c.o)
    0x08015ce0   0x00000110   Data   RO         1574    locale$$data        c_w.l(lc_ctype_c.o)


    Execution Region RW_IRAM1 (Base: 0x20000000, Size: 0x0001c9c8, Max: 0x00020000, ABSOLUTE, COMPRESSED[0x000000ec])

    Base Addr    Size         Type   Attr      Idx    E Section Name        Object

    0x20000000   0x00000007   Data   RW            5    .data               main.o
    0x20000007   0x00000001   PAD
    0x20000008   0x00000014   Data   RW          249    .data               system_stm32f4xx.o
    0x2000001c   0x00000010   Data   RW          348    .data               stm32f4xx_rcc.o
    0x2000002c   0x00000004   Data   RW          553    .data               delay.o
    0x20000030   0x00000006   Data   RW          594    .data               usart.o
    0x20000036   0x00000004   Data   RW          726    .data               lcd.o
    0x2000003a   0x00000002   PAD
    0x2000003c   0x0000003b   Data   RW          828    .data               sim800c.o
    0x20000077   0x00000001   PAD
    0x20000078   0x00000002   Data   RW          881    .data               usart3.o
    0x2000007a   0x00000002   PAD
    0x2000007c   0x00000024   Data   RW          920    .data               malloc.o
    0x200000a0   0x00000002   Data   RW          947    .data               w25qxx.o
    0x200000a2   0x00000002   PAD
    0x200000a4   0x00000010   Data   RW         1054    .data               sdio_sdcard.o
    0x200000b4   0x0000000a   Data   RW         1086    .data               ff.o
    0x200000be   0x00000002   Data   RW         1105    .data               diskio.o
    0x200000c0   0x00000154   Data   RW         1155    .data               exfuns.o
    0x20000214   0x0000001c   Data   RW         1213    .data               usmart.o
    0x20000230   0x0000010c   Data   RW         1236    .data               usmart_config.o
    0x2000033c   0x00000048   Zero   RW            4    .bss                main.o
    0x20000384   0x000000c8   Zero   RW          593    .bss                usart.o
    0x2000044c   0x0000000e   Zero   RW          724    .bss                lcd.o
    0x2000045a   0x00000006   PAD
    0x20000460   0x00000320   Zero   RW          880    .bss                usart3.o
    0x20000780   0x0001a900   Zero   RW          918    .bss                malloc.o
    0x2001b080   0x00001000   Zero   RW          946    .bss                w25qxx.o
    0x2001c080   0x00000021   Zero   RW         1021    .bss                fontupd.o
    0x2001c0a1   0x00000007   PAD
    0x2001c0a8   0x000002c0   Zero   RW         1053    .bss                sdio_sdcard.o
    0x2001c368   0x00000060   Zero   RW         1511    .bss                c_w.l(libspace.o)
    0x2001c3c8   0x00000200   Zero   RW          273    HEAP                startup_stm32f40_41xxx.o
    0x2001c5c8   0x00000400   Zero   RW          272    STACK               startup_stm32f40_41xxx.o



  Load Region LR$$.ARM.__AT_0x10000000 (Base: 0x10000000, Size: 0x00000000, Max: 0x0000f000, ABSOLUTE)

    Execution Region ER$$.ARM.__AT_0x10000000 (Base: 0x10000000, Size: 0x0000f000, Max: 0x0000f000, ABSOLUTE, UNINIT)

    Base Addr    Size         Type   Attr      Idx    E Section Name        Object

    0x10000000   0x0000f000   Zero   RW          914    .ARM.__AT_0x10000000  malloc.o



  Load Region LR$$.ARM.__AT_0x1000F000 (Base: 0x1000f000, Size: 0x00000000, Max: 0x00000f00, ABSOLUTE)

    Execution Region ER$$.ARM.__AT_0x1000F000 (Base: 0x1000f000, Size: 0x00000f00, Max: 0x00000f00, ABSOLUTE, UNINIT)

    Base Addr    Size         Type   Attr      Idx    E Section Name        Object

    0x1000f000   0x00000f00   Zero   RW          915    .ARM.__AT_0x1000F000  malloc.o



  Load Region LR$$.ARM.__AT_0x68000000 (Base: 0x68000000, Size: 0x00000000, Max: 0x000f0000, ABSOLUTE)

    Execution Region ER$$.ARM.__AT_0x68000000 (Base: 0x68000000, Size: 0x000f0000, Max: 0x000f0000, ABSOLUTE, UNINIT)

    Base Addr    Size         Type   Attr      Idx    E Section Name        Object

    0x68000000   0x000f0000   Zero   RW          916    .ARM.__AT_0x68000000  malloc.o



  Load Region LR$$.ARM.__AT_0x680F0000 (Base: 0x680f0000, Size: 0x00000000, Max: 0x0000f000, ABSOLUTE)

    Execution Region ER$$.ARM.__AT_0x680F0000 (Base: 0x680f0000, Size: 0x0000f000, Max: 0x0000f000, ABSOLUTE, UNINIT)

    Base Addr    Size         Type   Attr      Idx    E Section Name        Object

    0x680f0000   0x0000f000   Zero   RW          917    .ARM.__AT_0x680F0000  malloc.o


==============================================================================

Image component sizes


      Code (inc. data)   RO Data    RW Data    ZI Data      Debug   Object Name

       784         38         10          0          0       3770   24l01.o
       256         14          0          0          0       1203   adc.o
        64          4          0          0          0        548   beep.o
       260          8          0          4          0       1481   delay.o
       408         12          0          0          0       2178   dht11.o
       464          8          0          2          0       3514   diskio.o
       420         22         96        340          0       2720   exfuns.o
        68          0          0          0          0        590   exit.o
     12950        138         58         10          0      34962   ff.o
      1504        158        111          0         33       6800   fontupd.o
        88          8          0          0          0        587   key.o
     19584        174       6080          4         14      22334   lcd.o
        76          6          0          0          0        543   led.o
      4236        614          0          7         72     320802   main.o
       556         18         36         36    1218560       4937   malloc.o
       224         20          0          0          0     247257   misc.o
       204         12        960          0          0       1689   mycc936.o
      7468        274          0         16        704      25005   sdio_sdcard.o
      3260        588        301         59          0       4422   sim800c.o
       280          8          0          0          0       1081   spi.o
        64         26        392          0       1536        840   startup_stm32f40_41xxx.o
      1124         24          0          0          0      10538   stm32f4xx_adc.o
       936         32          0          0          0       6337   stm32f4xx_dma.o
       272         10          0          0          0       2307   stm32f4xx_exti.o
      1480         18         28          0          0       5682   stm32f4xx_fsmc.o
       660         44          0          0          0       4137   stm32f4xx_gpio.o
        26          0          0          0          0       1246   stm32f4xx_it.o
      1628         52          0         16          0      12948   stm32f4xx_rcc.o
       476         16          0          0          0       7432   stm32f4xx_sdio.o
      1152         36          0          0          0       6889   stm32f4xx_spi.o
       148         12          0          0          0       1865   stm32f4xx_syscfg.o
      3234         60          0          0          0      22344   stm32f4xx_tim.o
      1108         34          0          0          0       7840   stm32f4xx_usart.o
        16          0          0          0          0        496   sys.o
       528         46          0         20          0       1843   system_stm32f4xx.o
       724         16          0          0          0       3012   text.o
       164          8          0          0          0        988   timer.o
       332         18          0          6        200       3378   usart.o
       388         24          0          2        800       2626   usart3.o
      3124       1286         40         28          0       4430   usmart.o
         0          0        112        268          0       1572   usmart_config.o
      1320         12          0          0          0       5209   usmart_str.o
       904         34          0          2       4096       4409   w25qxx.o

    ----------------------------------------------------------------------
     72968       3932       8258        828    1226028     804791   Object Totals
         0          0         32          0          0          0   (incl. Generated)
         6          0          2          8         13          0   (incl. Padding)

    ----------------------------------------------------------------------

      Code (inc. data)   RO Data    RW Data    ZI Data      Debug   Library Member Name

        24          4          0          0          0         84   __2printf.o
        44          6          0          0          0         84   __2sprintf.o
        90          0          0          0          0          0   __dczerorl2.o
         8          0          0          0          0         68   __main.o
       392          4         17          0          0         92   __printf_flags_ss_wp.o
        14          0          0          0          0         68   __printf_wp.o
         0          0          0          0          0          0   __rtentry.o
        12          0          0          0          0          0   __rtentry2.o
         6          0          0          0          0          0   __rtentry4.o
        52          8          0          0          0          0   __scatter.o
        28          0          0          0          0          0   __scatter_zi.o
         6          0          0          0          0          0   _printf_a.o
         6          0          0          0          0          0   _printf_c.o
        44          0          0          0          0        108   _printf_char.o
        48          6          0          0          0         96   _printf_char_common.o
        36          4          0          0          0         80   _printf_char_file.o
        40          0          0          0          0         68   _printf_charcount.o
         6          0          0          0          0          0   _printf_d.o
       120         16          0          0          0         92   _printf_dec.o
         6          0          0          0          0          0   _printf_e.o
         6          0          0          0          0          0   _printf_f.o
      1050          0          0          0          0        216   _printf_fp_dec.o
       128         16          0          0          0         84   _printf_fp_infnan.o
         6          0          0          0          0          0   _printf_g.o
       148          4         40          0          0        160   _printf_hex_int_ll_ptr.o
         6          0          0          0          0          0   _printf_i.o
       178          0          0          0          0         88   _printf_intcommon.o
        10          0          0          0          0          0   _printf_l.o
         6          0          0          0          0          0   _printf_lc.o
        10          0          0          0          0          0   _printf_ll.o
         6          0          0          0          0          0   _printf_lld.o
         6          0          0          0          0          0   _printf_lli.o
         6          0          0          0          0          0   _printf_llo.o
         6          0          0          0          0          0   _printf_llu.o
         6          0          0          0          0          0   _printf_llx.o
       124         16          0          0          0         92   _printf_longlong_dec.o
         6          0          0          0          0          0   _printf_ls.o
         6          0          0          0          0          0   _printf_n.o
         6          0          0          0          0          0   _printf_o.o
       112          8          0          0          0        124   _printf_oct_int_ll.o
         6          0          0          0          0          0   _printf_p.o
        78          0          0          0          0        108   _printf_pad.o
         0          0          0          0          0          0   _printf_percent.o
         4          0          0          0          0          0   _printf_percent_end.o
         6          0          0          0          0          0   _printf_s.o
        82          0          0          0          0         80   _printf_str.o
        36          0          0          0          0         84   _printf_truncate.o
         6          0          0          0          0          0   _printf_u.o
        44          0          0          0          0        108   _printf_wchar.o
       188          6          8          0          0         92   _printf_wctomb.o
         6          0          0          0          0          0   _printf_x.o
        10          0          0          0          0         68   _sputc.o
        64          0          0          0          0         92   _wcrtomb.o
       220          4        148          0          0         96   bigflt0.o
      1910        128          0          0          0        672   btod.o
        36          4          0          0          0         76   c89vsprintf.o
        12          0          0          0          0         72   exit.o
         8          0          0          0          0         68   ferror.o
         6          0          0          0          0        152   heapauxi.o
        44         10        272          0          0         76   lc_ctype_c.o
        44         10         28          0          0         76   lc_numeric_c.o
         2          0          0          0          0          0   libinit.o
        34          0          0          0          0          0   libinit2.o
         2          0          0          0          0          0   libshutdown.o
         2          0          0          0          0          0   libshutdown2.o
         8          4          0          0         96         68   libspace.o
        72          0          0          0          0         76   llsdiv.o
       138          0          0          0          0         80   lludiv10.o
       238          0          0          0          0        100   lludivv7m.o
        16          4          0          0          0         76   rt_ctype_table.o
         8          4          0          0          0         68   rt_locale_intlibspace.o
       138          0          0          0          0         68   rt_memcpy_v6.o
       100          0          0          0          0         80   rt_memcpy_w.o
         2          0          0          0          0          0   rtexit.o
        10          0          0          0          0          0   rtexit2.o
        24          0          0          0          0         68   strcat.o
       128          0          0          0          0         68   strcmpv7m.o
        72          0          0          0          0         80   strcpy.o
        62          0          0          0          0         76   strlen.o
        36          0          0          0          0         80   strstr.o
        74          0          0          0          0         80   sys_stackheap_outer.o
         2          0          0          0          0         68   use_no_semi.o
         2          0          0          0          0         68   use_no_semi_2.o
        98          4          0          0          0        140   d2f.o
        90          4          0          0          0        140   dfixu.o
        38          0          0          0          0        116   dflt_clz.o
       340         12          0          0          0        152   dmul.o
       156          4          0          0          0        140   dnaninf.o
        12          0          0          0          0        116   dretinf.o
        86          4          0          0          0        132   f2d.o
       140          4          0          0          0        132   fnaninf.o
        10          0          0          0          0        116   fpinit.o
        10          0          0          0          0        116   fretinf.o
         4          0          0          0          0        116   printf1.o
         0          0          0          0          0          0   usenofp.o
        48          0          0          0          0        124   fpclassify.o

    ----------------------------------------------------------------------
      7844        298        514          0         96       6268   Library Totals
        18          0          1          0          0          0   (incl. Padding)

    ----------------------------------------------------------------------

      Code (inc. data)   RO Data    RW Data    ZI Data      Debug   Library Name

      6794        266        513          0         96       4728   c_w.l
       984         32          0          0          0       1416   fz_wm.l
        48          0          0          0          0        124   m_wm.l

    ----------------------------------------------------------------------
      7844        298        514          0         96       6268   Library Totals

    ----------------------------------------------------------------------

==============================================================================


      Code (inc. data)   RO Data    RW Data    ZI Data      Debug   

     80812       4230       8772        828    1226124     798507   Grand Totals
     80812       4230       8772        236    1226124     798507   ELF Image Totals (compressed)
     80812       4230       8772        236          0          0   ROM Totals

==============================================================================

    Total RO  Size (Code + RO Data)                89584 (  87.48kB)
    Total RW  Size (RW Data + ZI Data)           1226952 (1198.20kB)
    Total ROM Size (Code + RO Data + RW Data)      89820 (  87.71kB)

==============================================================================

