Component: ARM Compiler 5.05 update 1 (build 106) Tool: armlink [4d0efa]

==============================================================================

Section Cross References

    main.o(.text) refers to delay.o(.text) for delay_ms
    main.o(.text) refers to stm32f4xx_exti.o(.text) for EXTI_GetITStatus
    main.o(.text) refers to lcd.o(.text) for LCD_ShowNum
    main.o(.text) refers to misc.o(.text) for NVIC_PriorityGroupConfig
    main.o(.text) refers to usart.o(.text) for uart_init
    main.o(.text) refers to adc.o(.text) for Adc_Init
    main.o(.text) refers to led.o(.text) for LED_Init
    main.o(.text) refers to beep.o(.text) for BEEP_Init
    main.o(.text) refers to exit.o(.text) for MYEXIT_Init
    main.o(.text) refers to w25qxx.o(.text) for W25QXX_Init
    main.o(.text) refers to 24l01.o(.text) for NRF24L01_Init
    main.o(.text) refers to key.o(.text) for KEY_Init
    main.o(.text) refers to f2d.o(x$fpl$f2d) for __aeabi_f2d
    main.o(.text) refers to dmul.o(x$fpl$dmul) for __aeabi_dmul
    main.o(.text) refers to d2f.o(x$fpl$d2f) for __aeabi_d2f
    main.o(.text) refers to main.o(.data) for sum
    main.o(.text) refers to lcd.o(.data) for POINT_COLOR
    main.o(.text) refers to lcd.o(.bss) for lcddev
    system_stm32f4xx.o(.text) refers to system_stm32f4xx.o(.data) for SystemCoreClock
    startup_stm32f40_41xxx.o(STACK) refers (Special) to heapauxi.o(.text) for __use_two_region_memory
    startup_stm32f40_41xxx.o(HEAP) refers (Special) to heapauxi.o(.text) for __use_two_region_memory
    startup_stm32f40_41xxx.o(RESET) refers (Special) to heapauxi.o(.text) for __use_two_region_memory
    startup_stm32f40_41xxx.o(RESET) refers to startup_stm32f40_41xxx.o(STACK) for __initial_sp
    startup_stm32f40_41xxx.o(RESET) refers to startup_stm32f40_41xxx.o(.text) for Reset_Handler
    startup_stm32f40_41xxx.o(RESET) refers to stm32f4xx_it.o(.text) for NMI_Handler
    startup_stm32f40_41xxx.o(RESET) refers to main.o(.text) for EXTI0_IRQHandler
    startup_stm32f40_41xxx.o(RESET) refers to usart.o(.text) for USART1_IRQHandler
    startup_stm32f40_41xxx.o(.text) refers (Special) to heapauxi.o(.text) for __use_two_region_memory
    startup_stm32f40_41xxx.o(.text) refers to system_stm32f4xx.o(.text) for SystemInit
    startup_stm32f40_41xxx.o(.text) refers to __main.o(!!!main) for __main
    startup_stm32f40_41xxx.o(.text) refers to startup_stm32f40_41xxx.o(HEAP) for Heap_Mem
    startup_stm32f40_41xxx.o(.text) refers to startup_stm32f40_41xxx.o(STACK) for Stack_Mem
    stm32f4xx_gpio.o(.text) refers to stm32f4xx_rcc.o(.text) for RCC_AHB1PeriphResetCmd
    stm32f4xx_rcc.o(.text) refers to stm32f4xx_rcc.o(.data) for APBAHBPrescTable
    stm32f4xx_usart.o(.text) refers to stm32f4xx_rcc.o(.text) for RCC_APB2PeriphResetCmd
    stm32f4xx_syscfg.o(.text) refers to stm32f4xx_rcc.o(.text) for RCC_APB2PeriphResetCmd
    stm32f4xx_fsmc.o(.text) refers to stm32f4xx_fsmc.o(.constdata) for FSMC_DefaultTimingStruct
    stm32f4xx_adc.o(.text) refers to stm32f4xx_rcc.o(.text) for RCC_APB2PeriphResetCmd
    stm32f4xx_spi.o(.text) refers to stm32f4xx_rcc.o(.text) for RCC_APB2PeriphResetCmd
    delay.o(.text) refers to misc.o(.text) for SysTick_CLKSourceConfig
    delay.o(.text) refers to delay.o(.data) for fac_us
    usart.o(.rev16_text) refers (Special) to use_no_semi_2.o(.text) for __use_no_semihosting
    usart.o(.revsh_text) refers (Special) to use_no_semi_2.o(.text) for __use_no_semihosting
    usart.o(.text) refers (Special) to use_no_semi_2.o(.text) for __use_no_semihosting
    usart.o(.text) refers to stm32f4xx_rcc.o(.text) for RCC_AHB1PeriphClockCmd
    usart.o(.text) refers to stm32f4xx_gpio.o(.text) for GPIO_PinAFConfig
    usart.o(.text) refers to stm32f4xx_usart.o(.text) for USART_Init
    usart.o(.text) refers to misc.o(.text) for NVIC_Init
    usart.o(.text) refers to usart.o(.data) for USART_RX_STA
    usart.o(.text) refers to usart.o(.bss) for USART_RX_BUF
    usart.o(.bss) refers (Special) to use_no_semi_2.o(.text) for __use_no_semihosting
    usart.o(.data) refers (Special) to use_no_semi_2.o(.text) for __use_no_semihosting
    beep.o(.text) refers to stm32f4xx_rcc.o(.text) for RCC_AHB1PeriphClockCmd
    beep.o(.text) refers to stm32f4xx_gpio.o(.text) for GPIO_Init
    led.o(.text) refers to stm32f4xx_rcc.o(.text) for RCC_AHB1PeriphClockCmd
    led.o(.text) refers to stm32f4xx_gpio.o(.text) for GPIO_Init
    key.o(.text) refers to stm32f4xx_rcc.o(.text) for RCC_AHB1PeriphClockCmd
    key.o(.text) refers to stm32f4xx_gpio.o(.text) for GPIO_Init
    exit.o(.text) refers to stm32f4xx_rcc.o(.text) for RCC_APB2PeriphClockCmd
    exit.o(.text) refers to key.o(.text) for KEY_Init
    exit.o(.text) refers to stm32f4xx_syscfg.o(.text) for SYSCFG_EXTILineConfig
    exit.o(.text) refers to stm32f4xx_exti.o(.text) for EXTI_Init
    exit.o(.text) refers to misc.o(.text) for NVIC_Init
    lcd.o(.text) refers to _printf_percent.o(.ARM.Collect$$_printf_percent$$00000000) for _printf_percent
[...]
    ../clib/printf.c                         0x00000000   Number         0  _printf_hex_int_ll.o ABSOLUTE
    ../clib/printf.c                         0x00000000   Number         0  _printf_hex_ll.o ABSOLUTE
    ../clib/printf.c                         0x00000000   Number         0  _printf_hex_ll_ptr.o ABSOLUTE
    ../clib/printf.c                         0x00000000   Number         0  _printf_intcommon.o ABSOLUTE
    ../clib/printf.c                         0x00000000   Number         0  __printf.o ABSOLUTE
    ../clib/printf.c                         0x00000000   Number         0  _printf_char_common.o ABSOLUTE
    ../clib/printf.c                         0x00000000   Number         0  _printf_hex_int.o ABSOLUTE
    ../clib/printf.c                         0x00000000   Number         0  _printf_char_file.o ABSOLUTE
    ../clib/printf.c                         0x00000000   Number         0  __2printf.o ABSOLUTE
    ../clib/printf.c                         0x00000000   Number         0  __printf_flags_ss_wp.o ABSOLUTE
    ../clib/printf.c                         0x00000000   Number         0  __printf_ss_wp.o ABSOLUTE
    ../clib/printf.c                         0x00000000   Number         0  __printf_flags_wp.o ABSOLUTE
    ../clib/printf.c                         0x00000000   Number         0  __printf_wp.o ABSOLUTE
    ../clib/printf.c                         0x00000000   Number         0  __printf_flags_ss.o ABSOLUTE
    ../clib/printf.c                         0x00000000   Number         0  __printf_ss.o ABSOLUTE
    ../clib/printf.c                         0x00000000   Number         0  __printf_flags.o ABSOLUTE
    ../clib/printf_percent.s                 0x00000000   Number         0  _printf_percent.o ABSOLUTE
    ../clib/printf_percent.s                 0x00000000   Number         0  _printf_x.o ABSOLUTE
    ../clib/printf_percent.s                 0x00000000   Number         0  _printf_percent_end.o ABSOLUTE
    ../clib/signal.c                         0x00000000   Number         0  defsig_rtred_inner.o ABSOLUTE
    ../clib/signal.c                         0x00000000   Number         0  defsig_fpe_inner.o ABSOLUTE
    ../clib/signal.c                         0x00000000   Number         0  defsig_abrt_inner.o ABSOLUTE
    ../clib/signal.c                         0x00000000   Number         0  __raise.o ABSOLUTE
    ../clib/signal.c                         0x00000000   Number         0  defsig_rtmem_inner.o ABSOLUTE
    ../clib/signal.c                         0x00000000   Number         0  defsig_exit.o ABSOLUTE
    ../clib/signal.c                         0x00000000   Number         0  defsig_rtmem_formal.o ABSOLUTE
    ../clib/signal.c                         0x00000000   Number         0  defsig_rtmem_outer.o ABSOLUTE
    ../clib/signal.c                         0x00000000   Number         0  defsig_general.o ABSOLUTE
    ../clib/signal.c                         0x00000000   Number         0  defsig_stak_inner.o ABSOLUTE
    ../clib/signal.c                         0x00000000   Number         0  defsig_pvfn_inner.o ABSOLUTE
    ../clib/signal.c                         0x00000000   Number         0  defsig_cppl_inner.o ABSOLUTE
    ../clib/signal.c                         0x00000000   Number         0  defsig_segv_inner.o ABSOLUTE
    ../clib/signal.c                         0x00000000   Number         0  defsig_other.o ABSOLUTE
    ../clib/signal.s                         0x00000000   Number         0  defsig.o ABSOLUTE
    ../clib/stdio.c                          0x00000000   Number         0  ferror.o ABSOLUTE
    ../clib/stdio.c                          0x00000000   Number         0  ferror_locked.o ABSOLUTE
    ../clib/stdlib.c                         0x00000000   Number         0  exit.o ABSOLUTE
    ../fplib/d2f.s                           0x00000000   Number         0  d2f.o ABSOLUTE
    ../fplib/dfixu.s                         0x00000000   Number         0  dfixu.o ABSOLUTE
    ../fplib/dflt.s                          0x00000000   Number         0  dflt_clz.o ABSOLUTE
    ../fplib/dmul.s                          0x00000000   Number         0  dmul.o ABSOLUTE
    ../fplib/dnaninf.s                       0x00000000   Number         0  dnaninf.o ABSOLUTE
    ../fplib/dretinf.s                       0x00000000   Number         0  dretinf.o ABSOLUTE
    ../fplib/f2d.s                           0x00000000   Number         0  f2d.o ABSOLUTE
    ../fplib/fnaninf.s                       0x00000000   Number         0  fnaninf.o ABSOLUTE
    ../fplib/fpinit.s                        0x00000000   Number         0  fpinit.o ABSOLUTE
    ../fplib/fretinf.s                       0x00000000   Number         0  fretinf.o ABSOLUTE
    ../fplib/usenofp.s                       0x00000000   Number         0  usenofp.o ABSOLUTE
    ..\CORE\startup_stm32f40_41xxx.s         0x00000000   Number         0  startup_stm32f40_41xxx.o ABSOLUTE
    ..\FWLIB\src\misc.c                      0x00000000   Number         0  misc.o ABSOLUTE
    ..\FWLIB\src\stm32f4xx_adc.c             0x00000000   Number         0  stm32f4xx_adc.o ABSOLUTE
    ..\FWLIB\src\stm32f4xx_exti.c            0x00000000   Number         0  stm32f4xx_exti.o ABSOLUTE
    ..\FWLIB\src\stm32f4xx_fsmc.c            0x00000000   Number         0  stm32f4xx_fsmc.o ABSOLUTE
    ..\FWLIB\src\stm32f4xx_gpio.c            0x00000000   Number         0  stm32f4xx_gpio.o ABSOLUTE
    ..\FWLIB\src\stm32f4xx_rcc.c             0x00000000   Number         0  stm32f4xx_rcc.o ABSOLUTE
    ..\FWLIB\src\stm32f4xx_spi.c             0x00000000   Number         0  stm32f4xx_spi.o ABSOLUTE
    ..\FWLIB\src\stm32f4xx_syscfg.c          0x00000000   Number         0  stm32f4xx_syscfg.o ABSOLUTE
    ..\FWLIB\src\stm32f4xx_usart.c           0x00000000   Number         0  stm32f4xx_usart.o ABSOLUTE
    ..\HARDWARE\ADC\adc.c                    0x00000000   Number         0  adc.o ABSOLUTE
    ..\HARDWARE\BEEP\beep.c                  0x00000000   Number         0  beep.o ABSOLUTE
    ..\HARDWARE\EXTI\exit.c                  0x00000000   Number         0  exit.o ABSOLUTE
    ..\HARDWARE\KEY\key.c                    0x00000000   Number         0  key.o ABSOLUTE
    ..\HARDWARE\LCD\lcd.c                    0x00000000   Number         0  lcd.o ABSOLUTE
    ..\HARDWARE\LED\led.c                    0x00000000   Number         0  led.o ABSOLUTE
    ..\HARDWARE\NRF24L01\24l01.c             0x00000000   Number         0  24l01.o ABSOLUTE
    ..\HARDWARE\SPI\spi.c                    0x00000000   Number         0  spi.o ABSOLUTE
    ..\HARDWARE\W25QXX\w25qxx.c              0x00000000   Number         0  w25qxx.o ABSOLUTE
    ..\SYSTEM\delay\delay.c                  0x00000000   Number         0  delay.o ABSOLUTE
    ..\SYSTEM\sys\sys.c                      0x00000000   Number         0  sys.o ABSOLUTE
    ..\SYSTEM\usart\usart.c                  0x00000000   Number         0  usart.o ABSOLUTE
    ..\\FWLIB\\src\\misc.c                   0x00000000   Number         0  misc.o ABSOLUTE
    ..\\FWLIB\\src\\stm32f4xx_adc.c          0x00000000   Number         0  stm32f4xx_adc.o ABSOLUTE
    ..\\FWLIB\\src\\stm32f4xx_exti.c         0x00000000   Number         0  stm32f4xx_exti.o ABSOLUTE
    ..\\FWLIB\\src\\stm32f4xx_fsmc.c         0x00000000   Number         0  stm32f4xx_fsmc.o ABSOLUTE
    ..\\FWLIB\\src\\stm32f4xx_gpio.c         0x00000000   Number         0  stm32f4xx_gpio.o ABSOLUTE
    ..\\FWLIB\\src\\stm32f4xx_rcc.c          0x00000000   Number         0  stm32f4xx_rcc.o ABSOLUTE
    ..\\FWLIB\\src\\stm32f4xx_spi.c          0x00000000   Number         0  stm32f4xx_spi.o ABSOLUTE
    ..\\FWLIB\\src\\stm32f4xx_syscfg.c       0x00000000   Number         0  stm32f4xx_syscfg.o ABSOLUTE
    ..\\FWLIB\\src\\stm32f4xx_usart.c        0x00000000   Number         0  stm32f4xx_usart.o ABSOLUTE
    ..\\HARDWARE\\ADC\\adc.c                 0x00000000   Number         0  adc.o ABSOLUTE
    ..\\HARDWARE\\BEEP\\beep.c               0x00000000   Number         0  beep.o ABSOLUTE
    ..\\HARDWARE\\EXTI\\exit.c               0x00000000   Number         0  exit.o ABSOLUTE
    ..\\HARDWARE\\KEY\\key.c                 0x00000000   Number         0  key.o ABSOLUTE
    ..\\HARDWARE\\LCD\\lcd.c                 0x00000000   Number         0  lcd.o ABSOLUTE
    ..\\HARDWARE\\LED\\led.c                 0x00000000   Number         0  led.o ABSOLUTE
    ..\\HARDWARE\\NRF24L01\\24l01.c          0x00000000   Number         0  24l01.o ABSOLUTE
    ..\\HARDWARE\\SPI\\spi.c                 0x00000000   Number         0  spi.o ABSOLUTE
    ..\\HARDWARE\\W25QXX\\w25qxx.c           0x00000000   Number         0  w25qxx.o ABSOLUTE
    ..\\SYSTEM\\delay\\delay.c               0x00000000   Number         0  delay.o ABSOLUTE
    ..\\SYSTEM\\sys\\sys.c                   0x00000000   Number         0  sys.o ABSOLUTE
    ..\\SYSTEM\\usart\\usart.c               0x00000000   Number         0  usart.o ABSOLUTE
    dc.s                                     0x00000000   Number         0  dc.o ABSOLUTE
    main.c                                   0x00000000   Number         0  main.o ABSOLUTE
    main.c                                   0x00000000   Number         0  main.o ABSOLUTE
    stm32f4xx_it.c                           0x00000000   Number         0  stm32f4xx_it.o ABSOLUTE
    stm32f4xx_it.c                           0x00000000   Number         0  stm32f4xx_it.o ABSOLUTE
    system_stm32f4xx.c                       0x00000000   Number         0  system_stm32f4xx.o ABSOLUTE
    system_stm32f4xx.c                       0x00000000   Number         0  system_stm32f4xx.o ABSOLUTE
    RESET                                    0x08000000   Section      392  startup_stm32f40_41xxx.o(RESET)
    !!!main                                  0x08000188   Section        8  __main.o(!!!main)
    !!!scatter                               0x08000190   Section       52  __scatter.o(!!!scatter)
    !!handler_copy                           0x080001c4   Section       26  __scatter_copy.o(!!handler_copy)
    !!handler_zi                             0x080001e0   Section       28  __scatter_zi.o(!!handler_zi)
    .ARM.Collect$$_printf_percent$$00000000  0x080001fc   Section        0  _printf_percent.o(.ARM.Collect$$_printf_percent$$00000000)
    .ARM.Collect$$_printf_percent$$0000000C  0x080001fc   Section        6  _printf_x.o(.ARM.Collect$$_printf_percent$$0000000C)
    .ARM.Collect$$_printf_percent$$00000017  0x08000202   Section        4  _printf_percent_end.o(.ARM.Collect$$_printf_percent$$00000017)
    .ARM.Collect$$libinit$$00000000          0x08000206   Section        2  libinit.o(.ARM.Collect$$libinit$$00000000)
    .ARM.Collect$$libinit$$00000001          0x08000208   Section        4  libinit2.o(.ARM.Collect$$libinit$$00000001)
    .ARM.Collect$$libinit$$00000004          0x0800020c   Section        0  libinit2.o(.ARM.Collect$$libinit$$00000004)
    .ARM.Collect$$libinit$$0000000A          0x0800020c   Section        0  libinit2.o(.ARM.Collect$$libinit$$0000000A)
    .ARM.Collect$$libinit$$0000000C          0x0800020c   Section        0  libinit2.o(.ARM.Collect$$libinit$$0000000C)
    .ARM.Collect$$libinit$$0000000E          0x0800020c   Section        0  libinit2.o(.ARM.Collect$$libinit$$0000000E)
    .ARM.Collect$$libinit$$00000011          0x0800020c   Section        0  libinit2.o(.ARM.Collect$$libinit$$00000011)
    .ARM.Collect$$libinit$$00000013          0x0800020c   Section        0  libinit2.o(.ARM.Collect$$libinit$$00000013)
    .ARM.Collect$$libinit$$00000015          0x0800020c   Section        0  libinit2.o(.ARM.Collect$$libinit$$00000015)
    .ARM.Collect$$libinit$$00000017          0x0800020c   Section        0  libinit2.o(.ARM.Collect$$libinit$$00000017)
    .ARM.Collect$$libinit$$00000019          0x0800020c   Section        0  libinit2.o(.ARM.Collect$$libinit$$00000019)
    .ARM.Collect$$libinit$$0000001B          0x0800020c   Section        0  libinit2.o(.ARM.Collect$$libinit$$0000001B)
    .ARM.Collect$$libinit$$0000001D          0x0800020c   Section        0  libinit2.o(.ARM.Collect$$libinit$$0000001D)
    .ARM.Collect$$libinit$$0000001F          0x0800020c   Section        0  libinit2.o(.ARM.Collect$$libinit$$0000001F)
    .ARM.Collect$$libinit$$00000021          0x0800020c   Section        0  libinit2.o(.ARM.Collect$$libinit$$00000021)
    .ARM.Collect$$libinit$$00000023          0x0800020c   Section        0  libinit2.o(.ARM.Collect$$libinit$$00000023)
    .ARM.Collect$$libinit$$00000025          0x0800020c   Section        0  libinit2.o(.ARM.Collect$$libinit$$00000025)
    .ARM.Collect$$libinit$$0000002C          0x0800020c   Section        0  libinit2.o(.ARM.Collect$$libinit$$0000002C)
    .ARM.Collect$$libinit$$0000002E          0x0800020c   Section        0  libinit2.o(.ARM.Collect$$libinit$$0000002E)
    .ARM.Collect$$libinit$$00000030          0x0800020c   Section        0  libinit2.o(.ARM.Collect$$libinit$$00000030)
    .ARM.Collect$$libinit$$00000032          0x0800020c   Section        0  libinit2.o(.ARM.Collect$$libinit$$00000032)
    .ARM.Collect$$libinit$$00000033          0x0800020c   Section        2  libinit2.o(.ARM.Collect$$libinit$$00000033)
    .ARM.Collect$$libshutdown$$00000000      0x0800020e   Section        2  libshutdown.o(.ARM.Collect$$libshutdown$$00000000)
    .ARM.Collect$$libshutdown$$00000003      0x08000210   Section        0  libshutdown2.o(.ARM.Collect$$libshutdown$$00000003)
    .ARM.Collect$$libshutdown$$00000006      0x08000210   Section        0  libshutdown2.o(.ARM.Collect$$libshutdown$$00000006)
    .ARM.Collect$$libshutdown$$00000009      0x08000210   Section        0  libshutdown2.o(.ARM.Collect$$libshutdown$$00000009)
    .ARM.Collect$$libshutdown$$0000000B      0x08000210   Section        0  libshutdown2.o(.ARM.Collect$$libshutdown$$0000000B)
    .ARM.Collect$$libshutdown$$0000000E      0x08000210   Section        0  libshutdown2.o(.ARM.Collect$$libshutdown$$0000000E)
    .ARM.Collect$$libshutdown$$0000000F      0x08000210   Section        2  libshutdown2.o(.ARM.Collect$$libshutdown$$0000000F)
    .ARM.Collect$$rtentry$$00000000          0x08000212   Section        0  __rtentry.o(.ARM.Collect$$rtentry$$00000000)
    .ARM.Collect$$rtentry$$00000002          0x08000212   Section        0  __rtentry2.o(.ARM.Collect$$rtentry$$00000002)
    .ARM.Collect$$rtentry$$00000004          0x08000212   Section        6  __rtentry4.o(.ARM.Collect$$rtentry$$00000004)
    .ARM.Collect$$rtentry$$00000009          0x08000218   Section        0  __rtentry2.o(.ARM.Collect$$rtentry$$00000009)
    .ARM.Collect$$rtentry$$0000000A          0x08000218   Section        4  __rtentry2.o(.ARM.Collect$$rtentry$$0000000A)
    .ARM.Collect$$rtentry$$0000000C          0x0800021c   Section        0  __rtentry2.o(.ARM.Collect$$rtentry$$0000000C)
    .ARM.Collect$$rtentry$$0000000D          0x0800021c   Section        8  __rtentry2.o(.ARM.Collect$$rtentry$$0000000D)
    .ARM.Collect$$rtexit$$00000000           0x08000224   Section        2  rtexit.o(.ARM.Collect$$rtexit$$00000000)
    .ARM.Collect$$rtexit$$00000002           0x08000226   Section        0  rtexit2.o(.ARM.Collect$$rtexit$$00000002)
    .ARM.Collect$$rtexit$$00000003           0x08000226   Section        4  rtexit2.o(.ARM.Collect$$rtexit$$00000003)
    .ARM.Collect$$rtexit$$00000004           0x0800022a   Section        6  rtexit2.o(.ARM.Collect$$rtexit$$00000004)
    .text                                    0x08000230   Section        0  main.o(.text)
    .text                                    0x080009b8   Section        0  stm32f4xx_it.o(.text)
    .text                                    0x080009d4   Section        0  system_stm32f4xx.o(.text)
    SetSysClock                              0x080009d5   Thumb Code   220  system_stm32f4xx.o(.text)
    .text                                    0x08000be4   Section       64  startup_stm32f40_41xxx.o(.text)
    $v0                                      0x08000be4   Number         0  startup_stm32f40_41xxx.o(.text)
    .text                                    0x08000c24   Section        0  misc.o(.text)
    .text                                    0x08000d04   Section        0  stm32f4xx_gpio.o(.text)
    .text                                    0x08000f98   Section        0  stm32f4xx_rcc.o(.text)
    .text                                    0x080015f4   Section        0  stm32f4xx_usart.o(.text)
    .text                                    0x08001a48   Section        0  stm32f4xx_exti.o(.text)
    .text                                    0x08001b58   Section        0  stm32f4xx_syscfg.o(.text)
    .text                                    0x08001bec   Section        0  stm32f4xx_fsmc.o(.text)
    .text                                    0x080021b4   Section        0  stm32f4xx_adc.o(.text)
    .text                                    0x08002618   Section        0  stm32f4xx_spi.o(.text)
    .text                                    0x08002a98   Section        0  delay.o(.text)
    .text                                    0x08002b9c   Section        0  usart.o(.text)
    .text                                    0x08002ce8   Section        0  beep.o(.text)
    .text                                    0x08002d28   Section        0  led.o(.text)
    .text                                    0x08002d74   Section        0  key.o(.text)
    .text                                    0x08002dcc   Section        0  exit.o(.text)
    .text                                    0x08002e10   Section        0  lcd.o(.text)
    .text                                    0x08007a90   Section        0  adc.o(.text)
    .text                                    0x08007b90   Section        0  24l01.o(.text)
    .text                                    0x08007f7c   Section        0  spi.o(.text)
    .text                                    0x08008094   Section        0  w25qxx.o(.text)
    .text                                    0x08008464   Section        2  use_no_semi_2.o(.text)
    .text                                    0x08008468   Section        0  noretval__2printf.o(.text)
    .text                                    0x08008480   Section        0  __printf.o(.text)
    .text                                    0x080084e8   Section        0  _printf_hex_int.o(.text)
    .text                                    0x08008540   Section        0  heapauxi.o(.text)
    .text                                    0x08008546   Section        2  use_no_semi.o(.text)
    .text                                    0x08008548   Section        0  _printf_intcommon.o(.text)
    .text                                    0x080085fc   Section        0  _printf_char_file.o(.text)
    .text                                    0x08008620   Section        0  _printf_char_common.o(.text)
    _printf_input_char                       0x08008621   Thumb Code    10  _printf_char_common.o(.text)
    .text                                    0x08008650   Section        0  ferror.o(.text)
    .text                                    0x08008658   Section       74  sys_stackheap_outer.o(.text)
    .text                                    0x080086a2   Section        0  exit.o(.text)
    .text                                    0x080086b0   Section        8  libspace.o(.text)
    x$fpl$d2f                                0x080086b8   Section       98  d2f.o(x$fpl$d2f)
    $v0                                      0x080086b8   Number         0  d2f.o(x$fpl$d2f)
    x$fpl$dfixu                              0x0800871c   Section       90  dfixu.o(x$fpl$dfixu)
    $v0                                      0x0800871c   Number         0  dfixu.o(x$fpl$dfixu)
    x$fpl$dfltu                              0x08008776   Section       38  dflt_clz.o(x$fpl$dfltu)
    $v0                                      0x08008776   Number         0  dflt_clz.o(x$fpl$dfltu)
    x$fpl$dmul                               0x0800879c   Section      340  dmul.o(x$fpl$dmul)
    $v0                                      0x0800879c   Number         0  dmul.o(x$fpl$dmul)
    x$fpl$dnaninf                            0x080088f0   Section      156  dnaninf.o(x$fpl$dnaninf)
    $v0                                      0x080088f0   Number         0  dnaninf.o(x$fpl$dnaninf)
    x$fpl$dretinf                            0x0800898c   Section       12  dretinf.o(x$fpl$dretinf)
    $v0                                      0x0800898c   Number         0  dretinf.o(x$fpl$dretinf)
    x$fpl$f2d                                0x08008998   Section       86  f2d.o(x$fpl$f2d)
    $v0                                      0x08008998   Number         0  f2d.o(x$fpl$f2d)
    x$fpl$fnaninf                            0x080089ee   Section      140  fnaninf.o(x$fpl$fnaninf)
    $v0                                      0x080089ee   Number         0  fnaninf.o(x$fpl$fnaninf)
    x$fpl$fpinit                             0x08008a7a   Section       10  fpinit.o(x$fpl$fpinit)
    $v0                                      0x08008a7a   Number         0  fpinit.o(x$fpl$fpinit)
    x$fpl$fretinf                            0x08008a84   Section       10  fretinf.o(x$fpl$fretinf)
    $v0                                      0x08008a84   Number         0  fretinf.o(x$fpl$fretinf)
    x$fpl$usenofp                            0x08008a8e   Section        0  usenofp.o(x$fpl$usenofp)
    .constdata                               0x08008a90   Section       28  stm32f4xx_fsmc.o(.constdata)
    .constdata                               0x08008aac   Section     6080  lcd.o(.constdata)
    .constdata                               0x0800a26c   Section       10  24l01.o(.constdata)
    .constdata                               0x0800a276   Section       40  _printf_hex_int.o(.constdata)
    uc_hextab                                0x0800a276   Data          20  _printf_hex_int.o(.constdata)
    lc_hextab                                0x0800a28a   Data          20  _printf_hex_int.o(.constdata)
    .data                                    0x20000000   Section        2  main.o(.data)
    sum                                      0x20000000   Data           2  main.o(.data)
    .data                                    0x20000004   Section       20  system_stm32f4xx.o(.data)
    .data                                    0x20000018   Section       16  stm32f4xx_rcc.o(.data)
    APBAHBPrescTable                         0x20000018   Data          16  stm32f4xx_rcc.o(.data)
    .data                                    0x20000028   Section        4  delay.o(.data)
    fac_us                                   0x20000028   Data           1  delay.o(.data)
    fac_ms                                   0x2000002a   Data           2  delay.o(.data)
    .data                                    0x2000002c   Section        6  usart.o(.data)
    .data                                    0x20000032   Section        4  lcd.o(.data)
    .data                                    0x20000036   Section        2  w25qxx.o(.data)
    .bss                                     0x20000038   Section      200  usart.o(.bss)
    .bss                                     0x20000100   Section       14  lcd.o(.bss)
    .bss                                     0x2000010e   Section     4096  w25qxx.o(.bss)
    .bss                                     0x20001110   Section       96  libspace.o(.bss)
    HEAP                                     0x20001170   Section      512  startup_stm32f40_41xxx.o(HEAP)
    Heap_Mem                                 0x20001170   Data         512  startup_stm32f40_41xxx.o(HEAP)
    STACK                                    0x20001370   Section     1024  startup_stm32f40_41xxx.o(STACK)
    Stack_Mem                                0x20001370   Data        1024  startup_stm32f40_41xxx.o(STACK)
    __initial_sp                             0x20001770   Data           0  startup_stm32f40_41xxx.o(STACK)

    Global Symbols

    Symbol Name                              Value     Ov Type        Size  Object(Section)

    BuildAttributes$$THM_ISAv4$E$P$D$K$B$S$7EM$VFPi3$EXTD16$VFPS$VFMA$PE$A:L22UL41UL21$X:L11$S22US41US21$IEEE1$IW$USESV6$~STKCKD$USESV7$~SHL$OSPACE$ROPI$EBA8$UX$STANDARDLIB$REQ8$PRES8$EABIv2 0x00000000   Number         0  anon$$obj.o ABSOLUTE
    __ARM_use_no_argv                        0x00000000   Number         0  main.o ABSOLUTE
    __ARM_exceptions_init                     - Undefined Weak Reference
    __alloca_initialize                       - Undefined Weak Reference
    __arm_preinit_                            - Undefined Weak Reference
    __cpp_initialize__aeabi_                  - Undefined Weak Reference
    __cxa_finalize                            - Undefined Weak Reference
    __rt_locale                               - Undefined Weak Reference
    __sigvec_lookup                           - Undefined Weak Reference
    _atexit_init                              - Undefined Weak Reference
    _call_atexit_fns                          - Undefined Weak Reference
    _clock_init                               - Undefined Weak Reference
    _fp_trap_init                             - Undefined Weak Reference
    _fp_trap_shutdown                         - Undefined Weak Reference
    _get_lc_collate                           - Undefined Weak Reference
    _get_lc_ctype                             - Undefined Weak Reference
    _get_lc_monetary                          - Undefined Weak Reference
    _get_lc_numeric                           - Undefined Weak Reference
    _get_lc_time                              - Undefined Weak Reference
    _getenv_init                              - Undefined Weak Reference
    _handle_redirection                       - Undefined Weak Reference
    _init_alloc                               - Undefined Weak Reference
    _init_user_alloc                          - Undefined Weak Reference
    _initio                                   - Undefined Weak Reference
    _mutex_acquire                            - Undefined Weak Reference
    _mutex_release                            - Undefined Weak Reference
    _printf_post_padding                      - Undefined Weak Reference
    _printf_pre_padding                       - Undefined Weak Reference
    _printf_truncate_unsigned                 - Undefined Weak Reference
    _rand_init                                - Undefined Weak Reference
    _signal_finish                            - Undefined Weak Reference
    _signal_init                              - Undefined Weak Reference
    _terminate_alloc                          - Undefined Weak Reference
    _terminate_user_alloc                     - Undefined Weak Reference
    _terminateio                              - Undefined Weak Reference
    __Vectors_Size                           0x00000188   Number         0  startup_stm32f40_41xxx.o ABSOLUTE
    __Vectors                                0x08000000   Data           4  startup_stm32f40_41xxx.o(RESET)
    __Vectors_End                            0x08000188   Data           0  startup_stm32f40_41xxx.o(RESET)
    __main                                   0x08000189   Thumb Code     8  __main.o(!!!main)
    __scatterload                            0x08000191   Thumb Code     0  __scatter.o(!!!scatter)
    __scatterload_rt2                        0x08000191   Thumb Code    44  __scatter.o(!!!scatter)
    __scatterload_rt2_thumb_only             0x08000191   Thumb Code     0  __scatter.o(!!!scatter)
    __scatterload_null                       0x0800019f   Thumb Code     0  __scatter.o(!!!scatter)
    __scatterload_copy                       0x080001c5   Thumb Code    26  __scatter_copy.o(!!handler_copy)
    __scatterload_zeroinit                   0x080001e1   Thumb Code    28  __scatter_zi.o(!!handler_zi)
    _printf_percent                          0x080001fd   Thumb Code     0  _printf_percent.o(.ARM.Collect$$_printf_percent$$00000000)
    _printf_x                                0x080001fd   Thumb Code     0  _printf_x.o(.ARM.Collect$$_printf_percent$$0000000C)
    _printf_percent_end                      0x08000203   Thumb Code     0  _printf_percent_end.o(.ARM.Collect$$_printf_percent$$00000017)
    __rt_lib_init                            0x08000207   Thumb Code     0  libinit.o(.ARM.Collect$$libinit$$00000000)
    __rt_lib_init_fp_1                       0x08000209   Thumb Code     0  libinit2.o(.ARM.Collect$$libinit$$00000001)
    __rt_lib_init_alloca_1                   0x0800020d   Thumb Code     0  libinit2.o(.ARM.Collect$$libinit$$0000002E)
    __rt_lib_init_argv_1                     0x0800020d   Thumb Code     0  libinit2.o(.ARM.Collect$$libinit$$0000002C)
    __rt_lib_init_atexit_1                   0x0800020d   Thumb Code     0  libinit2.o(.ARM.Collect$$libinit$$0000001B)
    __rt_lib_init_clock_1                    0x0800020d   Thumb Code     0  libinit2.o(.ARM.Collect$$libinit$$00000021)
    __rt_lib_init_cpp_1                      0x0800020d   Thumb Code     0  libinit2.o(.ARM.Collect$$libinit$$00000032)
    __rt_lib_init_exceptions_1               0x0800020d   Thumb Code     0  libinit2.o(.ARM.Collect$$libinit$$00000030)
    __rt_lib_init_fp_trap_1                  0x0800020d   Thumb Code     0  libinit2.o(.ARM.Collect$$libinit$$0000001F)
    __rt_lib_init_getenv_1                   0x0800020d   Thumb Code     0  libinit2.o(.ARM.Collect$$libinit$$00000023)
    __rt_lib_init_heap_1                     0x0800020d   Thumb Code     0  libinit2.o(.ARM.Collect$$libinit$$0000000A)
    __rt_lib_init_lc_collate_1               0x0800020d   Thumb Code     0  libinit2.o(.ARM.Collect$$libinit$$00000011)
    __rt_lib_init_lc_ctype_1                 0x0800020d   Thumb Code     0  libinit2.o(.ARM.Collect$$libinit$$00000013)
    __rt_lib_init_lc_monetary_1              0x0800020d   Thumb Code     0  libinit2.o(.ARM.Collect$$libinit$$00000015)
    __rt_lib_init_lc_numeric_1               0x0800020d   Thumb Code     0  libinit2.o(.ARM.Collect$$libinit$$00000017)
    __rt_lib_init_lc_time_1                  0x0800020d   Thumb Code     0  libinit2.o(.ARM.Collect$$libinit$$00000019)
    __rt_lib_init_preinit_1                  0x0800020d   Thumb Code     0  libinit2.o(.ARM.Collect$$libinit$$00000004)
    __rt_lib_init_rand_1                     0x0800020d   Thumb Code     0  libinit2.o(.ARM.Collect$$libinit$$0000000E)
    __rt_lib_init_return                     0x0800020d   Thumb Code     0  libinit2.o(.ARM.Collect$$libinit$$00000033)
    __rt_lib_init_signal_1                   0x0800020d   Thumb Code     0  libinit2.o(.ARM.Collect$$libinit$$0000001D)
    __rt_lib_init_stdio_1                    0x0800020d   Thumb Code     0  libinit2.o(.ARM.Collect$$libinit$$00000025)
    __rt_lib_init_user_alloc_1               0x0800020d   Thumb Code     0  libinit2.o(.ARM.Collect$$libinit$$0000000C)
    __rt_lib_shutdown                        0x0800020f   Thumb Code     0  libshutdown.o(.ARM.Collect$$libshutdown$$00000000)
    __rt_lib_shutdown_fp_trap_1              0x08000211   Thumb Code     0  libshutdown2.o(.ARM.Collect$$libshutdown$$00000006)
    __rt_lib_shutdown_heap_1                 0x08000211   Thumb Code     0  libshutdown2.o(.ARM.Collect$$libshutdown$$0000000E)
    __rt_lib_shutdown_return                 0x08000211   Thumb Code     0  libshutdown2.o(.ARM.Collect$$libshutdown$$0000000F)
    __rt_lib_shutdown_signal_1               0x08000211   Thumb Code     0  libshutdown2.o(.ARM.Collect$$libshutdown$$00000009)
    __rt_lib_shutdown_stdio_1                0x08000211   Thumb Code     0  libshutdown2.o(.ARM.Collect$$libshutdown$$00000003)
    __rt_lib_shutdown_user_alloc_1           0x08000211   Thumb Code     0  libshutdown2.o(.ARM.Collect$$libshutdown$$0000000B)
    __rt_entry                               0x08000213   Thumb Code     0  __rtentry.o(.ARM.Collect$$rtentry$$00000000)
    __rt_entry_presh_1                       0x08000213   Thumb Code     0  __rtentry2.o(.ARM.Collect$$rtentry$$00000002)
    __rt_entry_sh                            0x08000213   Thumb Code     0  __rtentry4.o(.ARM.Collect$$rtentry$$00000004)
    __rt_entry_li                            0x08000219   Thumb Code     0  __rtentry2.o(.ARM.Collect$$rtentry$$0000000A)
    __rt_entry_postsh_1                      0x08000219   Thumb Code     0  __rtentry2.o(.ARM.Collect$$rtentry$$00000009)
    __rt_entry_main                          0x0800021d   Thumb Code     0  __rtentry2.o(.ARM.Collect$$rtentry$$0000000D)
    __rt_entry_postli_1                      0x0800021d   Thumb Code     0  __rtentry2.o(.ARM.Collect$$rtentry$$0000000C)
    __rt_exit                                0x08000225   Thumb Code     0  rtexit.o(.ARM.Collect$$rtexit$$00000000)
    __rt_exit_ls                             0x08000227   Thumb Code     0  rtexit2.o(.ARM.Collect$$rtexit$$00000003)
    __rt_exit_prels_1                        0x08000227   Thumb Code     0  rtexit2.o(.ARM.Collect$$rtexit$$00000002)
    __rt_exit_exit                           0x0800022b   Thumb Code     0  rtexit2.o(.ARM.Collect$$rtexit$$00000004)
    BEEP_Warn                                0x08000231   Thumb Code    46  main.o(.text)
    EXTI0_IRQHandler                         0x0800025f   Thumb Code    56  main.o(.text)
    main                                     0x08000297   Thumb Code  1774  main.o(.text)
    NMI_Handler                              0x080009b9   Thumb Code     2  stm32f4xx_it.o(.text)
    HardFault_Handler                        0x080009bb   Thumb Code     4  stm32f4xx_it.o(.text)
    MemManage_Handler                        0x080009bf   Thumb Code     4  stm32f4xx_it.o(.text)
    BusFault_Handler                         0x080009c3   Thumb Code     4  stm32f4xx_it.o(.text)
    UsageFault_Handler                       0x080009c7   Thumb Code     4  stm32f4xx_it.o(.text)
    SVC_Handler                              0x080009cb   Thumb Code     2  stm32f4xx_it.o(.text)
    DebugMon_Handler                         0x080009cd   Thumb Code     2  stm32f4xx_it.o(.text)
    PendSV_Handler                           0x080009cf   Thumb Code     2  stm32f4xx_it.o(.text)
    SysTick_Handler                          0x080009d1   Thumb Code     2  stm32f4xx_it.o(.text)
    SystemInit                               0x08000ab1   Thumb Code    88  system_stm32f4xx.o(.text)
    SystemCoreClockUpdate                    0x08000b09   Thumb Code   174  system_stm32f4xx.o(.text)
    Reset_Handler                            0x08000be5   Thumb Code     8  startup_stm32f40_41xxx.o(.text)
    ADC_IRQHandler                           0x08000bff   Thumb Code     0  startup_stm32f40_41xxx.o(.text)
    CAN1_RX0_IRQHandler                      0x08000bff   Thumb Code     0  startup_stm32f40_41xxx.o(.text)
    CAN1_RX1_IRQHandler                      0x08000bff   Thumb Code     0  startup_stm32f40_41xxx.o(.text)
    CAN1_SCE_IRQHandler                      0x08000bff   Thumb Code     0  startup_stm32f40_41xxx.o(.text)
    CAN1_TX_IRQHandler                       0x08000bff   Thumb Code     0  startup_stm32f40_41xxx.o(.text)
    CAN2_RX0_IRQHandler                      0x08000bff   Thumb Code     0  startup_stm32f40_41xxx.o(.text)
    CAN2_RX1_IRQHandler                      0x08000bff   Thumb Code     0  startup_stm32f40_41xxx.o(.text)
    CAN2_SCE_IRQHandler                      0x08000bff   Thumb Code     0  startup_stm32f40_41xxx.o(.text)
    CAN2_TX_IRQHandler                       0x08000bff   Thumb Code     0  startup_stm32f40_41xxx.o(.text)
    CRYP_IRQHandler                          0x08000bff   Thumb Code     0  startup_stm32f40_41xxx.o(.text)
    DCMI_IRQHandler                          0x08000bff   Thumb Code     0  startup_stm32f40_41xxx.o(.text)
    DMA1_Stream0_IRQHandler                  0x08000bff   Thumb Code     0  startup_stm32f40_41xxx.o(.text)
    DMA1_Stream1_IRQHandler                  0x08000bff   Thumb Code     0  startup_stm32f40_41xxx.o(.text)
    DMA1_Stream2_IRQHandler                  0x08000bff   Thumb Code     0  startup_stm32f40_41xxx.o(.text)
    DMA1_Stream3_IRQHandler                  0x08000bff   Thumb Code     0  startup_stm32f40_41xxx.o(.text)
    DMA1_Stream4_IRQHandler                  0x08000bff   Thumb Code     0  startup_stm32f40_41xxx.o(.text)
    DMA1_Stream5_IRQHandler                  0x08000bff   Thumb Code     0  startup_stm32f40_41xxx.o(.text)
    DMA1_Stream6_IRQHandler                  0x08000bff   Thumb Code     0  startup_stm32f40_41xxx.o(.text)
    DMA1_Stream7_IRQHandler                  0x08000bff   Thumb Code     0  startup_stm32f40_41xxx.o(.text)
    DMA2_Stream0_IRQHandler                  0x08000bff   Thumb Code     0  startup_stm32f40_41xxx.o(.text)
    DMA2_Stream1_IRQHandler                  0x08000bff   Thumb Code     0  startup_stm32f40_41xxx.o(.text)
    DMA2_Stream2_IRQHandler                  0x08000bff   Thumb Code     0  startup_stm32f40_41xxx.o(.text)
    DMA2_Stream3_IRQHandler                  0x08000bff   Thumb Code     0  startup_stm32f40_41xxx.o(.text)
    DMA2_Stream4_IRQHandler                  0x08000bff   Thumb Code     0  startup_stm32f40_41xxx.o(.text)
    DMA2_Stream5_IRQHandler                  0x08000bff   Thumb Code     0  startup_stm32f40_41xxx.o(.text)
    DMA2_Stream6_IRQHandler                  0x08000bff   Thumb Code     0  startup_stm32f40_41xxx.o(.text)
    DMA2_Stream7_IRQHandler                  0x08000bff   Thumb Code     0  startup_stm32f40_41xxx.o(.text)
    ETH_IRQHandler                           0x08000bff   Thumb Code     0  startup_stm32f40_41xxx.o(.text)
    ETH_WKUP_IRQHandler                      0x08000bff   Thumb Code     0  startup_stm32f40_41xxx.o(.text)
    EXTI15_10_IRQHandler                     0x08000bff   Thumb Code     0  startup_stm32f40_41xxx.o(.text)
    EXTI1_IRQHandler                         0x08000bff   Thumb Code     0  startup_stm32f40_41xxx.o(.text)
    EXTI2_IRQHandler                         0x08000bff   Thumb Code     0  startup_stm32f40_41xxx.o(.text)
    EXTI3_IRQHandler                         0x08000bff   Thumb Code     0  startup_stm32f40_41xxx.o(.text)
    EXTI4_IRQHandler                         0x08000bff   Thumb Code     0  startup_stm32f40_41xxx.o(.text)
    EXTI9_5_IRQHandler                       0x08000bff   Thumb Code     0  startup_stm32f40_41xxx.o(.text)
    FLASH_IRQHandler                         0x08000bff   Thumb Code     0  startup_stm32f40_41xxx.o(.text)
    FPU_IRQHandler                           0x08000bff   Thumb Code     0  startup_stm32f40_41xxx.o(.text)
    FSMC_IRQHandler                          0x08000bff   Thumb Code     0  startup_stm32f40_41xxx.o(.text)
    HASH_RNG_IRQHandler                      0x08000bff   Thumb Code     0  startup_stm32f40_41xxx.o(.text)
    I2C1_ER_IRQHandler                       0x08000bff   Thumb Code     0  startup_stm32f40_41xxx.o(.text)
    I2C1_EV_IRQHandler                       0x08000bff   Thumb Code     0  startup_stm32f40_41xxx.o(.text)
    I2C2_ER_IRQHandler                       0x08000bff   Thumb Code     0  startup_stm32f40_41xxx.o(.text)
    I2C2_EV_IRQHandler                       0x08000bff   Thumb Code     0  startup_stm32f40_41xxx.o(.text)
    I2C3_ER_IRQHandler                       0x08000bff   Thumb Code     0  startup_stm32f40_41xxx.o(.text)
    I2C3_EV_IRQHandler                       0x08000bff   Thumb Code     0  startup_stm32f40_41xxx.o(.text)
    OTG_FS_IRQHandler                        0x08000bff   Thumb Code     0  startup_stm32f40_41xxx.o(.text)
    OTG_FS_WKUP_IRQHandler                   0x08000bff   Thumb Code     0  startup_stm32f40_41xxx.o(.text)
    OTG_HS_EP1_IN_IRQHandler                 0x08000bff   Thumb Code     0  startup_stm32f40_41xxx.o(.text)
    OTG_HS_EP1_OUT_IRQHandler                0x08000bff   Thumb Code     0  startup_stm32f40_41xxx.o(.text)
    OTG_HS_IRQHandler                        0x08000bff   Thumb Code     0  startup_stm32f40_41xxx.o(.text)
    OTG_HS_WKUP_IRQHandler                   0x08000bff   Thumb Code     0  startup_stm32f40_41xxx.o(.text)
    PVD_IRQHandler                           0x08000bff   Thumb Code     0  startup_stm32f40_41xxx.o(.text)
    RCC_IRQHandler                           0x08000bff   Thumb Code     0  startup_stm32f40_41xxx.o(.text)
    RTC_Alarm_IRQHandler                     0x08000bff   Thumb Code     0  startup_stm32f40_41xxx.o(.text)
    RTC_WKUP_IRQHandler                      0x08000bff   Thumb Code     0  startup_stm32f40_41xxx.o(.text)
    SDIO_IRQHandler                          0x08000bff   Thumb Code     0  startup_stm32f40_41xxx.o(.text)
    SPI1_IRQHandler                          0x08000bff   Thumb Code     0  startup_stm32f40_41xxx.o(.text)
    SPI2_IRQHandler                          0x08000bff   Thumb Code     0  startup_stm32f40_41xxx.o(.text)
    SPI3_IRQHandler                          0x08000bff   Thumb Code     0  startup_stm32f40_41xxx.o(.text)
    TAMP_STAMP_IRQHandler                    0x08000bff   Thumb Code     0  startup_stm32f40_41xxx.o(.text)
    TIM1_BRK_TIM9_IRQHandler                 0x08000bff   Thumb Code     0  startup_stm32f40_41xxx.o(.text)
    TIM1_CC_IRQHandler                       0x08000bff   Thumb Code     0  startup_stm32f40_41xxx.o(.text)
    TIM1_TRG_COM_TIM11_IRQHandler            0x08000bff   Thumb Code     0  startup_stm32f40_41xxx.o(.text)
    TIM1_UP_TIM10_IRQHandler                 0x08000bff   Thumb Code     0  startup_stm32f40_41xxx.o(.text)
    TIM2_IRQHandler                          0x08000bff   Thumb Code     0  startup_stm32f40_41xxx.o(.text)
    TIM3_IRQHandler                          0x08000bff   Thumb Code     0  startup_stm32f40_41xxx.o(.text)
    TIM4_IRQHandler                          0x08000bff   Thumb Code     0  startup_stm32f40_41xxx.o(.text)
    TIM5_IRQHandler                          0x08000bff   Thumb Code     0  startup_stm32f40_41xxx.o(.text)
    TIM6_DAC_IRQHandler                      0x08000bff   Thumb Code     0  startup_stm32f40_41xxx.o(.text)
    TIM7_IRQHandler                          0x08000bff   Thumb Code     0  startup_stm32f40_41xxx.o(.text)
    TIM8_BRK_TIM12_IRQHandler                0x08000bff   Thumb Code     0  startup_stm32f40_41xxx.o(.text)
    TIM8_CC_IRQHandler                       0x08000bff   Thumb Code     0  startup_stm32f40_41xxx.o(.text)
    TIM8_TRG_COM_TIM14_IRQHandler            0x08000bff   Thumb Code     0  startup_stm32f40_41xxx.o(.text)
    TIM8_UP_TIM13_IRQHandler                 0x08000bff   Thumb Code     0  startup_stm32f40_41xxx.o(.text)
    UART4_IRQHandler                         0x08000bff   Thumb Code     0  startup_stm32f40_41xxx.o(.text)
    UART5_IRQHandler                         0x08000bff   Thumb Code     0  startup_stm32f40_41xxx.o(.text)
    USART2_IRQHandler                        0x08000bff   Thumb Code     0  startup_stm32f40_41xxx.o(.text)
    USART3_IRQHandler                        0x08000bff   Thumb Code     0  startup_stm32f40_41xxx.o(.text)
    USART6_IRQHandler                        0x08000bff   Thumb Code     0  startup_stm32f40_41xxx.o(.text)
    WWDG_IRQHandler                          0x08000bff   Thumb Code     0  startup_stm32f40_41xxx.o(.text)
    __user_initial_stackheap                 0x08000c01   Thumb Code     0  startup_stm32f40_41xxx.o(.text)
    NVIC_PriorityGroupConfig                 0x08000c25   Thumb Code    10  misc.o(.text)
    NVIC_Init                                0x08000c2f   Thumb Code   106  misc.o(.text)
    NVIC_SetVectorTable                      0x08000c99   Thumb Code    14  misc.o(.text)
    NVIC_SystemLPConfig                      0x08000ca7   Thumb Code    34  misc.o(.text)
    SysTick_CLKSourceConfig                  0x08000cc9   Thumb Code    40  misc.o(.text)
    GPIO_DeInit                              0x08000d05   Thumb Code   268  stm32f4xx_gpio.o(.text)
    GPIO_Init                                0x08000e11   Thumb Code   144  stm32f4xx_gpio.o(.text)
    GPIO_StructInit                          0x08000ea1   Thumb Code    18  stm32f4xx_gpio.o(.text)
    GPIO_PinLockConfig                       0x08000eb3   Thumb Code    34  stm32f4xx_gpio.o(.text)
    GPIO_ReadInputDataBit                    0x08000ed5   Thumb Code    18  stm32f4xx_gpio.o(.text)
    GPIO_ReadInputData                       0x08000ee7   Thumb Code     8  stm32f4xx_gpio.o(.text)
    GPIO_ReadOutputDataBit                   0x08000eef   Thumb Code    18  stm32f4xx_gpio.o(.text)
    GPIO_ReadOutputData                      0x08000f01   Thumb Code     8  stm32f4xx_gpio.o(.text)
    GPIO_SetBits                             0x08000f09   Thumb Code     4  stm32f4xx_gpio.o(.text)
    GPIO_ResetBits                           0x08000f0d   Thumb Code     4  stm32f4xx_gpio.o(.text)
    GPIO_WriteBit                            0x08000f11   Thumb Code    10  stm32f4xx_gpio.o(.text)
    GPIO_Write                               0x08000f1b   Thumb Code     4  stm32f4xx_gpio.o(.text)
    GPIO_ToggleBits                          0x08000f1f   Thumb Code     8  stm32f4xx_gpio.o(.text)
    GPIO_PinAFConfig                         0x08000f27   Thumb Code    70  stm32f4xx_gpio.o(.text)
    RCC_DeInit                               0x08000f99   Thumb Code    82  stm32f4xx_rcc.o(.text)
    RCC_HSEConfig                            0x08000feb   Thumb Code    14  stm32f4xx_rcc.o(.text)
    RCC_GetFlagStatus                        0x08000ff9   Thumb Code    60  stm32f4xx_rcc.o(.text)
    RCC_WaitForHSEStartUp                    0x08001035   Thumb Code    56  stm32f4xx_rcc.o(.text)
    RCC_AdjustHSICalibrationValue            0x0800106d   Thumb Code    20  stm32f4xx_rcc.o(.text)
    RCC_HSICmd                               0x08001081   Thumb Code     6  stm32f4xx_rcc.o(.text)
    RCC_LSEConfig                            0x08001087   Thumb Code    46  stm32f4xx_rcc.o(.text)
    RCC_LSICmd                               0x080010b5   Thumb Code     6  stm32f4xx_rcc.o(.text)
    RCC_PLLConfig                            0x080010bb   Thumb Code    32  stm32f4xx_rcc.o(.text)
    RCC_PLLCmd                               0x080010db   Thumb Code     6  stm32f4xx_rcc.o(.text)
    RCC_PLLI2SConfig                         0x080010e1   Thumb Code    14  stm32f4xx_rcc.o(.text)
    RCC_PLLI2SCmd                            0x080010ef   Thumb Code     6  stm32f4xx_rcc.o(.text)
    RCC_PLLSAIConfig                         0x080010f5   Thumb Code    20  stm32f4xx_rcc.o(.text)
    RCC_PLLSAICmd                            0x08001109   Thumb Code     6  stm32f4xx_rcc.o(.text)
    RCC_ClockSecuritySystemCmd               0x0800110f   Thumb Code     6  stm32f4xx_rcc.o(.text)
    RCC_MCO1Config                           0x08001115   Thumb Code    28  stm32f4xx_rcc.o(.text)
    RCC_MCO2Config                           0x08001131   Thumb Code    28  stm32f4xx_rcc.o(.text)
    RCC_SYSCLKConfig                         0x0800114d   Thumb Code    20  stm32f4xx_rcc.o(.text)
    RCC_GetSYSCLKSource                      0x08001161   Thumb Code    12  stm32f4xx_rcc.o(.text)
    RCC_HCLKConfig                           0x0800116d   Thumb Code    20  stm32f4xx_rcc.o(.text)
    RCC_PCLK1Config                          0x08001181   Thumb Code    20  stm32f4xx_rcc.o(.text)
    RCC_PCLK2Config                          0x08001195   Thumb Code    22  stm32f4xx_rcc.o(.text)
    RCC_GetClocksFreq                        0x080011ab   Thumb Code   222  stm32f4xx_rcc.o(.text)
    RCC_RTCCLKConfig                         0x08001289   Thumb Code    54  stm32f4xx_rcc.o(.text)
    RCC_RTCCLKCmd                            0x080012bf   Thumb Code     8  stm32f4xx_rcc.o(.text)
    RCC_BackupResetCmd                       0x080012c7   Thumb Code     8  stm32f4xx_rcc.o(.text)
    RCC_I2SCLKConfig                         0x080012cf   Thumb Code     6  stm32f4xx_rcc.o(.text)
    RCC_SAIPLLI2SClkDivConfig                0x080012d5   Thumb Code    26  stm32f4xx_rcc.o(.text)
    RCC_SAIPLLSAIClkDivConfig                0x080012ef   Thumb Code    28  stm32f4xx_rcc.o(.text)
    RCC_SAIBlockACLKConfig                   0x0800130b   Thumb Code    20  stm32f4xx_rcc.o(.text)
    RCC_SAIBlockBCLKConfig                   0x0800131f   Thumb Code    20  stm32f4xx_rcc.o(.text)
    RCC_LTDCCLKDivConfig                     0x08001333   Thumb Code    20  stm32f4xx_rcc.o(.text)
    RCC_TIMCLKPresConfig                     0x08001347   Thumb Code     6  stm32f4xx_rcc.o(.text)
    RCC_AHB1PeriphClockCmd                   0x0800134d   Thumb Code    34  stm32f4xx_rcc.o(.text)
    RCC_AHB2PeriphClockCmd                   0x0800136f   Thumb Code    78  stm32f4xx_rcc.o(.text)
    RCC_AHB3PeriphClockCmd                   0x080013bd   Thumb Code    34  stm32f4xx_rcc.o(.text)
    RCC_APB1PeriphClockCmd                   0x080013df   Thumb Code    34  stm32f4xx_rcc.o(.text)
    RCC_APB2PeriphClockCmd                   0x08001401   Thumb Code    34  stm32f4xx_rcc.o(.text)
    RCC_AHB1PeriphResetCmd                   0x08001423   Thumb Code    34  stm32f4xx_rcc.o(.text)
    RCC_AHB2PeriphResetCmd                   0x08001445   Thumb Code    34  stm32f4xx_rcc.o(.text)
    RCC_AHB3PeriphResetCmd                   0x08001467   Thumb Code    34  stm32f4xx_rcc.o(.text)
    RCC_APB1PeriphResetCmd                   0x08001489   Thumb Code    34  stm32f4xx_rcc.o(.text)
    RCC_APB2PeriphResetCmd                   0x080014ab   Thumb Code    34  stm32f4xx_rcc.o(.text)
    RCC_AHB1PeriphClockLPModeCmd             0x080014cd   Thumb Code    34  stm32f4xx_rcc.o(.text)
    RCC_AHB2PeriphClockLPModeCmd             0x080014ef   Thumb Code    34  stm32f4xx_rcc.o(.text)
    RCC_AHB3PeriphClockLPModeCmd             0x08001511   Thumb Code    34  stm32f4xx_rcc.o(.text)
    RCC_APB1PeriphClockLPModeCmd             0x08001533   Thumb Code    34  stm32f4xx_rcc.o(.text)
    RCC_APB2PeriphClockLPModeCmd             0x08001555   Thumb Code    34  stm32f4xx_rcc.o(.text)
    RCC_LSEModeConfig                        0x08001577   Thumb Code    40  stm32f4xx_rcc.o(.text)
    RCC_ITConfig                             0x0800159f   Thumb Code    34  stm32f4xx_rcc.o(.text)
    RCC_ClearFlag                            0x080015c1   Thumb Code    18  stm32f4xx_rcc.o(.text)
    RCC_GetITStatus                          0x080015d3   Thumb Code    22  stm32f4xx_rcc.o(.text)
    RCC_ClearITPendingBit                    0x080015e9   Thumb Code     8  stm32f4xx_rcc.o(.text)
    USART_DeInit                             0x080015f5   Thumb Code   206  stm32f4xx_usart.o(.text)
    USART_Init                               0x080016c3   Thumb Code   204  stm32f4xx_usart.o(.text)
    USART_StructInit                         0x0800178f   Thumb Code    24  stm32f4xx_usart.o(.text)
    USART_ClockInit                          0x080017a7   Thumb Code    32  stm32f4xx_usart.o(.text)
    USART_ClockStructInit                    0x080017c7   Thumb Code    12  stm32f4xx_usart.o(.text)
    USART_Cmd                                0x080017d3   Thumb Code    24  stm32f4xx_usart.o(.text)
    USART_SetPrescaler                       0x080017eb   Thumb Code    16  stm32f4xx_usart.o(.text)
    USART_OverSampling8Cmd                   0x080017fb   Thumb Code    22  stm32f4xx_usart.o(.text)
    USART_OneBitMethodCmd                    0x08001811   Thumb Code    24  stm32f4xx_usart.o(.text)
    USART_SendData                           0x08001829   Thumb Code     8  stm32f4xx_usart.o(.text)
    USART_ReceiveData                        0x08001831   Thumb Code    10  stm32f4xx_usart.o(.text)
    USART_SetAddress                         0x0800183b   Thumb Code    18  stm32f4xx_usart.o(.text)
    USART_ReceiverWakeUpCmd                  0x0800184d   Thumb Code    24  stm32f4xx_usart.o(.text)
    USART_WakeUpConfig                       0x08001865   Thumb Code    18  stm32f4xx_usart.o(.text)
    USART_LINBreakDetectLengthConfig         0x08001877   Thumb Code    18  stm32f4xx_usart.o(.text)
    USART_LINCmd                             0x08001889   Thumb Code    24  stm32f4xx_usart.o(.text)
    USART_SendBreak                          0x080018a1   Thumb Code    10  stm32f4xx_usart.o(.text)
    USART_HalfDuplexCmd                      0x080018ab   Thumb Code    24  stm32f4xx_usart.o(.text)
    USART_SetGuardTime                       0x080018c3   Thumb Code    16  stm32f4xx_usart.o(.text)
    USART_SmartCardCmd                       0x080018d3   Thumb Code    24  stm32f4xx_usart.o(.text)
    USART_SmartCardNACKCmd                   0x080018eb   Thumb Code    24  stm32f4xx_usart.o(.text)
    USART_IrDAConfig                         0x08001903   Thumb Code    18  stm32f4xx_usart.o(.text)
    USART_IrDACmd                            0x08001915   Thumb Code    24  stm32f4xx_usart.o(.text)
    USART_DMACmd                             0x0800192d   Thumb Code    18  stm32f4xx_usart.o(.text)
    USART_ITConfig                           0x0800193f   Thumb Code    74  stm32f4xx_usart.o(.text)
    USART_GetFlagStatus                      0x08001989   Thumb Code    26  stm32f4xx_usart.o(.text)
    USART_ClearFlag                          0x080019a3   Thumb Code    18  stm32f4xx_usart.o(.text)
    USART_GetITStatus                        0x080019b5   Thumb Code   118  stm32f4xx_usart.o(.text)
    USART_ClearITPendingBit                  0x08001a2b   Thumb Code    30  stm32f4xx_usart.o(.text)
    EXTI_DeInit                              0x08001a49   Thumb Code    28  stm32f4xx_exti.o(.text)
    EXTI_Init                                0x08001a65   Thumb Code   142  stm32f4xx_exti.o(.text)
    EXTI_StructInit                          0x08001af3   Thumb Code    16  stm32f4xx_exti.o(.text)
    EXTI_GenerateSWInterrupt                 0x08001b03   Thumb Code    16  stm32f4xx_exti.o(.text)
    EXTI_GetFlagStatus                       0x08001b13   Thumb Code    22  stm32f4xx_exti.o(.text)
    EXTI_ClearFlag                           0x08001b29   Thumb Code     8  stm32f4xx_exti.o(.text)
    EXTI_GetITStatus                         0x08001b31   Thumb Code    22  stm32f4xx_exti.o(.text)
    EXTI_ClearITPendingBit                   0x08001b47   Thumb Code     8  stm32f4xx_exti.o(.text)
    SYSCFG_DeInit                            0x08001b59   Thumb Code    22  stm32f4xx_syscfg.o(.text)
    SYSCFG_MemoryRemapConfig                 0x08001b6f   Thumb Code     6  stm32f4xx_syscfg.o(.text)
    SYSCFG_MemorySwappingBank                0x08001b75   Thumb Code     6  stm32f4xx_syscfg.o(.text)
    SYSCFG_EXTILineConfig                    0x08001b7b   Thumb Code    66  stm32f4xx_syscfg.o(.text)
    SYSCFG_ETH_MediaInterfaceConfig          0x08001bbd   Thumb Code     8  stm32f4xx_syscfg.o(.text)
    SYSCFG_CompensationCellCmd               0x08001bc5   Thumb Code     6  stm32f4xx_syscfg.o(.text)
    SYSCFG_GetCompensationCellStatus         0x08001bcb   Thumb Code    22  stm32f4xx_syscfg.o(.text)
    FSMC_NORSRAMDeInit                       0x08001bed   Thumb Code    54  stm32f4xx_fsmc.o(.text)
    FSMC_NORSRAMInit                         0x08001c23   Thumb Code   230  stm32f4xx_fsmc.o(.text)
    FSMC_NORSRAMStructInit                   0x08001d09   Thumb Code    48  stm32f4xx_fsmc.o(.text)
    FSMC_NORSRAMCmd                          0x08001d39   Thumb Code    46  stm32f4xx_fsmc.o(.text)
    FSMC_NANDDeInit                          0x08001d67   Thumb Code    62  stm32f4xx_fsmc.o(.text)
    FSMC_NANDInit                            0x08001da5   Thumb Code   132  stm32f4xx_fsmc.o(.text)
    FSMC_NANDStructInit                      0x08001e29   Thumb Code    54  stm32f4xx_fsmc.o(.text)
    FSMC_NANDCmd                             0x08001e5f   Thumb Code    86  stm32f4xx_fsmc.o(.text)
    FSMC_NANDECCCmd                          0x08001eb5   Thumb Code    86  stm32f4xx_fsmc.o(.text)
    FSMC_GetECC                              0x08001f0b   Thumb Code    24  stm32f4xx_fsmc.o(.text)
    FSMC_PCCARDDeInit                        0x08001f23   Thumb Code    36  stm32f4xx_fsmc.o(.text)
    FSMC_PCCARDInit                          0x08001f47   Thumb Code   130  stm32f4xx_fsmc.o(.text)
    FSMC_PCCARDStructInit                    0x08001fc9   Thumb Code    60  stm32f4xx_fsmc.o(.text)
    FSMC_PCCARDCmd                           0x08002005   Thumb Code    44  stm32f4xx_fsmc.o(.text)
    FSMC_ITConfig                            0x08002031   Thumb Code   128  stm32f4xx_fsmc.o(.text)
    FSMC_GetFlagStatus                       0x080020b1   Thumb Code    54  stm32f4xx_fsmc.o(.text)
    FSMC_ClearFlag                           0x080020e7   Thumb Code    74  stm32f4xx_fsmc.o(.text)
    FSMC_GetITStatus                         0x08002131   Thumb Code    62  stm32f4xx_fsmc.o(.text)
    FSMC_ClearITPendingBit                   0x0800216f   Thumb Code    66  stm32f4xx_fsmc.o(.text)
    ADC_DeInit                               0x080021b5   Thumb Code    22  stm32f4xx_adc.o(.text)
    ADC_Init                                 0x080021cb   Thumb Code    74  stm32f4xx_adc.o(.text)
    ADC_StructInit                           0x08002215   Thumb Code    20  stm32f4xx_adc.o(.text)
    ADC_CommonInit                           0x08002229   Thumb Code    34  stm32f4xx_adc.o(.text)
    ADC_CommonStructInit                     0x0800224b   Thumb Code    12  stm32f4xx_adc.o(.text)
    ADC_Cmd                                  0x08002257   Thumb Code    22  stm32f4xx_adc.o(.text)
    ADC_AnalogWatchdogCmd                    0x0800226d   Thumb Code    16  stm32f4xx_adc.o(.text)
    ADC_AnalogWatchdogThresholdsConfig       0x0800227d   Thumb Code     6  stm32f4xx_adc.o(.text)
    ADC_AnalogWatchdogSingleChannelConfig    0x08002283   Thumb Code    16  stm32f4xx_adc.o(.text)
    ADC_TempSensorVrefintCmd                 0x08002293   Thumb Code    34  stm32f4xx_adc.o(.text)
    ADC_VBATCmd                              0x080022b5   Thumb Code    34  stm32f4xx_adc.o(.text)
    ADC_RegularChannelConfig                 0x080022d7   Thumb Code   184  stm32f4xx_adc.o(.text)
    ADC_SoftwareStartConv                    0x0800238f   Thumb Code    10  stm32f4xx_adc.o(.text)
    ADC_GetSoftwareStartConvStatus           0x08002399   Thumb Code    20  stm32f4xx_adc.o(.text)
    ADC_EOCOnEachRegularChannelCmd           0x080023ad   Thumb Code    22  stm32f4xx_adc.o(.text)
    ADC_ContinuousModeCmd                    0x080023c3   Thumb Code    22  stm32f4xx_adc.o(.text)
    ADC_DiscModeChannelCountConfig           0x080023d9   Thumb Code    24  stm32f4xx_adc.o(.text)
    ADC_DiscModeCmd                          0x080023f1   Thumb Code    22  stm32f4xx_adc.o(.text)
    ADC_GetConversionValue                   0x08002407   Thumb Code     8  stm32f4xx_adc.o(.text)
    ADC_GetMultiModeConversionValue          0x0800240f   Thumb Code     8  stm32f4xx_adc.o(.text)
    ADC_DMACmd                               0x08002417   Thumb Code    22  stm32f4xx_adc.o(.text)
    ADC_DMARequestAfterLastTransferCmd       0x0800242d   Thumb Code    22  stm32f4xx_adc.o(.text)
    ADC_MultiModeDMARequestAfterLastTransferCmd 0x08002443   Thumb Code    34  stm32f4xx_adc.o(.text)
    ADC_InjectedChannelConfig                0x08002465   Thumb Code   130  stm32f4xx_adc.o(.text)
    ADC_InjectedSequencerLengthConfig        0x080024e7   Thumb Code    24  stm32f4xx_adc.o(.text)
    ADC_SetInjectedOffset                    0x080024ff   Thumb Code    20  stm32f4xx_adc.o(.text)
    ADC_ExternalTrigInjectedConvConfig       0x08002513   Thumb Code    16  stm32f4xx_adc.o(.text)
    ADC_ExternalTrigInjectedConvEdgeConfig   0x08002523   Thumb Code    16  stm32f4xx_adc.o(.text)
    ADC_SoftwareStartInjectedConv            0x08002533   Thumb Code    10  stm32f4xx_adc.o(.text)
    ADC_GetSoftwareStartInjectedConvCmdStatus 0x0800253d   Thumb Code    20  stm32f4xx_adc.o(.text)
    ADC_AutoInjectedConvCmd                  0x08002551   Thumb Code    22  stm32f4xx_adc.o(.text)
    ADC_InjectedDiscModeCmd                  0x08002567   Thumb Code    22  stm32f4xx_adc.o(.text)
    ADC_GetInjectedConversionValue           0x0800257d   Thumb Code    28  stm32f4xx_adc.o(.text)
    ADC_ITConfig                             0x08002599   Thumb Code    56  stm32f4xx_adc.o(.text)
    ADC_GetFlagStatus                        0x080025d1   Thumb Code    18  stm32f4xx_adc.o(.text)
    ADC_ClearFlag                            0x080025e3   Thumb Code     6  stm32f4xx_adc.o(.text)
    ADC_GetITStatus                          0x080025e9   Thumb Code    38  stm32f4xx_adc.o(.text)
    ADC_ClearITPendingBit                    0x0800260f   Thumb Code    10  stm32f4xx_adc.o(.text)
    SPI_I2S_DeInit                           0x08002619   Thumb Code   152  stm32f4xx_spi.o(.text)
    SPI_Init                                 0x080026b1   Thumb Code    60  stm32f4xx_spi.o(.text)
    I2S_Init                                 0x080026ed   Thumb Code   396  stm32f4xx_spi.o(.text)
    SPI_StructInit                           0x08002879   Thumb Code    24  stm32f4xx_spi.o(.text)
    I2S_StructInit                           0x08002891   Thumb Code    20  stm32f4xx_spi.o(.text)
    SPI_Cmd                                  0x080028a5   Thumb Code    24  stm32f4xx_spi.o(.text)
    I2S_Cmd                                  0x080028bd   Thumb Code    24  stm32f4xx_spi.o(.text)
    SPI_DataSizeConfig                       0x080028d5   Thumb Code    18  stm32f4xx_spi.o(.text)
    SPI_BiDirectionalLineConfig              0x080028e7   Thumb Code    28  stm32f4xx_spi.o(.text)
    SPI_NSSInternalSoftwareConfig            0x08002903   Thumb Code    30  stm32f4xx_spi.o(.text)
    SPI_SSOutputCmd                          0x08002921   Thumb Code    24  stm32f4xx_spi.o(.text)
    SPI_TIModeCmd                            0x08002939   Thumb Code    24  stm32f4xx_spi.o(.text)
    I2S_FullDuplexConfig                     0x08002951   Thumb Code    80  stm32f4xx_spi.o(.text)
    SPI_I2S_ReceiveData                      0x080029a1   Thumb Code     6  stm32f4xx_spi.o(.text)
    SPI_I2S_SendData                         0x080029a7   Thumb Code     4  stm32f4xx_spi.o(.text)
    SPI_CalculateCRC                         0x080029ab   Thumb Code    24  stm32f4xx_spi.o(.text)
    SPI_TransmitCRC                          0x080029c3   Thumb Code    10  stm32f4xx_spi.o(.text)
    SPI_GetCRC                               0x080029cd   Thumb Code    16  stm32f4xx_spi.o(.text)
    SPI_GetCRCPolynomial                     0x080029dd   Thumb Code     6  stm32f4xx_spi.o(.text)
    SPI_I2S_DMACmd                           0x080029e3   Thumb Code    18  stm32f4xx_spi.o(.text)
    SPI_I2S_ITConfig                         0x080029f5   Thumb Code    68  stm32f4xx_spi.o(.text)
    SPI_I2S_GetFlagStatus                    0x08002a39   Thumb Code    18  stm32f4xx_spi.o(.text)
    SPI_I2S_ClearFlag                        0x08002a4b   Thumb Code     6  stm32f4xx_spi.o(.text)
    SPI_I2S_GetITStatus                      0x08002a51   Thumb Code    52  stm32f4xx_spi.o(.text)
    SPI_I2S_ClearITPendingBit                0x08002a85   Thumb Code    20  stm32f4xx_spi.o(.text)
    delay_init                               0x08002a99   Thumb Code    52  delay.o(.text)
    delay_us                                 0x08002acd   Thumb Code    72  delay.o(.text)
    delay_xms                                0x08002b15   Thumb Code    72  delay.o(.text)
    delay_ms                                 0x08002b5d   Thumb Code    56  delay.o(.text)
    _sys_exit                                0x08002b9d   Thumb Code     6  usart.o(.text)
    fputc                                    0x08002ba3   Thumb Code    22  usart.o(.text)
    uart_init                                0x08002bb9   Thumb Code   164  usart.o(.text)
    USART1_IRQHandler                        0x08002c5d   Thumb Code   122  usart.o(.text)
    BEEP_Init                                0x08002ce9   Thumb Code    60  beep.o(.text)
    LED_Init                                 0x08002d29   Thumb Code    70  led.o(.text)
    KEY_Init                                 0x08002d75   Thumb Code    80  key.o(.text)
    MYEXIT_Init                              0x08002dcd   Thumb Code    68  exit.o(.text)
    LCD_WR_REG                               0x08002e11   Thumb Code    18  lcd.o(.text)
    LCD_WR_DATA                              0x08002e23   Thumb Code    20  lcd.o(.text)
    LCD_RD_DATA                              0x08002e37   Thumb Code    16  lcd.o(.text)
    LCD_WriteReg                             0x08002e47   Thumb Code    14  lcd.o(.text)
    LCD_ReadReg                              0x08002e55   Thumb Code    22  lcd.o(.text)
    LCD_WriteRAM_Prepare                     0x08002e6b   Thumb Code    10  lcd.o(.text)
    LCD_WriteRAM                             0x08002e75   Thumb Code     8  lcd.o(.text)
    LCD_BGR2RGB                              0x08002e7d   Thumb Code    26  lcd.o(.text)
    opt_delay                                0x08002e97   Thumb Code    14  lcd.o(.text)
    LCD_SetCursor                            0x08002ea5   Thumb Code   418  lcd.o(.text)
    LCD_ReadPoint                            0x08003047   Thumb Code   360  lcd.o(.text)
    LCD_DisplayOn                            0x080031af   Thumb Code   102  lcd.o(.text)
    LCD_DisplayOff                           0x08003215   Thumb Code    90  lcd.o(.text)
    LCD_Scan_Dir                             0x0800326f   Thumb Code   744  lcd.o(.text)
    LCD_DrawPoint                            0x08003557   Thumb Code    28  lcd.o(.text)
    LCD_Fast_DrawPoint                       0x08003573   Thumb Code   388  lcd.o(.text)
    LCD_SSD_BackLightSet                     0x080036f7   Thumb Code    88  lcd.o(.text)
    LCD_Display_Dir                          0x0800374f   Thumb Code   444  lcd.o(.text)
    LCD_Set_Window                           0x0800390b   Thumb Code   546  lcd.o(.text)
    LCD_Clear                                0x08003b2d   Thumb Code   100  lcd.o(.text)
    LCD_Init                                 0x08003b91   Thumb Code 14696  lcd.o(.text)
    LCD_Fill                                 0x080074f9   Thumb Code   180  lcd.o(.text)
    LCD_Color_Fill                           0x080075ad   Thumb Code   100  lcd.o(.text)
    LCD_DrawLine                             0x08007611   Thumb Code   176  lcd.o(.text)
    LCD_DrawRectangle                        0x080076c1   Thumb Code    60  lcd.o(.text)
    LCD_Draw_Circle                          0x080076fd   Thumb Code   152  lcd.o(.text)
    LCD_ShowChar                             0x08007795   Thumb Code   272  lcd.o(.text)
    LCD_Pow                                  0x080078a5   Thumb Code    22  lcd.o(.text)
    LCD_ShowNum                              0x080078bb   Thumb Code   148  lcd.o(.text)
    LCD_ShowxNum                             0x0800794f   Thumb Code   220  lcd.o(.text)
    LCD_ShowString                           0x08007a2b   Thumb Code   102  lcd.o(.text)
    Adc_Init                                 0x08007a91   Thumb Code   152  adc.o(.text)
    Get_Adc                                  0x08007b29   Thumb Code    44  adc.o(.text)
    Get_Adc_Average                          0x08007b55   Thumb Code    46  adc.o(.text)
    NRF24L01_SPI_Init                        0x08007b91   Thumb Code    86  24l01.o(.text)
    NRF24L01_Init                            0x08007be7   Thumb Code   144  24l01.o(.text)
    NRF24L01_Read_Buf                        0x08007c77   Thumb Code    60  24l01.o(.text)
    NRF24L01_Write_Buf                       0x08007cb3   Thumb Code    60  24l01.o(.text)
    NRF24L01_Check                           0x08007cef   Thumb Code    72  24l01.o(.text)
    NRF24L01_Write_Reg                       0x08007d37   Thumb Code    40  24l01.o(.text)
    NRF24L01_Read_Reg                        0x08007d5f   Thumb Code    38  24l01.o(.text)
    NRF24L01_Write_Buf1                      0x08007d85   Thumb Code    60  24l01.o(.text)
    NRF24L01_TxPacket                        0x08007dc1   Thumb Code    94  24l01.o(.text)
    NRF24L01_TxPacket1                       0x08007e1f   Thumb Code    94  24l01.o(.text)
    NRF24L01_RxPacket                        0x08007e7d   Thumb Code    58  24l01.o(.text)
    NRF24L01_RX_Mode                         0x08007eb7   Thumb Code    76  24l01.o(.text)
    NRF24L01_TX_Mode                         0x08007f03   Thumb Code    86  24l01.o(.text)
    SPI1_ReadWriteByte                       0x08007f7d   Thumb Code    50  spi.o(.text)
    SPI1_Init                                0x08007faf   Thumb Code   186  spi.o(.text)
    SPI1_SetSpeed                            0x08008069   Thumb Code    36  spi.o(.text)
    W25QXX_ReadID                            0x08008095   Thumb Code    70  w25qxx.o(.text)
    W25QXX_Init                              0x080080db   Thumb Code   102  w25qxx.o(.text)
    W25QXX_ReadSR                            0x08008141   Thumb Code    42  w25qxx.o(.text)
    W25QXX_Write_SR                          0x0800816b   Thumb Code    38  w25qxx.o(.text)
    W25QXX_Write_Enable                      0x08008191   Thumb Code    30  w25qxx.o(.text)
    W25QXX_Write_Disable                     0x080081af   Thumb Code    30  w25qxx.o(.text)
    W25QXX_Read                              0x080081cd   Thumb Code    82  w25qxx.o(.text)
    W25QXX_Wait_Busy                         0x0800821f   Thumb Code    18  w25qxx.o(.text)
    W25QXX_Write_Page                        0x08008231   Thumb Code    88  w25qxx.o(.text)
    W25QXX_Write_NoCheck                     0x08008289   Thumb Code    70  w25qxx.o(.text)
    W25QXX_Erase_Sector                      0x080082cf   Thumb Code    76  w25qxx.o(.text)
    W25QXX_Write                             0x0800831b   Thumb Code   180  w25qxx.o(.text)
    W25QXX_Erase_Chip                        0x080083cf   Thumb Code    42  w25qxx.o(.text)
    W25QXX_PowerDown                         0x080083f9   Thumb Code    36  w25qxx.o(.text)
    W25QXX_WAKEUP                            0x0800841d   Thumb Code    36  w25qxx.o(.text)
    __use_no_semihosting                     0x08008465   Thumb Code     2  use_no_semi_2.o(.text)
    __2printf                                0x08008469   Thumb Code    20  noretval__2printf.o(.text)
    __printf                                 0x08008481   Thumb Code   104  __printf.o(.text)
    _printf_int_hex                          0x080084e9   Thumb Code    84  _printf_hex_int.o(.text)
    _printf_longlong_hex                     0x080084e9   Thumb Code     0  _printf_hex_int.o(.text)
    __use_two_region_memory                  0x08008541   Thumb Code     2  heapauxi.o(.text)
    __rt_heap_escrow$2region                 0x08008543   Thumb Code     2  heapauxi.o(.text)
    __rt_heap_expand$2region                 0x08008545   Thumb Code     2  heapauxi.o(.text)
    __I$use$semihosting                      0x08008547   Thumb Code     0  use_no_semi.o(.text)
    __use_no_semihosting_swi                 0x08008547   Thumb Code     2  use_no_semi.o(.text)
    _printf_int_common                       0x08008549   Thumb Code   178  _printf_intcommon.o(.text)
    _printf_char_file                        0x080085fd   Thumb Code    32  _printf_char_file.o(.text)
    _printf_char_common                      0x0800862b   Thumb Code    32  _printf_char_common.o(.text)
    ferror                                   0x08008651   Thumb Code     8  ferror.o(.text)
    __user_setup_stackheap                   0x08008659   Thumb Code    74  sys_stackheap_outer.o(.text)
    exit                                     0x080086a3   Thumb Code    12  exit.o(.text)
    __user_libspace                          0x080086b1   Thumb Code     8  libspace.o(.text)
    __user_perproc_libspace                  0x080086b1   Thumb Code     0  libspace.o(.text)
    __user_perthread_libspace                0x080086b1   Thumb Code     0  libspace.o(.text)
    __aeabi_d2f                              0x080086b9   Thumb Code     0  d2f.o(x$fpl$d2f)
    _d2f                                     0x080086b9   Thumb Code    98  d2f.o(x$fpl$d2f)
    __aeabi_d2uiz                            0x0800871d   Thumb Code     0  dfixu.o(x$fpl$dfixu)
    _dfixu                                   0x0800871d   Thumb Code    90  dfixu.o(x$fpl$dfixu)
    __aeabi_ui2d                             0x08008777   Thumb Code     0  dflt_clz.o(x$fpl$dfltu)
    _dfltu                                   0x08008777   Thumb Code    38  dflt_clz.o(x$fpl$dfltu)
    __aeabi_dmul                             0x0800879d   Thumb Code     0  dmul.o(x$fpl$dmul)
    _dmul                                    0x0800879d   Thumb Code   332  dmul.o(x$fpl$dmul)
    __fpl_dnaninf                            0x080088f1   Thumb Code   156  dnaninf.o(x$fpl$dnaninf)
    __fpl_dretinf                            0x0800898d   Thumb Code    12  dretinf.o(x$fpl$dretinf)
    __aeabi_f2d                              0x08008999   Thumb Code     0  f2d.o(x$fpl$f2d)
    _f2d                                     0x08008999   Thumb Code    86  f2d.o(x$fpl$f2d)
    __fpl_fnaninf                            0x080089ef   Thumb Code   140  fnaninf.o(x$fpl$fnaninf)
    _fp_init                                 0x08008a7b   Thumb Code    10  fpinit.o(x$fpl$fpinit)
    __fplib_config_fpu_vfp                   0x08008a83   Thumb Code     0  fpinit.o(x$fpl$fpinit)
    __fplib_config_pureend_doubles           0x08008a83   Thumb Code     0  fpinit.o(x$fpl$fpinit)
    __fpl_fretinf                            0x08008a85   Thumb Code    10  fretinf.o(x$fpl$fretinf)
    __I$use$fp                               0x08008a8e   Number         0  usenofp.o(x$fpl$usenofp)
    FSMC_DefaultTimingStruct                 0x08008a90   Data          28  stm32f4xx_fsmc.o(.constdata)
    asc2_1206                                0x08008aac   Data        1140  lcd.o(.constdata)
    asc2_1608                                0x08008f20   Data        1520  lcd.o(.constdata)
    asc2_2412                                0x08009510   Data        3420  lcd.o(.constdata)
    TX_ADDRESS                               0x0800a26c   Data           5  24l01.o(.constdata)
    RX_ADDRESS                               0x0800a271   Data           5  24l01.o(.constdata)
    Region$$Table$$Base                      0x0800a2a0   Number         0  anon$$obj.o(Region$$Table)
    Region$$Table$$Limit                     0x0800a2c0   Number         0  anon$$obj.o(Region$$Table)
    SystemCoreClock                          0x20000004   Data           4  system_stm32f4xx.o(.data)
    AHBPrescTable                            0x20000008   Data          16  system_stm32f4xx.o(.data)
    __stdout                                 0x2000002c   Data           4  usart.o(.data)
    USART_RX_STA                             0x20000030   Data           2  usart.o(.data)
    POINT_COLOR                              0x20000032   Data           2  lcd.o(.data)
    BACK_COLOR                               0x20000034   Data           2  lcd.o(.data)
    W25QXX_TYPE                              0x20000036   Data           2  w25qxx.o(.data)
    USART_RX_BUF                             0x20000038   Data         200  usart.o(.bss)
    lcddev                                   0x20000100   Data          14  lcd.o(.bss)
    W25QXX_BUFFER                            0x2000010e   Data        4096  w25qxx.o(.bss)
    __libspace_start                         0x20001110   Data          96  libspace.o(.bss)
    __temporary_stack_top$libspace           0x20001170   Data           0  libspace.o(.bss)



==============================================================================

Memory Map of the image

  Image Entry point : 0x08000189

  Load Region LR_IROM1 (Base: 0x08000000, Size: 0x0000a2f8, Max: 0x00100000, ABSOLUTE)

    Execution Region ER_IROM1 (Base: 0x08000000, Size: 0x0000a2c0, Max: 0x00100000, ABSOLUTE)

    Base Addr    Size         Type   Attr      Idx    E Section Name        Object

    0x08000000   0x00000188   Data   RO          227    RESET               startup_stm32f40_41xxx.o
    0x08000188   0x00000008   Code   RO          782  * !!!main             c_w.l(__main.o)
    0x08000190   0x00000034   Code   RO          974    !!!scatter          c_w.l(__scatter.o)
    0x080001c4   0x0000001a   Code   RO          976    !!handler_copy      c_w.l(__scatter_copy.o)
    0x080001de   0x00000002   PAD
    0x080001e0   0x0000001c   Code   RO          978    !!handler_zi        c_w.l(__scatter_zi.o)
    0x080001fc   0x00000000   Code   RO          779    .ARM.Collect$$_printf_percent$$00000000  c_w.l(_printf_percent.o)
    0x080001fc   0x00000006   Code   RO          778    .ARM.Collect$$_printf_percent$$0000000C  c_w.l(_printf_x.o)
    0x08000202   0x00000004   Code   RO          807    .ARM.Collect$$_printf_percent$$00000017  c_w.l(_printf_percent_end.o)
    0x08000206   0x00000002   Code   RO          849    .ARM.Collect$$libinit$$00000000  c_w.l(libinit.o)
    0x08000208   0x00000004   Code   RO          855    .ARM.Collect$$libinit$$00000001  c_w.l(libinit2.o)
    0x0800020c   0x00000000   Code   RO          858    .ARM.Collect$$libinit$$00000004  c_w.l(libinit2.o)
    0x0800020c   0x00000000   Code   RO          861    .ARM.Collect$$libinit$$0000000A  c_w.l(libinit2.o)
    0x0800020c   0x00000000   Code   RO          863    .ARM.Collect$$libinit$$0000000C  c_w.l(libinit2.o)
    0x0800020c   0x00000000   Code   RO          865    .ARM.Collect$$libinit$$0000000E  c_w.l(libinit2.o)
    0x0800020c   0x00000000   Code   RO          868    .ARM.Collect$$libinit$$00000011  c_w.l(libinit2.o)
    0x0800020c   0x00000000   Code   RO          870    .ARM.Collect$$libinit$$00000013  c_w.l(libinit2.o)
    0x0800020c   0x00000000   Code   RO          872    .ARM.Collect$$libinit$$00000015  c_w.l(libinit2.o)
    0x0800020c   0x00000000   Code   RO          874    .ARM.Collect$$libinit$$00000017  c_w.l(libinit2.o)
    0x0800020c   0x00000000   Code   RO          876    .ARM.Collect$$libinit$$00000019  c_w.l(libinit2.o)
    0x0800020c   0x00000000   Code   RO          878    .ARM.Collect$$libinit$$0000001B  c_w.l(libinit2.o)
    0x0800020c   0x00000000   Code   RO          880    .ARM.Collect$$libinit$$0000001D  c_w.l(libinit2.o)
    0x0800020c   0x00000000   Code   RO          882    .ARM.Collect$$libinit$$0000001F  c_w.l(libinit2.o)
    0x0800020c   0x00000000   Code   RO          884    .ARM.Collect$$libinit$$00000021  c_w.l(libinit2.o)
    0x0800020c   0x00000000   Code   RO          886    .ARM.Collect$$libinit$$00000023  c_w.l(libinit2.o)
    0x0800020c   0x00000000   Code   RO          888    .ARM.Collect$$libinit$$00000025  c_w.l(libinit2.o)
    0x0800020c   0x00000000   Code   RO          892    .ARM.Collect$$libinit$$0000002C  c_w.l(libinit2.o)
    0x0800020c   0x00000000   Code   RO          894    .ARM.Collect$$libinit$$0000002E  c_w.l(libinit2.o)
    0x0800020c   0x00000000   Code   RO          896    .ARM.Collect$$libinit$$00000030  c_w.l(libinit2.o)
    0x0800020c   0x00000000   Code   RO          898    .ARM.Collect$$libinit$$00000032  c_w.l(libinit2.o)
    0x0800020c   0x00000002   Code   RO          899    .ARM.Collect$$libinit$$00000033  c_w.l(libinit2.o)
    0x0800020e   0x00000002   Code   RO          917    .ARM.Collect$$libshutdown$$00000000  c_w.l(libshutdown.o)
    0x08000210   0x00000000   Code   RO          928    .ARM.Collect$$libshutdown$$00000003  c_w.l(libshutdown2.o)
    0x08000210   0x00000000   Code   RO          931    .ARM.Collect$$libshutdown$$00000006  c_w.l(libshutdown2.o)
    0x08000210   0x00000000   Code   RO          934    .ARM.Collect$$libshutdown$$00000009  c_w.l(libshutdown2.o)
    0x08000210   0x00000000   Code   RO          936    .ARM.Collect$$libshutdown$$0000000B  c_w.l(libshutdown2.o)
    0x08000210   0x00000000   Code   RO          939    .ARM.Collect$$libshutdown$$0000000E  c_w.l(libshutdown2.o)
    0x08000210   0x00000002   Code   RO          940    .ARM.Collect$$libshutdown$$0000000F  c_w.l(libshutdown2.o)
    0x08000212   0x00000000   Code   RO          802    .ARM.Collect$$rtentry$$00000000  c_w.l(__rtentry.o)
    0x08000212   0x00000000   Code   RO          818    .ARM.Collect$$rtentry$$00000002  c_w.l(__rtentry2.o)
    0x08000212   0x00000006   Code   RO          830    .ARM.Collect$$rtentry$$00000004  c_w.l(__rtentry4.o)
    0x08000218   0x00000000   Code   RO          820    .ARM.Collect$$rtentry$$00000009  c_w.l(__rtentry2.o)
    0x08000218   0x00000004   Code   RO          821    .ARM.Collect$$rtentry$$0000000A  c_w.l(__rtentry2.o)
    0x0800021c   0x00000000   Code   RO          823    .ARM.Collect$$rtentry$$0000000C  c_w.l(__rtentry2.o)
    0x0800021c   0x00000008   Code   RO          824    .ARM.Collect$$rtentry$$0000000D  c_w.l(__rtentry2.o)
    0x08000224   0x00000002   Code   RO          853    .ARM.Collect$$rtexit$$00000000  c_w.l(rtexit.o)
    0x08000226   0x00000000   Code   RO          901    .ARM.Collect$$rtexit$$00000002  c_w.l(rtexit2.o)
    0x08000226   0x00000004   Code   RO          902    .ARM.Collect$$rtexit$$00000003  c_w.l(rtexit2.o)
    0x0800022a   0x00000006   Code   RO          903    .ARM.Collect$$rtexit$$00000004  c_w.l(rtexit2.o)
    0x08000230   0x00000788   Code   RO            3    .text               main.o
    0x080009b8   0x0000001a   Code   RO          178    .text               stm32f4xx_it.o
    0x080009d2   0x00000002   PAD
    0x080009d4   0x00000210   Code   RO          201    .text               system_stm32f4xx.o
    0x08000be4   0x00000040   Code   RO          228    .text               startup_stm32f40_41xxx.o
    0x08000c24   0x000000e0   Code   RO          234    .text               misc.o
    0x08000d04   0x00000294   Code   RO          280    .text               stm32f4xx_gpio.o
    0x08000f98   0x0000065c   Code   RO          300    .text               stm32f4xx_rcc.o
    0x080015f4   0x00000454   Code   RO          322    .text               stm32f4xx_usart.o
    0x08001a48   0x00000110   Code   RO          342    .text               stm32f4xx_exti.o
    0x08001b58   0x00000094   Code   RO          362    .text               stm32f4xx_syscfg.o
    0x08001bec   0x000005c8   Code   RO          382    .text               stm32f4xx_fsmc.o
    0x080021b4   0x00000464   Code   RO          405    .text               stm32f4xx_adc.o
    0x08002618   0x00000480   Code   RO          425    .text               stm32f4xx_spi.o
    0x08002a98   0x00000104   Code   RO          445    .text               delay.o
    0x08002b9c   0x0000014c   Code   RO          485    .text               usart.o
    0x08002ce8   0x00000040   Code   RO          516    .text               beep.o
    0x08002d28   0x0000004c   Code   RO          536    .text               led.o
    0x08002d74   0x00000058   Code   RO          556    .text               key.o
    0x08002dcc   0x00000044   Code   RO          576    .text               exit.o
    0x08002e10   0x00004c80   Code   RO          596    .text               lcd.o
    0x08007a90   0x00000100   Code   RO          631    .text               adc.o
    0x08007b90   0x000003ec   Code   RO          651    .text               24l01.o
    0x08007f7c   0x00000118   Code   RO          678    .text               spi.o
    0x08008094   0x000003d0   Code   RO          698    .text               w25qxx.o
    0x08008464   0x00000002   Code   RO          729    .text               c_w.l(use_no_semi_2.o)
    0x08008466   0x00000002   PAD
    0x08008468   0x00000018   Code   RO          733    .text               c_w.l(noretval__2printf.o)
    0x08008480   0x00000068   Code   RO          735    .text               c_w.l(__printf.o)
    0x080084e8   0x00000058   Code   RO          740    .text               c_w.l(_printf_hex_int.o)
    0x08008540   0x00000006   Code   RO          780    .text               c_w.l(heapauxi.o)
    0x08008546   0x00000002   Code   RO          800    .text               c_w.l(use_no_semi.o)
    0x08008548   0x000000b2   Code   RO          803    .text               c_w.l(_printf_intcommon.o)
    0x080085fa   0x00000002   PAD
    0x080085fc   0x00000024   Code   RO          805    .text               c_w.l(_printf_char_file.o)
    0x08008620   0x00000030   Code   RO          832    .text               c_w.l(_printf_char_common.o)
    0x08008650   0x00000008   Code   RO          834    .text               c_w.l(ferror.o)
    0x08008658   0x0000004a   Code   RO          838    .text               c_w.l(sys_stackheap_outer.o)
    0x080086a2   0x0000000c   Code   RO          842    .text               c_w.l(exit.o)
    0x080086ae   0x00000002   PAD
    0x080086b0   0x00000008   Code   RO          850    .text               c_w.l(libspace.o)
    0x080086b8   0x00000062   Code   RO          784    x$fpl$d2f           fz_wm.l(d2f.o)
    0x0800871a   0x00000002   PAD
    0x0800871c   0x0000005a   Code   RO          786    x$fpl$dfixu         fz_wm.l(dfixu.o)
    0x08008776   0x00000026   Code   RO          790    x$fpl$dfltu         fz_wm.l(dflt_clz.o)
    0x0800879c   0x00000154   Code   RO          796    x$fpl$dmul          fz_wm.l(dmul.o)
    0x080088f0   0x0000009c   Code   RO          808    x$fpl$dnaninf       fz_wm.l(dnaninf.o)
    0x0800898c   0x0000000c   Code   RO          810    x$fpl$dretinf       fz_wm.l(dretinf.o)
    0x08008998   0x00000056   Code   RO          798    x$fpl$f2d           fz_wm.l(f2d.o)
    0x080089ee   0x0000008c   Code   RO          812    x$fpl$fnaninf       fz_wm.l(fnaninf.o)
    0x08008a7a   0x0000000a   Code   RO          909    x$fpl$fpinit        fz_wm.l(fpinit.o)
    0x08008a84   0x0000000a   Code   RO          814    x$fpl$fretinf       fz_wm.l(fretinf.o)
    0x08008a8e   0x00000000   Code   RO          816    x$fpl$usenofp       fz_wm.l(usenofp.o)
    0x08008a8e   0x00000002   PAD
    0x08008a90   0x0000001c   Data   RO          383    .constdata          stm32f4xx_fsmc.o
    0x08008aac   0x000017c0   Data   RO          598    .constdata          lcd.o
    0x0800a26c   0x0000000a   Data   RO          652    .constdata          24l01.o
    0x0800a276   0x00000028   Data   RO          741    .constdata          c_w.l(_printf_hex_int.o)
    0x0800a29e   0x00000002   PAD
    0x0800a2a0   0x00000020   Data   RO          972    Region$$Table       anon$$obj.o


    Execution Region RW_IRAM1 (Base: 0x20000000, Size: 0x00001770, Max: 0x00020000, ABSOLUTE)

    Base Addr    Size         Type   Attr      Idx    E Section Name        Object

    0x20000000   0x00000002   Data   RW            4    .data               main.o
    0x20000002   0x00000002   PAD
    0x20000004   0x00000014   Data   RW          202    .data               system_stm32f4xx.o
    0x20000018   0x00000010   Data   RW          301    .data               stm32f4xx_rcc.o
    0x20000028   0x00000004   Data   RW          446    .data               delay.o
    0x2000002c   0x00000006   Data   RW          487    .data               usart.o
    0x20000032   0x00000004   Data   RW          599    .data               lcd.o
    0x20000036   0x00000002   Data   RW          700    .data               w25qxx.o
    0x20000038   0x000000c8   Zero   RW          486    .bss                usart.o
    0x20000100   0x0000000e   Zero   RW          597    .bss                lcd.o
    0x2000010e   0x00001000   Zero   RW          699    .bss                w25qxx.o
    0x2000110e   0x00000002   PAD
    0x20001110   0x00000060   Zero   RW          851    .bss                c_w.l(libspace.o)
    0x20001170   0x00000200   Zero   RW          226    HEAP                startup_stm32f40_41xxx.o
    0x20001370   0x00000400   Zero   RW          225    STACK               startup_stm32f40_41xxx.o


==============================================================================

Image component sizes


      Code (inc. data)   RO Data    RW Data    ZI Data      Debug   Object Name

      1004         36         10          0          0       4580   24l01.o
       256         14          0          0          0       1203   adc.o
        64          4          0          0          0        548   beep.o
       260          8          0          4          0       1481   delay.o
        68          0          0          0          0        590   exit.o
        88          8          0          0          0        587   key.o
     19584        174       6080          4         14      22330   lcd.o
        76          6          0          0          0        543   led.o
      1928        306          0          2          0     277878   main.o
       224         20          0          0          0     247253   misc.o
       280          8          0          0          0       1077   spi.o
        64         26        392          0       1536        840   startup_stm32f40_41xxx.o
      1124         24          0          0          0      10534   stm32f4xx_adc.o
       272         10          0          0          0       2303   stm32f4xx_exti.o
      1480         18         28          0          0       5682   stm32f4xx_fsmc.o
       660         44          0          0          0       4137   stm32f4xx_gpio.o
        26          0          0          0          0       1242   stm32f4xx_it.o
      1628         52          0         16          0      12948   stm32f4xx_rcc.o
      1152         36          0          0          0       6885   stm32f4xx_spi.o
       148         12          0          0          0       1865   stm32f4xx_syscfg.o
      1108         34          0          0          0       7836   stm32f4xx_usart.o
       528         46          0         20          0       1843   system_stm32f4xx.o
       332         18          0          6        200       3374   usart.o
       976         36          0          2       4096       4465   w25qxx.o

    ----------------------------------------------------------------------
     33332        940       6542         56       5848     622024   Object Totals
         0          0         32          0          0          0   (incl. Generated)
         2          0          0          2          2          0   (incl. Padding)

    ----------------------------------------------------------------------

      Code (inc. data)   RO Data    RW Data    ZI Data      Debug   Library Member Name

         8          0          0          0          0         68   __main.o
       104          0          0          0          0         84   __printf.o
         0          0          0          0          0          0   __rtentry.o
        12          0          0          0          0          0   __rtentry2.o
         6          0          0          0          0          0   __rtentry4.o
        52          8          0          0          0          0   __scatter.o
        26          0          0          0          0          0   __scatter_copy.o
        28          0          0          0          0          0   __scatter_zi.o
        48          6          0          0          0         96   _printf_char_common.o
        36          4          0          0          0         80   _printf_char_file.o
        88          4         40          0          0         88   _printf_hex_int.o
       178          0          0          0          0         88   _printf_intcommon.o
         0          0          0          0          0          0   _printf_percent.o
         4          0          0          0          0          0   _printf_percent_end.o
         6          0          0          0          0          0   _printf_x.o
        12          0          0          0          0         72   exit.o
         8          0          0          0          0         68   ferror.o
         6          0          0          0          0        152   heapauxi.o
         2          0          0          0          0          0   libinit.o
         6          0          0          0          0          0   libinit2.o
         2          0          0          0          0          0   libshutdown.o
         2          0          0          0          0          0   libshutdown2.o
         8          4          0          0         96         68   libspace.o
        24          4          0          0          0         84   noretval__2printf.o
         2          0          0          0          0          0   rtexit.o
        10          0          0          0          0          0   rtexit2.o
        74          0          0          0          0         80   sys_stackheap_outer.o
         2          0          0          0          0         68   use_no_semi.o
         2          0          0          0          0         68   use_no_semi_2.o
        98          4          0          0          0        140   d2f.o
        90          4          0          0          0        140   dfixu.o
        38          0          0          0          0        116   dflt_clz.o
       340         12          0          0          0        152   dmul.o
       156          4          0          0          0        140   dnaninf.o
        12          0          0          0          0        116   dretinf.o
        86          4          0          0          0        132   f2d.o
       140          4          0          0          0        132   fnaninf.o
        10          0          0          0          0        116   fpinit.o
        10          0          0          0          0        116   fretinf.o
         0          0          0          0          0          0   usenofp.o

    ----------------------------------------------------------------------
      1748         62         42          0         96       2464   Library Totals
        12          0          2          0          0          0   (incl. Padding)

    ----------------------------------------------------------------------

      Code (inc. data)   RO Data    RW Data    ZI Data      Debug   Library Name

       756         30         40          0         96       1164   c_w.l
       980         32          0          0          0       1300   fz_wm.l

    ----------------------------------------------------------------------
      1748         62         42          0         96       2464   Library Totals

    ----------------------------------------------------------------------

==============================================================================


      Code (inc. data)   RO Data    RW Data    ZI Data      Debug   

     35080       1002       6584         56       5944     618368   Grand Totals
     35080       1002       6584         56       5944     618368   ELF Image Totals
     35080       1002       6584         56          0          0   ROM Totals

==============================================================================

    Total RO  Size (Code + RO Data)                41664 (  40.69kB)
    Total RW  Size (RW Data + ZI Data)              6000 (   5.86kB)
    Total ROM Size (Code + RO Data + RW Data)      41720 (  40.74kB)

==============================================================================

